Component: ARM Compiler 5.06 update 6 (build 750) Tool: armlink [4d35ed]

==============================================================================

Section Cross References

    main.o(i.EXTI1_IRQHandler) refers to stm32f10x_exti.o(i.EXTI_GetITStatus) for EXTI_GetITStatus
    main.o(i.EXTI1_IRQHandler) refers to stm32f10x_exti.o(i.EXTI_ClearITPendingBit) for EXTI_ClearITPendingBit
    main.o(i.EXTI1_IRQHandler) refers to main.o(.data) for wheel_count_R
    main.o(i.EXTI9_5_IRQHandler) refers to stm32f10x_exti.o(i.EXTI_GetITStatus) for EXTI_GetITStatus
    main.o(i.EXTI9_5_IRQHandler) refers to stm32f10x_exti.o(i.EXTI_ClearITPendingBit) for EXTI_ClearITPendingBit
    main.o(i.EXTI9_5_IRQHandler) refers to main.o(i.clear_variables) for clear_variables
    main.o(i.EXTI9_5_IRQHandler) refers to functions.o(i.offLight) for offLight
    main.o(i.EXTI9_5_IRQHandler) refers to functions.o(i.stopMotor) for stopMotor
    main.o(i.EXTI9_5_IRQHandler) refers to main.o(.data) for wheel_count_L
    main.o(i.TIM2_IRQHandler) refers to stm32f10x_tim.o(i.TIM_GetITStatus) for TIM_GetITStatus
    main.o(i.TIM2_IRQHandler) refers to functions.o(i.USARTsend) for USARTsend
    main.o(i.TIM2_IRQHandler) refers to main.o(i.move) for move
    main.o(i.TIM2_IRQHandler) refers to stm32f10x_tim.o(i.TIM_ClearITPendingBit) for TIM_ClearITPendingBit
    main.o(i.TIM2_IRQHandler) refers to main.o(.data) for dataReceived
    main.o(i.USART2_IRQHandler) refers to stm32f10x_usart.o(i.USART_GetITStatus) for USART_GetITStatus
    main.o(i.USART2_IRQHandler) refers to stm32f10x_usart.o(i.USART_ReceiveData) for USART_ReceiveData
    main.o(i.USART2_IRQHandler) refers to main.o(i.check_wifiData) for check_wifiData
    main.o(i.USART2_IRQHandler) refers to main.o(.data) for charPos
    main.o(i.USART2_IRQHandler) refers to main.o(.bss) for wifi_data
    main.o(i.check_wifiData) refers to functions.o(i.offLight) for offLight
    main.o(i.check_wifiData) refers to functions.o(i.Hex2Dec) for Hex2Dec
    main.o(i.check_wifiData) refers to functions.o(i.blinkLight) for blinkLight
    main.o(i.check_wifiData) refers to main.o(.bss) for wifi_data
    main.o(i.check_wifiData) refers to main.o(.data) for charPos
    main.o(i.clear_variables) refers to main.o(.data) for carAngle
    main.o(i.main) refers to init.o(i.TIM3_CH12_PWM_init) for TIM3_CH12_PWM_init
    main.o(i.main) refers to init.o(i.TIM2_Init) for TIM2_Init
    main.o(i.main) refers to init.o(i.Left_Wheel_Cnt_init) for Left_Wheel_Cnt_init
    main.o(i.main) refers to init.o(i.Right_Wheel_Cnt_init) for Right_Wheel_Cnt_init
    main.o(i.main) refers to init.o(i.Wheel_Dir_Init) for Wheel_Dir_Init
    main.o(i.main) refers to init.o(i.Button_init) for Button_init
    main.o(i.main) refers to init.o(i.OnBoard_lED_Init) for OnBoard_lED_Init
    main.o(i.main) refers to init.o(i.SPI2_init) for SPI2_init
    main.o(i.main) refers to init.o(i.USART2_init) for USART2_init
    main.o(i.main) refers to functions.o(i.onLight) for onLight
    main.o(i.main) refers to functions.o(i.USARTsend) for USARTsend
    main.o(i.main) refers to main.o(.data) for start
    main.o(i.move) refers to dflt_clz.o(x$fpl$dflt) for __aeabi_i2d
    main.o(i.move) refers to pow.o(i.pow) for pow
    main.o(i.move) refers to daddsub_clz.o(x$fpl$dadd) for __aeabi_dadd
    main.o(i.move) refers to sqrt.o(i.sqrt) for sqrt
    main.o(i.move) refers to ddiv.o(x$fpl$ddiv) for __aeabi_ddiv
    main.o(i.move) refers to asin.o(i.asin) for asin
    main.o(i.move) refers to dmul.o(x$fpl$dmul) for __aeabi_dmul
    main.o(i.move) refers to d2f.o(x$fpl$d2f) for __aeabi_d2f
    main.o(i.move) refers to faddsub_clz.o(x$fpl$fsub) for __aeabi_fsub
    main.o(i.move) refers to faddsub_clz.o(x$fpl$fadd) for __aeabi_fadd
    main.o(i.move) refers to fmul.o(x$fpl$fmul) for __aeabi_fmul
    main.o(i.move) refers to fflt_clz.o(x$fpl$fflt) for __aeabi_i2f
    main.o(i.move) refers to ffix.o(x$fpl$ffix) for __aeabi_f2iz
    main.o(i.move) refers to functions.o(i.powerRight) for powerRight
    main.o(i.move) refers to functions.o(i.powerLeft) for powerLeft
    main.o(i.move) refers to functions.o(i.stopMotor) for stopMotor
    main.o(i.move) refers to main.o(i.clear_variables) for clear_variables
    main.o(i.move) refers to main.o(.data) for state
    init.o(i.Button_init) refers to stm32f10x_rcc.o(i.RCC_APB2PeriphClockCmd) for RCC_APB2PeriphClockCmd
    init.o(i.Button_init) refers to stm32f10x_gpio.o(i.GPIO_Init) for GPIO_Init
    init.o(i.Button_init) refers to stm32f10x_gpio.o(i.GPIO_EXTILineConfig) for GPIO_EXTILineConfig
    init.o(i.Button_init) refers to stm32f10x_exti.o(i.EXTI_Init) for EXTI_Init
    init.o(i.Button_init) refers to init.o(i.__NVIC_EnableIRQ) for __NVIC_EnableIRQ
    init.o(i.Left_Wheel_Cnt_init) refers to stm32f10x_rcc.o(i.RCC_APB2PeriphClockCmd) for RCC_APB2PeriphClockCmd
[...]
    Removing stm32f10x_tim.o(i.TIM_SelectCCDMA), (24 bytes).
    Removing stm32f10x_tim.o(i.TIM_SelectCOM), (24 bytes).
    Removing stm32f10x_tim.o(i.TIM_SelectHallSensor), (24 bytes).
    Removing stm32f10x_tim.o(i.TIM_SelectInputTrigger), (18 bytes).
    Removing stm32f10x_tim.o(i.TIM_SelectMasterSlaveMode), (18 bytes).
    Removing stm32f10x_tim.o(i.TIM_SelectOCxM), (82 bytes).
    Removing stm32f10x_tim.o(i.TIM_SelectOnePulseMode), (18 bytes).
    Removing stm32f10x_tim.o(i.TIM_SelectOutputTrigger), (18 bytes).
    Removing stm32f10x_tim.o(i.TIM_SelectSlaveMode), (18 bytes).
    Removing stm32f10x_tim.o(i.TIM_SetAutoreload), (4 bytes).
    Removing stm32f10x_tim.o(i.TIM_SetClockDivision), (18 bytes).
    Removing stm32f10x_tim.o(i.TIM_SetCompare1), (4 bytes).
    Removing stm32f10x_tim.o(i.TIM_SetCompare2), (4 bytes).
    Removing stm32f10x_tim.o(i.TIM_SetCompare3), (4 bytes).
    Removing stm32f10x_tim.o(i.TIM_SetCompare4), (6 bytes).
    Removing stm32f10x_tim.o(i.TIM_SetCounter), (4 bytes).
    Removing stm32f10x_tim.o(i.TIM_SetIC1Prescaler), (18 bytes).
    Removing stm32f10x_tim.o(i.TIM_SetIC2Prescaler), (26 bytes).
    Removing stm32f10x_tim.o(i.TIM_SetIC3Prescaler), (18 bytes).
    Removing stm32f10x_tim.o(i.TIM_SetIC4Prescaler), (26 bytes).
    Removing stm32f10x_tim.o(i.TIM_TIxExternalClockConfig), (62 bytes).
    Removing stm32f10x_tim.o(i.TIM_TimeBaseStructInit), (18 bytes).
    Removing stm32f10x_tim.o(i.TIM_UpdateDisableConfig), (24 bytes).
    Removing stm32f10x_tim.o(i.TIM_UpdateRequestConfig), (24 bytes).
    Removing stm32f10x_usart.o(.rev16_text), (4 bytes).
    Removing stm32f10x_usart.o(.revsh_text), (4 bytes).
    Removing stm32f10x_usart.o(.rrx_text), (6 bytes).
    Removing stm32f10x_usart.o(i.USART_ClearFlag), (18 bytes).
    Removing stm32f10x_usart.o(i.USART_ClearITPendingBit), (30 bytes).
    Removing stm32f10x_usart.o(i.USART_ClockInit), (34 bytes).
    Removing stm32f10x_usart.o(i.USART_ClockStructInit), (12 bytes).
    Removing stm32f10x_usart.o(i.USART_DMACmd), (18 bytes).
    Removing stm32f10x_usart.o(i.USART_DeInit), (156 bytes).
    Removing stm32f10x_usart.o(i.USART_HalfDuplexCmd), (24 bytes).
    Removing stm32f10x_usart.o(i.USART_IrDACmd), (24 bytes).
    Removing stm32f10x_usart.o(i.USART_IrDAConfig), (18 bytes).
    Removing stm32f10x_usart.o(i.USART_LINBreakDetectLengthConfig), (18 bytes).
    Removing stm32f10x_usart.o(i.USART_LINCmd), (24 bytes).
    Removing stm32f10x_usart.o(i.USART_OneBitMethodCmd), (24 bytes).
    Removing stm32f10x_usart.o(i.USART_OverSampling8Cmd), (22 bytes).
    Removing stm32f10x_usart.o(i.USART_ReceiverWakeUpCmd), (24 bytes).
    Removing stm32f10x_usart.o(i.USART_SendBreak), (10 bytes).
    Removing stm32f10x_usart.o(i.USART_SetAddress), (18 bytes).
    Removing stm32f10x_usart.o(i.USART_SetGuardTime), (16 bytes).
    Removing stm32f10x_usart.o(i.USART_SetPrescaler), (16 bytes).
    Removing stm32f10x_usart.o(i.USART_SmartCardCmd), (24 bytes).
    Removing stm32f10x_usart.o(i.USART_SmartCardNACKCmd), (24 bytes).
    Removing stm32f10x_usart.o(i.USART_StructInit), (24 bytes).
    Removing stm32f10x_usart.o(i.USART_WakeUpConfig), (18 bytes).
    Removing system_stm32f10x.o(.rev16_text), (4 bytes).
    Removing system_stm32f10x.o(.revsh_text), (4 bytes).
    Removing system_stm32f10x.o(.rrx_text), (6 bytes).
    Removing system_stm32f10x.o(i.SystemCoreClockUpdate), (164 bytes).
    Removing system_stm32f10x.o(.data), (20 bytes).

280 unused section(s) (total 8522 bytes) removed from the image.

==============================================================================

Image Symbol Table

    Local Symbols

    Symbol Name                              Value     Ov Type        Size  Object(Section)

    ../clib/angel/boardlib.s                 0x00000000   Number         0  boardinit1.o ABSOLUTE
    ../clib/angel/boardlib.s                 0x00000000   Number         0  boardshut.o ABSOLUTE
    ../clib/angel/boardlib.s                 0x00000000   Number         0  boardinit2.o ABSOLUTE
    ../clib/angel/boardlib.s                 0x00000000   Number         0  boardinit3.o ABSOLUTE
    ../clib/angel/handlers.s                 0x00000000   Number         0  __scatter_copy.o ABSOLUTE
    ../clib/angel/handlers.s                 0x00000000   Number         0  __scatter_zi.o ABSOLUTE
    ../clib/angel/kernel.s                   0x00000000   Number         0  rtexit.o ABSOLUTE
    ../clib/angel/kernel.s                   0x00000000   Number         0  __rtentry.o ABSOLUTE
    ../clib/angel/kernel.s                   0x00000000   Number         0  __rtentry4.o ABSOLUTE
    ../clib/angel/kernel.s                   0x00000000   Number         0  __rtentry2.o ABSOLUTE
    ../clib/angel/kernel.s                   0x00000000   Number         0  rtexit2.o ABSOLUTE
    ../clib/angel/rt.s                       0x00000000   Number         0  rt_raise.o ABSOLUTE
    ../clib/angel/rt.s                       0x00000000   Number         0  rt_errno_addr.o ABSOLUTE
    ../clib/angel/rt.s                       0x00000000   Number         0  rt_errno_addr_intlibspace.o ABSOLUTE
    ../clib/angel/scatter.s                  0x00000000   Number         0  __scatter.o ABSOLUTE
    ../clib/angel/startup.s                  0x00000000   Number         0  __main.o ABSOLUTE
    ../clib/angel/sys.s                      0x00000000   Number         0  libspace.o ABSOLUTE
    ../clib/angel/sys.s                      0x00000000   Number         0  indicate_semi.o ABSOLUTE
    ../clib/angel/sys.s                      0x00000000   Number         0  sys_stackheap_outer.o ABSOLUTE
    ../clib/angel/sys.s                      0x00000000   Number         0  use_no_semi.o ABSOLUTE
    ../clib/angel/sysapp.c                   0x00000000   Number         0  sys_exit.o ABSOLUTE
    ../clib/angel/sysapp.c                   0x00000000   Number         0  sys_wrch.o ABSOLUTE
    ../clib/angel/sysapp.c                   0x00000000   Number         0  sys_command.o ABSOLUTE
    ../clib/armsys.c                         0x00000000   Number         0  argv_veneer.o ABSOLUTE
    ../clib/armsys.c                         0x00000000   Number         0  argv_veneer.o ABSOLUTE
    ../clib/armsys.c                         0x00000000   Number         0  no_argv.o ABSOLUTE
    ../clib/armsys.c                         0x00000000   Number         0  _get_argv_nomalloc.o ABSOLUTE
    ../clib/fenv.c                           0x00000000   Number         0  _rserrno.o ABSOLUTE
    ../clib/heapalloc.c                      0x00000000   Number         0  hrguard.o ABSOLUTE
    ../clib/heapaux.c                        0x00000000   Number         0  heapauxi.o ABSOLUTE
    ../clib/libinit.s                        0x00000000   Number         0  libshutdown2.o ABSOLUTE
    ../clib/libinit.s                        0x00000000   Number         0  libinit.o ABSOLUTE
    ../clib/libinit.s                        0x00000000   Number         0  libinit2.o ABSOLUTE
    ../clib/libinit.s                        0x00000000   Number         0  libshutdown.o ABSOLUTE
    ../clib/signal.c                         0x00000000   Number         0  defsig_general.o ABSOLUTE
    ../clib/signal.c                         0x00000000   Number         0  __raise.o ABSOLUTE
    ../clib/signal.c                         0x00000000   Number         0  defsig_rtmem_inner.o ABSOLUTE
    ../clib/signal.c                         0x00000000   Number         0  defsig_exit.o ABSOLUTE
    ../clib/signal.c                         0x00000000   Number         0  defsig_rtmem_formal.o ABSOLUTE
    ../clib/signal.c                         0x00000000   Number         0  defsig_rtmem_outer.o ABSOLUTE
    ../clib/signal.c                         0x00000000   Number         0  defsig_abrt_inner.o ABSOLUTE
    ../clib/signal.c                         0x00000000   Number         0  defsig_rtred_inner.o ABSOLUTE
    ../clib/signal.c                         0x00000000   Number         0  defsig_stak_inner.o ABSOLUTE
    ../clib/signal.c                         0x00000000   Number         0  defsig_pvfn_inner.o ABSOLUTE
    ../clib/signal.c                         0x00000000   Number         0  defsig_cppl_inner.o ABSOLUTE
    ../clib/signal.c                         0x00000000   Number         0  defsig_segv_inner.o ABSOLUTE
    ../clib/signal.c                         0x00000000   Number         0  defsig_other.o ABSOLUTE
    ../clib/signal.c                         0x00000000   Number         0  defsig_fpe_inner.o ABSOLUTE
    ../clib/signal.s                         0x00000000   Number         0  defsig.o ABSOLUTE
    ../clib/stdlib.c                         0x00000000   Number         0  exit.o ABSOLUTE
    ../fplib/d2f.s                           0x00000000   Number         0  d2f.o ABSOLUTE
    ../fplib/daddsub.s                       0x00000000   Number         0  daddsub_clz.o ABSOLUTE
    ../fplib/dcheck1.s                       0x00000000   Number         0  dcheck1.o ABSOLUTE
    ../fplib/dcmpi.s                         0x00000000   Number         0  dcmpi.o ABSOLUTE
    ../fplib/ddiv.s                          0x00000000   Number         0  ddiv.o ABSOLUTE
    ../fplib/dflt.s                          0x00000000   Number         0  dflt_clz.o ABSOLUTE
    ../fplib/dleqf.s                         0x00000000   Number         0  dleqf.o ABSOLUTE
    ../fplib/dmul.s                          0x00000000   Number         0  dmul.o ABSOLUTE
    ../fplib/dnaninf.s                       0x00000000   Number         0  dnaninf.o ABSOLUTE
    ../fplib/dretinf.s                       0x00000000   Number         0  dretinf.o ABSOLUTE
    ../fplib/drleqf.s                        0x00000000   Number         0  drleqf.o ABSOLUTE
    ../fplib/dsqrt.s                         0x00000000   Number         0  dsqrt_noumaal.o ABSOLUTE
    ../fplib/faddsub.s                       0x00000000   Number         0  faddsub_clz.o ABSOLUTE
    ../fplib/ffix.s                          0x00000000   Number         0  ffix.o ABSOLUTE
    ../fplib/fflt.s                          0x00000000   Number         0  fflt_clz.o ABSOLUTE
    ../fplib/fmul.s                          0x00000000   Number         0  fmul.o ABSOLUTE
    ../fplib/fnaninf.s                       0x00000000   Number         0  fnaninf.o ABSOLUTE
    ../fplib/fpinit.s                        0x00000000   Number         0  fpinit.o ABSOLUTE
    ../fplib/fretinf.s                       0x00000000   Number         0  fretinf.o ABSOLUTE
    ../fplib/retnan.s                        0x00000000   Number         0  retnan.o ABSOLUTE
    ../fplib/scalbn.s                        0x00000000   Number         0  scalbn.o ABSOLUTE
    ../fplib/trapv.s                         0x00000000   Number         0  trapv.o ABSOLUTE
    ../fplib/usenofp.s                       0x00000000   Number         0  usenofp.o ABSOLUTE
    ../mathlib/asin.c                        0x00000000   Number         0  asin_x.o ABSOLUTE
    ../mathlib/asin.c                        0x00000000   Number         0  asin.o ABSOLUTE
    ../mathlib/dunder.c                      0x00000000   Number         0  dunder.o ABSOLUTE
    ../mathlib/fpclassify.c                  0x00000000   Number         0  fpclassify.o ABSOLUTE
    ../mathlib/poly.c                        0x00000000   Number         0  poly.o ABSOLUTE
    ../mathlib/pow.c                         0x00000000   Number         0  pow.o ABSOLUTE
    ../mathlib/pow.c                         0x00000000   Number         0  pow_x.o ABSOLUTE
    ../mathlib/qnan.c                        0x00000000   Number         0  qnan.o ABSOLUTE
    ../mathlib/sqrt.c                        0x00000000   Number         0  sqrt_x.o ABSOLUTE
    ../mathlib/sqrt.c                        0x00000000   Number         0  sqrt.o ABSOLUTE
    D:\Keil\ARM\PACK\Keil\STM32F1xx_DFP\2.3.0\Device\StdPeriph_Driver\src\misc.c 0x00000000   Number         0  misc.o ABSOLUTE
    D:\Keil\ARM\PACK\Keil\STM32F1xx_DFP\2.3.0\Device\StdPeriph_Driver\src\stm32f10x_adc.c 0x00000000   Number         0  stm32f10x_adc.o ABSOLUTE
    D:\Keil\ARM\PACK\Keil\STM32F1xx_DFP\2.3.0\Device\StdPeriph_Driver\src\stm32f10x_dac.c 0x00000000   Number         0  stm32f10x_dac.o ABSOLUTE
    D:\Keil\ARM\PACK\Keil\STM32F1xx_DFP\2.3.0\Device\StdPeriph_Driver\src\stm32f10x_dma.c 0x00000000   Number         0  stm32f10x_dma.o ABSOLUTE
    D:\Keil\ARM\PACK\Keil\STM32F1xx_DFP\2.3.0\Device\StdPeriph_Driver\src\stm32f10x_exti.c 0x00000000   Number         0  stm32f10x_exti.o ABSOLUTE
    D:\Keil\ARM\PACK\Keil\STM32F1xx_DFP\2.3.0\Device\StdPeriph_Driver\src\stm32f10x_gpio.c 0x00000000   Number         0  stm32f10x_gpio.o ABSOLUTE
    D:\Keil\ARM\PACK\Keil\STM32F1xx_DFP\2.3.0\Device\StdPeriph_Driver\src\stm32f10x_rcc.c 0x00000000   Number         0  stm32f10x_rcc.o ABSOLUTE
    D:\Keil\ARM\PACK\Keil\STM32F1xx_DFP\2.3.0\Device\StdPeriph_Driver\src\stm32f10x_spi.c 0x00000000   Number         0  stm32f10x_spi.o ABSOLUTE
    D:\Keil\ARM\PACK\Keil\STM32F1xx_DFP\2.3.0\Device\StdPeriph_Driver\src\stm32f10x_tim.c 0x00000000   Number         0  stm32f10x_tim.o ABSOLUTE
    D:\Keil\ARM\PACK\Keil\STM32F1xx_DFP\2.3.0\Device\StdPeriph_Driver\src\stm32f10x_usart.c 0x00000000   Number         0  stm32f10x_usart.o ABSOLUTE
    D:\\Keil\\ARM\\PACK\\Keil\\STM32F1xx_DFP\\2.3.0\\Device\\StdPeriph_Driver\\src\\misc.c 0x00000000   Number         0  misc.o ABSOLUTE
    D:\\Keil\\ARM\\PACK\\Keil\\STM32F1xx_DFP\\2.3.0\\Device\\StdPeriph_Driver\\src\\stm32f10x_adc.c 0x00000000   Number         0  stm32f10x_adc.o ABSOLUTE
    D:\\Keil\\ARM\\PACK\\Keil\\STM32F1xx_DFP\\2.3.0\\Device\\StdPeriph_Driver\\src\\stm32f10x_dac.c 0x00000000   Number         0  stm32f10x_dac.o ABSOLUTE
    D:\\Keil\\ARM\\PACK\\Keil\\STM32F1xx_DFP\\2.3.0\\Device\\StdPeriph_Driver\\src\\stm32f10x_dma.c 0x00000000   Number         0  stm32f10x_dma.o ABSOLUTE
    D:\\Keil\\ARM\\PACK\\Keil\\STM32F1xx_DFP\\2.3.0\\Device\\StdPeriph_Driver\\src\\stm32f10x_exti.c 0x00000000   Number         0  stm32f10x_exti.o ABSOLUTE
    D:\\Keil\\ARM\\PACK\\Keil\\STM32F1xx_DFP\\2.3.0\\Device\\StdPeriph_Driver\\src\\stm32f10x_gpio.c 0x00000000   Number         0  stm32f10x_gpio.o ABSOLUTE
    D:\\Keil\\ARM\\PACK\\Keil\\STM32F1xx_DFP\\2.3.0\\Device\\StdPeriph_Driver\\src\\stm32f10x_rcc.c 0x00000000   Number         0  stm32f10x_rcc.o ABSOLUTE
    D:\\Keil\\ARM\\PACK\\Keil\\STM32F1xx_DFP\\2.3.0\\Device\\StdPeriph_Driver\\src\\stm32f10x_spi.c 0x00000000   Number         0  stm32f10x_spi.o ABSOLUTE
    D:\\Keil\\ARM\\PACK\\Keil\\STM32F1xx_DFP\\2.3.0\\Device\\StdPeriph_Driver\\src\\stm32f10x_tim.c 0x00000000   Number         0  stm32f10x_tim.o ABSOLUTE
    D:\\Keil\\ARM\\PACK\\Keil\\STM32F1xx_DFP\\2.3.0\\Device\\StdPeriph_Driver\\src\\stm32f10x_usart.c 0x00000000   Number         0  stm32f10x_usart.o ABSOLUTE
    RTE\Device\STM32F103RB\startup_stm32f10x_md.s 0x00000000   Number         0  startup_stm32f10x_md.o ABSOLUTE
    RTE\Device\STM32F103RB\system_stm32f10x.c 0x00000000   Number         0  system_stm32f10x.o ABSOLUTE
    RTE\\Device\\STM32F103RB\\system_stm32f10x.c 0x00000000   Number         0  system_stm32f10x.o ABSOLUTE
    dc.s                                     0x00000000   Number         0  dc.o ABSOLUTE
    functions.c                              0x00000000   Number         0  functions.o ABSOLUTE
    functions.c                              0x00000000   Number         0  functions.o ABSOLUTE
    init.c                                   0x00000000   Number         0  init.o ABSOLUTE
    init.c                                   0x00000000   Number         0  init.o ABSOLUTE
    main.c                                   0x00000000   Number         0  main.o ABSOLUTE
    main.c                                   0x00000000   Number         0  main.o ABSOLUTE
    RESET                                    0x08000000   Section      236  startup_stm32f10x_md.o(RESET)
    !!!main                                  0x080000ec   Section        8  __main.o(!!!main)
    !!!scatter                               0x080000f4   Section       52  __scatter.o(!!!scatter)
    !!handler_copy                           0x08000128   Section       26  __scatter_copy.o(!!handler_copy)
    !!handler_zi                             0x08000144   Section       28  __scatter_zi.o(!!handler_zi)
    .ARM.Collect$$libinit$$00000000          0x08000160   Section        2  libinit.o(.ARM.Collect$$libinit$$00000000)
    .ARM.Collect$$libinit$$00000002          0x08000162   Section        0  libinit2.o(.ARM.Collect$$libinit$$00000002)
    .ARM.Collect$$libinit$$00000004          0x08000162   Section        0  libinit2.o(.ARM.Collect$$libinit$$00000004)
    .ARM.Collect$$libinit$$0000000A          0x08000162   Section        0  libinit2.o(.ARM.Collect$$libinit$$0000000A)
    .ARM.Collect$$libinit$$0000000C          0x08000162   Section        0  libinit2.o(.ARM.Collect$$libinit$$0000000C)
    .ARM.Collect$$libinit$$0000000E          0x08000162   Section        0  libinit2.o(.ARM.Collect$$libinit$$0000000E)
    .ARM.Collect$$libinit$$00000011          0x08000162   Section        0  libinit2.o(.ARM.Collect$$libinit$$00000011)
    .ARM.Collect$$libinit$$00000013          0x08000162   Section        0  libinit2.o(.ARM.Collect$$libinit$$00000013)
    .ARM.Collect$$libinit$$00000015          0x08000162   Section        0  libinit2.o(.ARM.Collect$$libinit$$00000015)
    .ARM.Collect$$libinit$$00000017          0x08000162   Section        0  libinit2.o(.ARM.Collect$$libinit$$00000017)
    .ARM.Collect$$libinit$$00000019          0x08000162   Section        0  libinit2.o(.ARM.Collect$$libinit$$00000019)
    .ARM.Collect$$libinit$$0000001B          0x08000162   Section        0  libinit2.o(.ARM.Collect$$libinit$$0000001B)
    .ARM.Collect$$libinit$$0000001D          0x08000162   Section        0  libinit2.o(.ARM.Collect$$libinit$$0000001D)
    .ARM.Collect$$libinit$$0000001F          0x08000162   Section        0  libinit2.o(.ARM.Collect$$libinit$$0000001F)
    .ARM.Collect$$libinit$$00000021          0x08000162   Section        0  libinit2.o(.ARM.Collect$$libinit$$00000021)
    .ARM.Collect$$libinit$$00000023          0x08000162   Section        0  libinit2.o(.ARM.Collect$$libinit$$00000023)
    .ARM.Collect$$libinit$$00000025          0x08000162   Section        0  libinit2.o(.ARM.Collect$$libinit$$00000025)
    .ARM.Collect$$libinit$$0000002C          0x08000162   Section        0  libinit2.o(.ARM.Collect$$libinit$$0000002C)
    .ARM.Collect$$libinit$$0000002E          0x08000162   Section        0  libinit2.o(.ARM.Collect$$libinit$$0000002E)
    .ARM.Collect$$libinit$$00000030          0x08000162   Section        0  libinit2.o(.ARM.Collect$$libinit$$00000030)
    .ARM.Collect$$libinit$$00000032          0x08000162   Section        0  libinit2.o(.ARM.Collect$$libinit$$00000032)
    .ARM.Collect$$libinit$$00000033          0x08000162   Section        2  libinit2.o(.ARM.Collect$$libinit$$00000033)
    .ARM.Collect$$libshutdown$$00000000      0x08000164   Section        2  libshutdown.o(.ARM.Collect$$libshutdown$$00000000)
    .ARM.Collect$$libshutdown$$00000002      0x08000166   Section        0  libshutdown2.o(.ARM.Collect$$libshutdown$$00000002)
    .ARM.Collect$$libshutdown$$00000004      0x08000166   Section        0  libshutdown2.o(.ARM.Collect$$libshutdown$$00000004)
    .ARM.Collect$$libshutdown$$00000007      0x08000166   Section        0  libshutdown2.o(.ARM.Collect$$libshutdown$$00000007)
    .ARM.Collect$$libshutdown$$0000000A      0x08000166   Section        0  libshutdown2.o(.ARM.Collect$$libshutdown$$0000000A)
    .ARM.Collect$$libshutdown$$0000000C      0x08000166   Section        0  libshutdown2.o(.ARM.Collect$$libshutdown$$0000000C)
    .ARM.Collect$$libshutdown$$0000000F      0x08000166   Section        0  libshutdown2.o(.ARM.Collect$$libshutdown$$0000000F)
    .ARM.Collect$$libshutdown$$00000010      0x08000166   Section        2  libshutdown2.o(.ARM.Collect$$libshutdown$$00000010)
    .ARM.Collect$$rtentry$$00000000          0x08000168   Section        0  __rtentry.o(.ARM.Collect$$rtentry$$00000000)
    .ARM.Collect$$rtentry$$00000002          0x08000168   Section        0  __rtentry2.o(.ARM.Collect$$rtentry$$00000002)
    .ARM.Collect$$rtentry$$00000004          0x08000168   Section        6  __rtentry4.o(.ARM.Collect$$rtentry$$00000004)
    .ARM.Collect$$rtentry$$00000009          0x0800016e   Section        0  __rtentry2.o(.ARM.Collect$$rtentry$$00000009)
    .ARM.Collect$$rtentry$$0000000A          0x0800016e   Section        4  __rtentry2.o(.ARM.Collect$$rtentry$$0000000A)
    .ARM.Collect$$rtentry$$0000000C          0x08000172   Section        0  __rtentry2.o(.ARM.Collect$$rtentry$$0000000C)
    .ARM.Collect$$rtentry$$0000000D          0x08000172   Section        8  __rtentry2.o(.ARM.Collect$$rtentry$$0000000D)
    .ARM.Collect$$rtexit$$00000000           0x0800017a   Section        2  rtexit.o(.ARM.Collect$$rtexit$$00000000)
    .ARM.Collect$$rtexit$$00000002           0x0800017c   Section        0  rtexit2.o(.ARM.Collect$$rtexit$$00000002)
    .ARM.Collect$$rtexit$$00000003           0x0800017c   Section        4  rtexit2.o(.ARM.Collect$$rtexit$$00000003)
    .ARM.Collect$$rtexit$$00000004           0x08000180   Section        6  rtexit2.o(.ARM.Collect$$rtexit$$00000004)
    .text                                    0x08000188   Section       64  startup_stm32f10x_md.o(.text)
    .text                                    0x080001c8   Section        0  heapauxi.o(.text)
    .text                                    0x080001ce   Section        0  _rserrno.o(.text)
    .text                                    0x080001e4   Section        8  rt_errno_addr_intlibspace.o(.text)
    .text                                    0x080001ec   Section        8  libspace.o(.text)
    .text                                    0x080001f4   Section       74  sys_stackheap_outer.o(.text)
    .text                                    0x0800023e   Section        0  exit.o(.text)
    .text                                    0x08000250   Section        0  sys_exit.o(.text)
    .text                                    0x0800025c   Section        2  use_no_semi.o(.text)
    .text                                    0x0800025e   Section        0  indicate_semi.o(.text)
    i.Button_init                            0x08000260   Section        0  init.o(i.Button_init)
    i.EXTI1_IRQHandler                       0x080002b8   Section        0  main.o(i.EXTI1_IRQHandler)
    i.EXTI9_5_IRQHandler                     0x080002d8   Section        0  main.o(i.EXTI9_5_IRQHandler)
    i.EXTI_ClearITPendingBit                 0x0800035c   Section        0  stm32f10x_exti.o(i.EXTI_ClearITPendingBit)
    i.EXTI_GetITStatus                       0x08000368   Section        0  stm32f10x_exti.o(i.EXTI_GetITStatus)
    i.EXTI_Init                              0x08000390   Section        0  stm32f10x_exti.o(i.EXTI_Init)
    i.GPIO_EXTILineConfig                    0x08000424   Section        0  stm32f10x_gpio.o(i.GPIO_EXTILineConfig)
    i.GPIO_Init                              0x08000464   Section        0  stm32f10x_gpio.o(i.GPIO_Init)
    i.GPIO_ReadOutputDataBit                 0x0800057a   Section        0  stm32f10x_gpio.o(i.GPIO_ReadOutputDataBit)
    i.GPIO_WriteBit                          0x0800058c   Section        0  stm32f10x_gpio.o(i.GPIO_WriteBit)
    i.Hex2Dec                                0x08000596   Section        0  functions.o(i.Hex2Dec)
    i.Left_Wheel_Cnt_init                    0x080005b4   Section        0  init.o(i.Left_Wheel_Cnt_init)
    i.NVIC_Init                              0x0800061c   Section        0  misc.o(i.NVIC_Init)
    i.OnBoard_lED_Init                       0x0800068c   Section        0  init.o(i.OnBoard_lED_Init)
    i.RCC_APB1PeriphClockCmd                 0x080006b8   Section        0  stm32f10x_rcc.o(i.RCC_APB1PeriphClockCmd)
    i.RCC_APB2PeriphClockCmd                 0x080006d8   Section        0  stm32f10x_rcc.o(i.RCC_APB2PeriphClockCmd)
    i.RCC_GetClocksFreq                      0x080006f8   Section        0  stm32f10x_rcc.o(i.RCC_GetClocksFreq)
    i.Right_Wheel_Cnt_init                   0x080007cc   Section        0  init.o(i.Right_Wheel_Cnt_init)
    i.SPI2_init                              0x08000834   Section        0  init.o(i.SPI2_init)
    i.SPI_Cmd                                0x080008dc   Section        0  stm32f10x_spi.o(i.SPI_Cmd)
    i.SPI_Init                               0x080008f4   Section        0  stm32f10x_spi.o(i.SPI_Init)
    i.SetSysClock                            0x08000930   Section        0  system_stm32f10x.o(i.SetSysClock)
    SetSysClock                              0x08000931   Thumb Code     8  system_stm32f10x.o(i.SetSysClock)
    i.SetSysClockTo72                        0x08000938   Section        0  system_stm32f10x.o(i.SetSysClockTo72)
    SetSysClockTo72                          0x08000939   Thumb Code   214  system_stm32f10x.o(i.SetSysClockTo72)
    i.SystemInit                             0x08000a18   Section        0  system_stm32f10x.o(i.SystemInit)
    i.TIM2_IRQHandler                        0x08000a78   Section        0  main.o(i.TIM2_IRQHandler)
    i.TIM2_Init                              0x08000b90   Section        0  init.o(i.TIM2_Init)
    i.TIM3_CH12_PWM_init                     0x08000be0   Section        0  init.o(i.TIM3_CH12_PWM_init)
    i.TIM_ClearITPendingBit                  0x08000cb4   Section        0  stm32f10x_tim.o(i.TIM_ClearITPendingBit)
    i.TIM_Cmd                                0x08000cba   Section        0  stm32f10x_tim.o(i.TIM_Cmd)
    i.TIM_GetITStatus                        0x08000cd2   Section        0  stm32f10x_tim.o(i.TIM_GetITStatus)
    i.TIM_ITConfig                           0x08000cf4   Section        0  stm32f10x_tim.o(i.TIM_ITConfig)
    i.TIM_OC1Init                            0x08000d08   Section        0  stm32f10x_tim.o(i.TIM_OC1Init)
    i.TIM_OC1PreloadConfig                   0x08000da0   Section        0  stm32f10x_tim.o(i.TIM_OC1PreloadConfig)
    i.TIM_OC2Init                            0x08000db4   Section        0  stm32f10x_tim.o(i.TIM_OC2Init)
    i.TIM_OC2PreloadConfig                   0x08000e58   Section        0  stm32f10x_tim.o(i.TIM_OC2PreloadConfig)
    i.TIM_TimeBaseInit                       0x08000e74   Section        0  stm32f10x_tim.o(i.TIM_TimeBaseInit)
    i.USART2_IRQHandler                      0x08000f18   Section        0  main.o(i.USART2_IRQHandler)
    i.USART2_init                            0x08000f50   Section        0  init.o(i.USART2_init)
    i.USART_Cmd                              0x08000ff4   Section        0  stm32f10x_usart.o(i.USART_Cmd)
    i.USART_GetFlagStatus                    0x0800100c   Section        0  stm32f10x_usart.o(i.USART_GetFlagStatus)
    i.USART_GetITStatus                      0x08001026   Section        0  stm32f10x_usart.o(i.USART_GetITStatus)
    i.USART_ITConfig                         0x0800107a   Section        0  stm32f10x_usart.o(i.USART_ITConfig)
    i.USART_Init                             0x080010c4   Section        0  stm32f10x_usart.o(i.USART_Init)
    i.USART_ReceiveData                      0x0800119c   Section        0  stm32f10x_usart.o(i.USART_ReceiveData)
    i.USART_SendData                         0x080011a6   Section        0  stm32f10x_usart.o(i.USART_SendData)
    i.USARTsend                              0x080011b0   Section        0  functions.o(i.USARTsend)
    i.Wheel_Dir_Init                         0x080011e0   Section        0  init.o(i.Wheel_Dir_Init)
    i.__ARM_fpclassify                       0x0800122c   Section        0  fpclassify.o(i.__ARM_fpclassify)
    i.__NVIC_EnableIRQ                       0x08001254   Section        0  init.o(i.__NVIC_EnableIRQ)
    __NVIC_EnableIRQ                         0x08001255   Thumb Code    26  init.o(i.__NVIC_EnableIRQ)
    i.__kernel_poly                          0x0800126e   Section        0  poly.o(i.__kernel_poly)
    i.__mathlib_dbl_divzero                  0x08001318   Section        0  dunder.o(i.__mathlib_dbl_divzero)
    i.__mathlib_dbl_infnan                   0x08001328   Section        0  dunder.o(i.__mathlib_dbl_infnan)
    i.__mathlib_dbl_infnan2                  0x0800132e   Section        0  dunder.o(i.__mathlib_dbl_infnan2)
    i.__mathlib_dbl_invalid                  0x08001332   Section        0  dunder.o(i.__mathlib_dbl_invalid)
    i.__mathlib_dbl_overflow                 0x0800133e   Section        0  dunder.o(i.__mathlib_dbl_overflow)
    i.__mathlib_dbl_underflow                0x0800134c   Section        0  dunder.o(i.__mathlib_dbl_underflow)
    i.asin                                   0x0800135c   Section        0  asin.o(i.asin)
    i.blinkLight                             0x080015cc   Section        0  functions.o(i.blinkLight)
    i.check_wifiData                         0x080015f4   Section        0  main.o(i.check_wifiData)
    i.clear_variables                        0x08001a4c   Section        0  main.o(i.clear_variables)
    i.main                                   0x08001a90   Section        0  main.o(i.main)
    i.move                                   0x08001ad4   Section        0  main.o(i.move)
    i.offLight                               0x08002834   Section        0  functions.o(i.offLight)
    i.onLight                                0x08002848   Section        0  functions.o(i.onLight)
    i.pow                                    0x0800285c   Section        0  pow.o(i.pow)
    i.powerLeft                              0x08003234   Section        0  functions.o(i.powerLeft)
    i.powerRight                             0x08003258   Section        0  functions.o(i.powerRight)
    i.setBackwardLeft                        0x0800327c   Section        0  functions.o(i.setBackwardLeft)
    i.setBackwardRight                       0x08003290   Section        0  functions.o(i.setBackwardRight)
    i.setForwardLeft                         0x080032a4   Section        0  functions.o(i.setForwardLeft)
    i.setForwardRight                        0x080032b8   Section        0  functions.o(i.setForwardRight)
    i.sqrt                                   0x080032cc   Section        0  sqrt.o(i.sqrt)
    i.stopMotor                              0x08003318   Section        0  functions.o(i.stopMotor)
    x$fpl$d2f                                0x08003328   Section       98  d2f.o(x$fpl$d2f)
    x$fpl$dadd                               0x0800338c   Section      336  daddsub_clz.o(x$fpl$dadd)
    _dadd1                                   0x0800339d   Thumb Code     0  daddsub_clz.o(x$fpl$dadd)
    x$fpl$dcheck1                            0x080034dc   Section       16  dcheck1.o(x$fpl$dcheck1)
    x$fpl$dcmpinf                            0x080034ec   Section       24  dcmpi.o(x$fpl$dcmpinf)
    x$fpl$ddiv                               0x08003504   Section      688  ddiv.o(x$fpl$ddiv)
    ddiv_entry                               0x0800350b   Thumb Code     0  ddiv.o(x$fpl$ddiv)
    x$fpl$dflt                               0x080037b4   Section       46  dflt_clz.o(x$fpl$dflt)
    x$fpl$dleqf                              0x080037e4   Section      120  dleqf.o(x$fpl$dleqf)
    x$fpl$dmul                               0x0800385c   Section      340  dmul.o(x$fpl$dmul)
    x$fpl$dnaninf                            0x080039b0   Section      156  dnaninf.o(x$fpl$dnaninf)
    x$fpl$dretinf                            0x08003a4c   Section       12  dretinf.o(x$fpl$dretinf)
    x$fpl$drleqf                             0x08003a58   Section      108  drleqf.o(x$fpl$drleqf)
    x$fpl$drsb                               0x08003ac4   Section       22  daddsub_clz.o(x$fpl$drsb)
    x$fpl$dsqrt                              0x08003adc   Section      460  dsqrt_noumaal.o(x$fpl$dsqrt)
    x$fpl$dsub                               0x08003ca8   Section      468  daddsub_clz.o(x$fpl$dsub)
    _dsub1                                   0x08003cb9   Thumb Code     0  daddsub_clz.o(x$fpl$dsub)
    x$fpl$fadd                               0x08003e7c   Section      196  faddsub_clz.o(x$fpl$fadd)
    _fadd1                                   0x08003e8b   Thumb Code     0  faddsub_clz.o(x$fpl$fadd)
    x$fpl$ffix                               0x08003f40   Section       54  ffix.o(x$fpl$ffix)
    x$fpl$fflt                               0x08003f78   Section       48  fflt_clz.o(x$fpl$fflt)
    x$fpl$fmul                               0x08003fa8   Section      258  fmul.o(x$fpl$fmul)
    x$fpl$fnaninf                            0x080040aa   Section      140  fnaninf.o(x$fpl$fnaninf)
    x$fpl$fretinf                            0x08004136   Section       10  fretinf.o(x$fpl$fretinf)
    x$fpl$fsub                               0x08004140   Section      234  faddsub_clz.o(x$fpl$fsub)
    _fsub1                                   0x0800414f   Thumb Code     0  faddsub_clz.o(x$fpl$fsub)
    x$fpl$retnan                             0x0800422a   Section      100  retnan.o(x$fpl$retnan)
    x$fpl$scalbn                             0x0800428e   Section       92  scalbn.o(x$fpl$scalbn)
    x$fpl$trapveneer                         0x080042ea   Section       48  trapv.o(x$fpl$trapveneer)
    x$fpl$usenofp                            0x0800431a   Section        0  usenofp.o(x$fpl$usenofp)
    .constdata                               0x08004320   Section       80  asin.o(.constdata)
    pS                                       0x08004320   Data          48  asin.o(.constdata)
    qS                                       0x08004350   Data          32  asin.o(.constdata)
    .constdata                               0x08004370   Section      136  pow.o(.constdata)
    bp                                       0x08004370   Data          16  pow.o(.constdata)
    dp_h                                     0x08004380   Data          16  pow.o(.constdata)
    dp_l                                     0x08004390   Data          16  pow.o(.constdata)
    L                                        0x080043a0   Data          48  pow.o(.constdata)
    P                                        0x080043d0   Data          40  pow.o(.constdata)
    .constdata                               0x080043f8   Section        8  qnan.o(.constdata)
    .data                                    0x20000000   Section      252  main.o(.data)
    .data                                    0x200000fc   Section       20  stm32f10x_rcc.o(.data)
    APBAHBPrescTable                         0x200000fc   Data          16  stm32f10x_rcc.o(.data)
    ADCPrescTable                            0x2000010c   Data           4  stm32f10x_rcc.o(.data)
    .bss                                     0x20000110   Section    10100  main.o(.bss)
    .bss                                     0x20002884   Section       96  libspace.o(.bss)
    HEAP                                     0x200028e8   Section      512  startup_stm32f10x_md.o(HEAP)
    Heap_Mem                                 0x200028e8   Data         512  startup_stm32f10x_md.o(HEAP)
    STACK                                    0x20002ae8   Section     1024  startup_stm32f10x_md.o(STACK)
    Stack_Mem                                0x20002ae8   Data        1024  startup_stm32f10x_md.o(STACK)
    __initial_sp                             0x20002ee8   Data           0  startup_stm32f10x_md.o(STACK)

    Global Symbols

    Symbol Name                              Value     Ov Type        Size  Object(Section)

    BuildAttributes$$THM_ISAv4$P$D$K$B$S$PE$A:L22UL41UL21$X:L11$S22US41US21$IEEE1$IW$USESV6$~STKCKD$USESV7$~SHL$OTIME$ROPI$IEEEX$EBA8$UX$STANDARDLIB$REQ8$PRES8$EABIv2 0x00000000   Number         0  anon$$obj.o ABSOLUTE
    __ARM_use_no_argv                        0x00000000   Number         0  main.o ABSOLUTE
    __ARM_exceptions_init                     - Undefined Weak Reference
    __alloca_initialize                       - Undefined Weak Reference
    __arm_preinit_                            - Undefined Weak Reference
    __cpp_initialize__aeabi_                  - Undefined Weak Reference
    __cxa_finalize                            - Undefined Weak Reference
    __rt_locale                               - Undefined Weak Reference
    __sigvec_lookup                           - Undefined Weak Reference
    _atexit_init                              - Undefined Weak Reference
    _call_atexit_fns                          - Undefined Weak Reference
    _clock_init                               - Undefined Weak Reference
    _fp_trap_init                             - Undefined Weak Reference
    _fp_trap_shutdown                         - Undefined Weak Reference
    _get_lc_collate                           - Undefined Weak Reference
    _get_lc_ctype                             - Undefined Weak Reference
    _get_lc_monetary                          - Undefined Weak Reference
    _get_lc_numeric                           - Undefined Weak Reference
    _get_lc_time                              - Undefined Weak Reference
    _getenv_init                              - Undefined Weak Reference
    _handle_redirection                       - Undefined Weak Reference
    _init_alloc                               - Undefined Weak Reference
    _init_user_alloc                          - Undefined Weak Reference
    _initio                                   - Undefined Weak Reference
    _rand_init                                - Undefined Weak Reference
    _signal_finish                            - Undefined Weak Reference
    _signal_init                              - Undefined Weak Reference
    _terminate_alloc                          - Undefined Weak Reference
    _terminate_user_alloc                     - Undefined Weak Reference
    _terminateio                              - Undefined Weak Reference
    __Vectors_Size                           0x000000ec   Number         0  startup_stm32f10x_md.o ABSOLUTE
    __Vectors                                0x08000000   Data           4  startup_stm32f10x_md.o(RESET)
    __Vectors_End                            0x080000ec   Data           0  startup_stm32f10x_md.o(RESET)
    __main                                   0x080000ed   Thumb Code     8  __main.o(!!!main)
    __scatterload                            0x080000f5   Thumb Code     0  __scatter.o(!!!scatter)
    __scatterload_rt2                        0x080000f5   Thumb Code    44  __scatter.o(!!!scatter)
    __scatterload_rt2_thumb_only             0x080000f5   Thumb Code     0  __scatter.o(!!!scatter)
    __scatterload_null                       0x08000103   Thumb Code     0  __scatter.o(!!!scatter)
    __scatterload_copy                       0x08000129   Thumb Code    26  __scatter_copy.o(!!handler_copy)
    __scatterload_zeroinit                   0x08000145   Thumb Code    28  __scatter_zi.o(!!handler_zi)
    __rt_lib_init                            0x08000161   Thumb Code     0  libinit.o(.ARM.Collect$$libinit$$00000000)
    __rt_lib_init_alloca_1                   0x08000163   Thumb Code     0  libinit2.o(.ARM.Collect$$libinit$$0000002E)
    __rt_lib_init_argv_1                     0x08000163   Thumb Code     0  libinit2.o(.ARM.Collect$$libinit$$0000002C)
    __rt_lib_init_atexit_1                   0x08000163   Thumb Code     0  libinit2.o(.ARM.Collect$$libinit$$0000001B)
    __rt_lib_init_clock_1                    0x08000163   Thumb Code     0  libinit2.o(.ARM.Collect$$libinit$$00000021)
    __rt_lib_init_cpp_1                      0x08000163   Thumb Code     0  libinit2.o(.ARM.Collect$$libinit$$00000032)
    __rt_lib_init_exceptions_1               0x08000163   Thumb Code     0  libinit2.o(.ARM.Collect$$libinit$$00000030)
    __rt_lib_init_fp_1                       0x08000163   Thumb Code     0  libinit2.o(.ARM.Collect$$libinit$$00000002)
    __rt_lib_init_fp_trap_1                  0x08000163   Thumb Code     0  libinit2.o(.ARM.Collect$$libinit$$0000001F)
    __rt_lib_init_getenv_1                   0x08000163   Thumb Code     0  libinit2.o(.ARM.Collect$$libinit$$00000023)
    __rt_lib_init_heap_1                     0x08000163   Thumb Code     0  libinit2.o(.ARM.Collect$$libinit$$0000000A)
    __rt_lib_init_lc_collate_1               0x08000163   Thumb Code     0  libinit2.o(.ARM.Collect$$libinit$$00000011)
    __rt_lib_init_lc_ctype_1                 0x08000163   Thumb Code     0  libinit2.o(.ARM.Collect$$libinit$$00000013)
    __rt_lib_init_lc_monetary_1              0x08000163   Thumb Code     0  libinit2.o(.ARM.Collect$$libinit$$00000015)
    __rt_lib_init_lc_numeric_1               0x08000163   Thumb Code     0  libinit2.o(.ARM.Collect$$libinit$$00000017)
    __rt_lib_init_lc_time_1                  0x08000163   Thumb Code     0  libinit2.o(.ARM.Collect$$libinit$$00000019)
    __rt_lib_init_preinit_1                  0x08000163   Thumb Code     0  libinit2.o(.ARM.Collect$$libinit$$00000004)
    __rt_lib_init_rand_1                     0x08000163   Thumb Code     0  libinit2.o(.ARM.Collect$$libinit$$0000000E)
    __rt_lib_init_return                     0x08000163   Thumb Code     0  libinit2.o(.ARM.Collect$$libinit$$00000033)
    __rt_lib_init_signal_1                   0x08000163   Thumb Code     0  libinit2.o(.ARM.Collect$$libinit$$0000001D)
    __rt_lib_init_stdio_1                    0x08000163   Thumb Code     0  libinit2.o(.ARM.Collect$$libinit$$00000025)
    __rt_lib_init_user_alloc_1               0x08000163   Thumb Code     0  libinit2.o(.ARM.Collect$$libinit$$0000000C)
    __rt_lib_shutdown                        0x08000165   Thumb Code     0  libshutdown.o(.ARM.Collect$$libshutdown$$00000000)
    __rt_lib_shutdown_cpp_1                  0x08000167   Thumb Code     0  libshutdown2.o(.ARM.Collect$$libshutdown$$00000002)
    __rt_lib_shutdown_fp_trap_1              0x08000167   Thumb Code     0  libshutdown2.o(.ARM.Collect$$libshutdown$$00000007)
    __rt_lib_shutdown_heap_1                 0x08000167   Thumb Code     0  libshutdown2.o(.ARM.Collect$$libshutdown$$0000000F)
    __rt_lib_shutdown_return                 0x08000167   Thumb Code     0  libshutdown2.o(.ARM.Collect$$libshutdown$$00000010)
    __rt_lib_shutdown_signal_1               0x08000167   Thumb Code     0  libshutdown2.o(.ARM.Collect$$libshutdown$$0000000A)
    __rt_lib_shutdown_stdio_1                0x08000167   Thumb Code     0  libshutdown2.o(.ARM.Collect$$libshutdown$$00000004)
    __rt_lib_shutdown_user_alloc_1           0x08000167   Thumb Code     0  libshutdown2.o(.ARM.Collect$$libshutdown$$0000000C)
    __rt_entry                               0x08000169   Thumb Code     0  __rtentry.o(.ARM.Collect$$rtentry$$00000000)
    __rt_entry_presh_1                       0x08000169   Thumb Code     0  __rtentry2.o(.ARM.Collect$$rtentry$$00000002)
    __rt_entry_sh                            0x08000169   Thumb Code     0  __rtentry4.o(.ARM.Collect$$rtentry$$00000004)
    __rt_entry_li                            0x0800016f   Thumb Code     0  __rtentry2.o(.ARM.Collect$$rtentry$$0000000A)
    __rt_entry_postsh_1                      0x0800016f   Thumb Code     0  __rtentry2.o(.ARM.Collect$$rtentry$$00000009)
    __rt_entry_main                          0x08000173   Thumb Code     0  __rtentry2.o(.ARM.Collect$$rtentry$$0000000D)
    __rt_entry_postli_1                      0x08000173   Thumb Code     0  __rtentry2.o(.ARM.Collect$$rtentry$$0000000C)
    __rt_exit                                0x0800017b   Thumb Code     0  rtexit.o(.ARM.Collect$$rtexit$$00000000)
    __rt_exit_ls                             0x0800017d   Thumb Code     0  rtexit2.o(.ARM.Collect$$rtexit$$00000003)
    __rt_exit_prels_1                        0x0800017d   Thumb Code     0  rtexit2.o(.ARM.Collect$$rtexit$$00000002)
    __rt_exit_exit                           0x08000181   Thumb Code     0  rtexit2.o(.ARM.Collect$$rtexit$$00000004)
    Reset_Handler                            0x08000189   Thumb Code     8  startup_stm32f10x_md.o(.text)
    NMI_Handler                              0x08000191   Thumb Code     2  startup_stm32f10x_md.o(.text)
    HardFault_Handler                        0x08000193   Thumb Code     2  startup_stm32f10x_md.o(.text)
    MemManage_Handler                        0x08000195   Thumb Code     2  startup_stm32f10x_md.o(.text)
    BusFault_Handler                         0x08000197   Thumb Code     2  startup_stm32f10x_md.o(.text)
    UsageFault_Handler                       0x08000199   Thumb Code     2  startup_stm32f10x_md.o(.text)
    SVC_Handler                              0x0800019b   Thumb Code     2  startup_stm32f10x_md.o(.text)
    DebugMon_Handler                         0x0800019d   Thumb Code     2  startup_stm32f10x_md.o(.text)
    PendSV_Handler                           0x0800019f   Thumb Code     2  startup_stm32f10x_md.o(.text)
    SysTick_Handler                          0x080001a1   Thumb Code     2  startup_stm32f10x_md.o(.text)
    ADC1_2_IRQHandler                        0x080001a3   Thumb Code     0  startup_stm32f10x_md.o(.text)
    CAN1_RX1_IRQHandler                      0x080001a3   Thumb Code     0  startup_stm32f10x_md.o(.text)
    CAN1_SCE_IRQHandler                      0x080001a3   Thumb Code     0  startup_stm32f10x_md.o(.text)
    DMA1_Channel1_IRQHandler                 0x080001a3   Thumb Code     0  startup_stm32f10x_md.o(.text)
    DMA1_Channel2_IRQHandler                 0x080001a3   Thumb Code     0  startup_stm32f10x_md.o(.text)
    DMA1_Channel3_IRQHandler                 0x080001a3   Thumb Code     0  startup_stm32f10x_md.o(.text)
    DMA1_Channel4_IRQHandler                 0x080001a3   Thumb Code     0  startup_stm32f10x_md.o(.text)
    DMA1_Channel5_IRQHandler                 0x080001a3   Thumb Code     0  startup_stm32f10x_md.o(.text)
    DMA1_Channel6_IRQHandler                 0x080001a3   Thumb Code     0  startup_stm32f10x_md.o(.text)
    DMA1_Channel7_IRQHandler                 0x080001a3   Thumb Code     0  startup_stm32f10x_md.o(.text)
    EXTI0_IRQHandler                         0x080001a3   Thumb Code     0  startup_stm32f10x_md.o(.text)
    EXTI15_10_IRQHandler                     0x080001a3   Thumb Code     0  startup_stm32f10x_md.o(.text)
    EXTI2_IRQHandler                         0x080001a3   Thumb Code     0  startup_stm32f10x_md.o(.text)
    EXTI3_IRQHandler                         0x080001a3   Thumb Code     0  startup_stm32f10x_md.o(.text)
    EXTI4_IRQHandler                         0x080001a3   Thumb Code     0  startup_stm32f10x_md.o(.text)
    FLASH_IRQHandler                         0x080001a3   Thumb Code     0  startup_stm32f10x_md.o(.text)
    I2C1_ER_IRQHandler                       0x080001a3   Thumb Code     0  startup_stm32f10x_md.o(.text)
    I2C1_EV_IRQHandler                       0x080001a3   Thumb Code     0  startup_stm32f10x_md.o(.text)
    I2C2_ER_IRQHandler                       0x080001a3   Thumb Code     0  startup_stm32f10x_md.o(.text)
    I2C2_EV_IRQHandler                       0x080001a3   Thumb Code     0  startup_stm32f10x_md.o(.text)
    PVD_IRQHandler                           0x080001a3   Thumb Code     0  startup_stm32f10x_md.o(.text)
    RCC_IRQHandler                           0x080001a3   Thumb Code     0  startup_stm32f10x_md.o(.text)
    RTCAlarm_IRQHandler                      0x080001a3   Thumb Code     0  startup_stm32f10x_md.o(.text)
    RTC_IRQHandler                           0x080001a3   Thumb Code     0  startup_stm32f10x_md.o(.text)
    SPI1_IRQHandler                          0x080001a3   Thumb Code     0  startup_stm32f10x_md.o(.text)
    SPI2_IRQHandler                          0x080001a3   Thumb Code     0  startup_stm32f10x_md.o(.text)
    TAMPER_IRQHandler                        0x080001a3   Thumb Code     0  startup_stm32f10x_md.o(.text)
    TIM1_BRK_IRQHandler                      0x080001a3   Thumb Code     0  startup_stm32f10x_md.o(.text)
    TIM1_CC_IRQHandler                       0x080001a3   Thumb Code     0  startup_stm32f10x_md.o(.text)
    TIM1_TRG_COM_IRQHandler                  0x080001a3   Thumb Code     0  startup_stm32f10x_md.o(.text)
    TIM1_UP_IRQHandler                       0x080001a3   Thumb Code     0  startup_stm32f10x_md.o(.text)
    TIM3_IRQHandler                          0x080001a3   Thumb Code     0  startup_stm32f10x_md.o(.text)
    TIM4_IRQHandler                          0x080001a3   Thumb Code     0  startup_stm32f10x_md.o(.text)
    USART1_IRQHandler                        0x080001a3   Thumb Code     0  startup_stm32f10x_md.o(.text)
    USART3_IRQHandler                        0x080001a3   Thumb Code     0  startup_stm32f10x_md.o(.text)
    USBWakeUp_IRQHandler                     0x080001a3   Thumb Code     0  startup_stm32f10x_md.o(.text)
    USB_HP_CAN1_TX_IRQHandler                0x080001a3   Thumb Code     0  startup_stm32f10x_md.o(.text)
    USB_LP_CAN1_RX0_IRQHandler               0x080001a3   Thumb Code     0  startup_stm32f10x_md.o(.text)
    WWDG_IRQHandler                          0x080001a3   Thumb Code     0  startup_stm32f10x_md.o(.text)
    __user_initial_stackheap                 0x080001a5   Thumb Code     0  startup_stm32f10x_md.o(.text)
    __use_two_region_memory                  0x080001c9   Thumb Code     2  heapauxi.o(.text)
    __rt_heap_escrow$2region                 0x080001cb   Thumb Code     2  heapauxi.o(.text)
    __rt_heap_expand$2region                 0x080001cd   Thumb Code     2  heapauxi.o(.text)
    __read_errno                             0x080001cf   Thumb Code    10  _rserrno.o(.text)
    __set_errno                              0x080001d9   Thumb Code    12  _rserrno.o(.text)
    __aeabi_errno_addr                       0x080001e5   Thumb Code     8  rt_errno_addr_intlibspace.o(.text)
    __errno$intlibspace                      0x080001e5   Thumb Code     0  rt_errno_addr_intlibspace.o(.text)
    __rt_errno_addr$intlibspace              0x080001e5   Thumb Code     0  rt_errno_addr_intlibspace.o(.text)
    __user_libspace                          0x080001ed   Thumb Code     8  libspace.o(.text)
    __user_perproc_libspace                  0x080001ed   Thumb Code     0  libspace.o(.text)
    __user_perthread_libspace                0x080001ed   Thumb Code     0  libspace.o(.text)
    __user_setup_stackheap                   0x080001f5   Thumb Code    74  sys_stackheap_outer.o(.text)
    exit                                     0x0800023f   Thumb Code    18  exit.o(.text)
    _sys_exit                                0x08000251   Thumb Code     8  sys_exit.o(.text)
    __I$use$semihosting                      0x0800025d   Thumb Code     0  use_no_semi.o(.text)
    __use_no_semihosting_swi                 0x0800025d   Thumb Code     2  use_no_semi.o(.text)
    __semihosting_library_function           0x0800025f   Thumb Code     0  indicate_semi.o(.text)
    Button_init                              0x08000261   Thumb Code    84  init.o(i.Button_init)
    EXTI1_IRQHandler                         0x080002b9   Thumb Code    28  main.o(i.EXTI1_IRQHandler)
    EXTI9_5_IRQHandler                       0x080002d9   Thumb Code   114  main.o(i.EXTI9_5_IRQHandler)
    EXTI_ClearITPendingBit                   0x0800035d   Thumb Code     6  stm32f10x_exti.o(i.EXTI_ClearITPendingBit)
    EXTI_GetITStatus                         0x08000369   Thumb Code    34  stm32f10x_exti.o(i.EXTI_GetITStatus)
    EXTI_Init                                0x08000391   Thumb Code   142  stm32f10x_exti.o(i.EXTI_Init)
    GPIO_EXTILineConfig                      0x08000425   Thumb Code    60  stm32f10x_gpio.o(i.GPIO_EXTILineConfig)
    GPIO_Init                                0x08000465   Thumb Code   278  stm32f10x_gpio.o(i.GPIO_Init)
    GPIO_ReadOutputDataBit                   0x0800057b   Thumb Code    18  stm32f10x_gpio.o(i.GPIO_ReadOutputDataBit)
    GPIO_WriteBit                            0x0800058d   Thumb Code    10  stm32f10x_gpio.o(i.GPIO_WriteBit)
    Hex2Dec                                  0x08000597   Thumb Code    30  functions.o(i.Hex2Dec)
    Left_Wheel_Cnt_init                      0x080005b5   Thumb Code    98  init.o(i.Left_Wheel_Cnt_init)
    NVIC_Init                                0x0800061d   Thumb Code   100  misc.o(i.NVIC_Init)
    OnBoard_lED_Init                         0x0800068d   Thumb Code    38  init.o(i.OnBoard_lED_Init)
    RCC_APB1PeriphClockCmd                   0x080006b9   Thumb Code    26  stm32f10x_rcc.o(i.RCC_APB1PeriphClockCmd)
    RCC_APB2PeriphClockCmd                   0x080006d9   Thumb Code    26  stm32f10x_rcc.o(i.RCC_APB2PeriphClockCmd)
    RCC_GetClocksFreq                        0x080006f9   Thumb Code   192  stm32f10x_rcc.o(i.RCC_GetClocksFreq)
    Right_Wheel_Cnt_init                     0x080007cd   Thumb Code    98  init.o(i.Right_Wheel_Cnt_init)
    SPI2_init                                0x08000835   Thumb Code   160  init.o(i.SPI2_init)
    SPI_Cmd                                  0x080008dd   Thumb Code    24  stm32f10x_spi.o(i.SPI_Cmd)
    SPI_Init                                 0x080008f5   Thumb Code    60  stm32f10x_spi.o(i.SPI_Init)
    SystemInit                               0x08000a19   Thumb Code    78  system_stm32f10x.o(i.SystemInit)
    TIM2_IRQHandler                          0x08000a79   Thumb Code   234  main.o(i.TIM2_IRQHandler)
    TIM2_Init                                0x08000b91   Thumb Code    78  init.o(i.TIM2_Init)
    TIM3_CH12_PWM_init                       0x08000be1   Thumb Code   202  init.o(i.TIM3_CH12_PWM_init)
    TIM_ClearITPendingBit                    0x08000cb5   Thumb Code     6  stm32f10x_tim.o(i.TIM_ClearITPendingBit)
    TIM_Cmd                                  0x08000cbb   Thumb Code    24  stm32f10x_tim.o(i.TIM_Cmd)
    TIM_GetITStatus                          0x08000cd3   Thumb Code    34  stm32f10x_tim.o(i.TIM_GetITStatus)
    TIM_ITConfig                             0x08000cf5   Thumb Code    18  stm32f10x_tim.o(i.TIM_ITConfig)
    TIM_OC1Init                              0x08000d09   Thumb Code   132  stm32f10x_tim.o(i.TIM_OC1Init)
    TIM_OC1PreloadConfig                     0x08000da1   Thumb Code    18  stm32f10x_tim.o(i.TIM_OC1PreloadConfig)
    TIM_OC2Init                              0x08000db5   Thumb Code   154  stm32f10x_tim.o(i.TIM_OC2Init)
    TIM_OC2PreloadConfig                     0x08000e59   Thumb Code    26  stm32f10x_tim.o(i.TIM_OC2PreloadConfig)
    TIM_TimeBaseInit                         0x08000e75   Thumb Code   122  stm32f10x_tim.o(i.TIM_TimeBaseInit)
    USART2_IRQHandler                        0x08000f19   Thumb Code    44  main.o(i.USART2_IRQHandler)
    USART2_init                              0x08000f51   Thumb Code   156  init.o(i.USART2_init)
    USART_Cmd                                0x08000ff5   Thumb Code    24  stm32f10x_usart.o(i.USART_Cmd)
    USART_GetFlagStatus                      0x0800100d   Thumb Code    26  stm32f10x_usart.o(i.USART_GetFlagStatus)
    USART_GetITStatus                        0x08001027   Thumb Code    84  stm32f10x_usart.o(i.USART_GetITStatus)
    USART_ITConfig                           0x0800107b   Thumb Code    74  stm32f10x_usart.o(i.USART_ITConfig)
    USART_Init                               0x080010c5   Thumb Code   210  stm32f10x_usart.o(i.USART_Init)
    USART_ReceiveData                        0x0800119d   Thumb Code    10  stm32f10x_usart.o(i.USART_ReceiveData)
    USART_SendData                           0x080011a7   Thumb Code     8  stm32f10x_usart.o(i.USART_SendData)
    USARTsend                                0x080011b1   Thumb Code    42  functions.o(i.USARTsend)
    Wheel_Dir_Init                           0x080011e1   Thumb Code    66  init.o(i.Wheel_Dir_Init)
    __ARM_fpclassify                         0x0800122d   Thumb Code    40  fpclassify.o(i.__ARM_fpclassify)
    __kernel_poly                            0x0800126f   Thumb Code   170  poly.o(i.__kernel_poly)
    __mathlib_dbl_divzero                    0x08001319   Thumb Code    12  dunder.o(i.__mathlib_dbl_divzero)
    __mathlib_dbl_infnan                     0x08001329   Thumb Code     6  dunder.o(i.__mathlib_dbl_infnan)
    __mathlib_dbl_infnan2                    0x0800132f   Thumb Code     4  dunder.o(i.__mathlib_dbl_infnan2)
    __mathlib_dbl_invalid                    0x08001333   Thumb Code    12  dunder.o(i.__mathlib_dbl_invalid)
    __mathlib_dbl_overflow                   0x0800133f   Thumb Code    14  dunder.o(i.__mathlib_dbl_overflow)
    __mathlib_dbl_underflow                  0x0800134d   Thumb Code    10  dunder.o(i.__mathlib_dbl_underflow)
    asin                                     0x0800135d   Thumb Code   572  asin.o(i.asin)
    blinkLight                               0x080015cd   Thumb Code    36  functions.o(i.blinkLight)
    check_wifiData                           0x080015f5   Thumb Code  1100  main.o(i.check_wifiData)
    clear_variables                          0x08001a4d   Thumb Code    36  main.o(i.clear_variables)
    main                                     0x08001a91   Thumb Code    60  main.o(i.main)
    move                                     0x08001ad5   Thumb Code  3424  main.o(i.move)
    offLight                                 0x08002835   Thumb Code    14  functions.o(i.offLight)
    onLight                                  0x08002849   Thumb Code    14  functions.o(i.onLight)
    pow                                      0x0800285d   Thumb Code  2512  pow.o(i.pow)
    powerLeft                                0x08003235   Thumb Code    30  functions.o(i.powerLeft)
    powerRight                               0x08003259   Thumb Code    30  functions.o(i.powerRight)
    setBackwardLeft                          0x0800327d   Thumb Code    14  functions.o(i.setBackwardLeft)
    setBackwardRight                         0x08003291   Thumb Code    16  functions.o(i.setBackwardRight)
    setForwardLeft                           0x080032a5   Thumb Code    14  functions.o(i.setForwardLeft)
    setForwardRight                          0x080032b9   Thumb Code    14  functions.o(i.setForwardRight)
    sqrt                                     0x080032cd   Thumb Code    76  sqrt.o(i.sqrt)
    stopMotor                                0x08003319   Thumb Code    12  functions.o(i.stopMotor)
    __aeabi_d2f                              0x08003329   Thumb Code     0  d2f.o(x$fpl$d2f)
    _d2f                                     0x08003329   Thumb Code    98  d2f.o(x$fpl$d2f)
    __aeabi_dadd                             0x0800338d   Thumb Code     0  daddsub_clz.o(x$fpl$dadd)
    _dadd                                    0x0800338d   Thumb Code   332  daddsub_clz.o(x$fpl$dadd)
    __fpl_dcheck_NaN1                        0x080034dd   Thumb Code    10  dcheck1.o(x$fpl$dcheck1)
    __fpl_dcmp_Inf                           0x080034ed   Thumb Code    24  dcmpi.o(x$fpl$dcmpinf)
    __aeabi_ddiv                             0x08003505   Thumb Code     0  ddiv.o(x$fpl$ddiv)
    _ddiv                                    0x08003505   Thumb Code   552  ddiv.o(x$fpl$ddiv)
    __aeabi_i2d                              0x080037b5   Thumb Code     0  dflt_clz.o(x$fpl$dflt)
    _dflt                                    0x080037b5   Thumb Code    46  dflt_clz.o(x$fpl$dflt)
    __aeabi_cdcmple                          0x080037e5   Thumb Code     0  dleqf.o(x$fpl$dleqf)
    _dcmple                                  0x080037e5   Thumb Code   120  dleqf.o(x$fpl$dleqf)
    __fpl_dcmple_InfNaN                      0x08003847   Thumb Code     0  dleqf.o(x$fpl$dleqf)
    __aeabi_dmul                             0x0800385d   Thumb Code     0  dmul.o(x$fpl$dmul)
    _dmul                                    0x0800385d   Thumb Code   332  dmul.o(x$fpl$dmul)
    __fpl_dnaninf                            0x080039b1   Thumb Code   156  dnaninf.o(x$fpl$dnaninf)
    __fpl_dretinf                            0x08003a4d   Thumb Code    12  dretinf.o(x$fpl$dretinf)
    __aeabi_cdrcmple                         0x08003a59   Thumb Code     0  drleqf.o(x$fpl$drleqf)
    _drcmple                                 0x08003a59   Thumb Code   108  drleqf.o(x$fpl$drleqf)
    __aeabi_drsub                            0x08003ac5   Thumb Code     0  daddsub_clz.o(x$fpl$drsb)
    _drsb                                    0x08003ac5   Thumb Code    22  daddsub_clz.o(x$fpl$drsb)
    _dsqrt                                   0x08003add   Thumb Code   456  dsqrt_noumaal.o(x$fpl$dsqrt)
    __aeabi_dsub                             0x08003ca9   Thumb Code     0  daddsub_clz.o(x$fpl$dsub)
    _dsub                                    0x08003ca9   Thumb Code   464  daddsub_clz.o(x$fpl$dsub)
    __aeabi_fadd                             0x08003e7d   Thumb Code     0  faddsub_clz.o(x$fpl$fadd)
    _fadd                                    0x08003e7d   Thumb Code   196  faddsub_clz.o(x$fpl$fadd)
    __aeabi_f2iz                             0x08003f41   Thumb Code     0  ffix.o(x$fpl$ffix)
    _ffix                                    0x08003f41   Thumb Code    54  ffix.o(x$fpl$ffix)
    __aeabi_i2f                              0x08003f79   Thumb Code     0  fflt_clz.o(x$fpl$fflt)
    _fflt                                    0x08003f79   Thumb Code    48  fflt_clz.o(x$fpl$fflt)
    __aeabi_fmul                             0x08003fa9   Thumb Code     0  fmul.o(x$fpl$fmul)
    _fmul                                    0x08003fa9   Thumb Code   258  fmul.o(x$fpl$fmul)
    __fpl_fnaninf                            0x080040ab   Thumb Code   140  fnaninf.o(x$fpl$fnaninf)
    __fpl_fretinf                            0x08004137   Thumb Code    10  fretinf.o(x$fpl$fretinf)
    __aeabi_fsub                             0x08004141   Thumb Code     0  faddsub_clz.o(x$fpl$fsub)
    _fsub                                    0x08004141   Thumb Code   234  faddsub_clz.o(x$fpl$fsub)
    __fpl_return_NaN                         0x0800422b   Thumb Code   100  retnan.o(x$fpl$retnan)
    __ARM_scalbn                             0x0800428f   Thumb Code    92  scalbn.o(x$fpl$scalbn)
    __fpl_cmpreturn                          0x080042eb   Thumb Code    48  trapv.o(x$fpl$trapveneer)
    __I$use$fp                               0x0800431a   Number         0  usenofp.o(x$fpl$usenofp)
    __mathlib_zero                           0x080043f8   Data           8  qnan.o(.constdata)
    Region$$Table$$Base                      0x08004400   Number         0  anon$$obj.o(Region$$Table)
    Region$$Table$$Limit                     0x08004420   Number         0  anon$$obj.o(Region$$Table)
    start                                    0x20000000   Data          14  main.o(.data)
    connectWIFI                              0x2000000e   Data          42  main.o(.data)
    getIP                                    0x20000038   Data          11  main.o(.data)
    retrieveData                             0x20000043   Data          33  main.o(.data)
    charPos                                  0x20000064   Data           4  main.o(.data)
    WIFIConnected                            0x20000068   Data           1  main.o(.data)
    dataReceived                             0x20000069   Data           1  main.o(.data)
    state                                    0x2000006c   Data           4  main.o(.data)
    Kp_forward                               0x20000070   Data           4  main.o(.data)
    Ki_forward                               0x20000074   Data           4  main.o(.data)
    Kd_forward                               0x20000078   Data           4  main.o(.data)
    Kp_back                                  0x2000007c   Data           4  main.o(.data)
    Ki_back                                  0x20000080   Data           4  main.o(.data)
    Kd_back                                  0x20000084   Data           4  main.o(.data)
    PWM_forward                              0x20000088   Data           4  main.o(.data)
    PWM_back                                 0x2000008c   Data           4  main.o(.data)
    BBE_X                                    0x20000090   Data           4  main.o(.data)
    BBE_Y                                    0x20000094   Data           4  main.o(.data)
    BOE_X                                    0x20000098   Data           4  main.o(.data)
    BOE_Y                                    0x2000009c   Data           4  main.o(.data)
    BYL_X                                    0x200000a0   Data           4  main.o(.data)
    BYL_Y                                    0x200000a4   Data           4  main.o(.data)
    init_posX                                0x200000a8   Data           4  main.o(.data)
    init_posY                                0x200000ac   Data           4  main.o(.data)
    car_HeadX                                0x200000b0   Data           4  main.o(.data)
    car_HeadY                                0x200000b4   Data           4  main.o(.data)
    car_EndX                                 0x200000b8   Data           4  main.o(.data)
    car_EndY                                 0x200000bc   Data           4  main.o(.data)
    carAngle                                 0x200000c0   Data           4  main.o(.data)
    targetAngle                              0x200000c4   Data           4  main.o(.data)
    error                                    0x200000c8   Data           4  main.o(.data)
    last_error                               0x200000cc   Data           4  main.o(.data)
    integral                                 0x200000d0   Data           4  main.o(.data)
    derivative                               0x200000d4   Data           4  main.o(.data)
    PWM_R                                    0x200000d8   Data           4  main.o(.data)
    PWM_L                                    0x200000dc   Data           4  main.o(.data)
    button_pressed                           0x200000e0   Data           4  main.o(.data)
    isOn                                     0x200000e4   Data           1  main.o(.data)
    shutDown                                 0x200000e5   Data           1  main.o(.data)
    startTurn_1                              0x200000e6   Data           1  main.o(.data)
    startTurn_2                              0x200000e7   Data           1  main.o(.data)
    startTurn_3                              0x200000e8   Data           1  main.o(.data)
    startTurn_4                              0x200000e9   Data           1  main.o(.data)
    turningCnt                               0x200000ec   Data           4  main.o(.data)
    turningPeriod                            0x200000f0   Data           4  main.o(.data)
    wheel_count_R                            0x200000f4   Data           4  main.o(.data)
    wheel_count_L                            0x200000f8   Data           4  main.o(.data)
    wifi_data                                0x20000110   Data       10000  main.o(.bss)
    receiveBuffer                            0x20002820   Data         100  main.o(.bss)
    __libspace_start                         0x20002884   Data          96  libspace.o(.bss)
    __temporary_stack_top$libspace           0x200028e4   Data           0  libspace.o(.bss)



==============================================================================

Memory Map of the image

  Image Entry point : 0x08000189

  Load Region LR_1 (Base: 0x08000000, Size: 0x00004530, Max: 0xffffffff, ABSOLUTE)

    Execution Region ER_RO (Exec base: 0x08000000, Load base: 0x08000000, Size: 0x00004420, Max: 0xffffffff, ABSOLUTE)

    Exec Addr    Load Addr    Size         Type   Attr      Idx    E Section Name        Object

    0x08000000   0x08000000   0x000000ec   Data   RO         2088    RESET               startup_stm32f10x_md.o
    0x080000ec   0x080000ec   0x00000008   Code   RO         2143  * !!!main             c_w.l(__main.o)
    0x080000f4   0x080000f4   0x00000034   Code   RO         2417    !!!scatter          c_w.l(__scatter.o)
    0x08000128   0x08000128   0x0000001a   Code   RO         2419    !!handler_copy      c_w.l(__scatter_copy.o)
    0x08000142   0x08000142   0x00000002   PAD
    0x08000144   0x08000144   0x0000001c   Code   RO         2421    !!handler_zi        c_w.l(__scatter_zi.o)
    0x08000160   0x08000160   0x00000002   Code   RO         2286    .ARM.Collect$$libinit$$00000000  c_w.l(libinit.o)
    0x08000162   0x08000162   0x00000000   Code   RO         2292    .ARM.Collect$$libinit$$00000002  c_w.l(libinit2.o)
    0x08000162   0x08000162   0x00000000   Code   RO         2294    .ARM.Collect$$libinit$$00000004  c_w.l(libinit2.o)
    0x08000162   0x08000162   0x00000000   Code   RO         2297    .ARM.Collect$$libinit$$0000000A  c_w.l(libinit2.o)
    0x08000162   0x08000162   0x00000000   Code   RO         2299    .ARM.Collect$$libinit$$0000000C  c_w.l(libinit2.o)
    0x08000162   0x08000162   0x00000000   Code   RO         2301    .ARM.Collect$$libinit$$0000000E  c_w.l(libinit2.o)
    0x08000162   0x08000162   0x00000000   Code   RO         2304    .ARM.Collect$$libinit$$00000011  c_w.l(libinit2.o)
    0x08000162   0x08000162   0x00000000   Code   RO         2306    .ARM.Collect$$libinit$$00000013  c_w.l(libinit2.o)
    0x08000162   0x08000162   0x00000000   Code   RO         2308    .ARM.Collect$$libinit$$00000015  c_w.l(libinit2.o)
    0x08000162   0x08000162   0x00000000   Code   RO         2310    .ARM.Collect$$libinit$$00000017  c_w.l(libinit2.o)
    0x08000162   0x08000162   0x00000000   Code   RO         2312    .ARM.Collect$$libinit$$00000019  c_w.l(libinit2.o)
    0x08000162   0x08000162   0x00000000   Code   RO         2314    .ARM.Collect$$libinit$$0000001B  c_w.l(libinit2.o)
    0x08000162   0x08000162   0x00000000   Code   RO         2316    .ARM.Collect$$libinit$$0000001D  c_w.l(libinit2.o)
    0x08000162   0x08000162   0x00000000   Code   RO         2318    .ARM.Collect$$libinit$$0000001F  c_w.l(libinit2.o)
    0x08000162   0x08000162   0x00000000   Code   RO         2320    .ARM.Collect$$libinit$$00000021  c_w.l(libinit2.o)
    0x08000162   0x08000162   0x00000000   Code   RO         2322    .ARM.Collect$$libinit$$00000023  c_w.l(libinit2.o)
    0x08000162   0x08000162   0x00000000   Code   RO         2324    .ARM.Collect$$libinit$$00000025  c_w.l(libinit2.o)
    0x08000162   0x08000162   0x00000000   Code   RO         2328    .ARM.Collect$$libinit$$0000002C  c_w.l(libinit2.o)
    0x08000162   0x08000162   0x00000000   Code   RO         2330    .ARM.Collect$$libinit$$0000002E  c_w.l(libinit2.o)
    0x08000162   0x08000162   0x00000000   Code   RO         2332    .ARM.Collect$$libinit$$00000030  c_w.l(libinit2.o)
    0x08000162   0x08000162   0x00000000   Code   RO         2334    .ARM.Collect$$libinit$$00000032  c_w.l(libinit2.o)
    0x08000162   0x08000162   0x00000002   Code   RO         2335    .ARM.Collect$$libinit$$00000033  c_w.l(libinit2.o)
    0x08000164   0x08000164   0x00000002   Code   RO         2357    .ARM.Collect$$libshutdown$$00000000  c_w.l(libshutdown.o)
    0x08000166   0x08000166   0x00000000   Code   RO         2370    .ARM.Collect$$libshutdown$$00000002  c_w.l(libshutdown2.o)
    0x08000166   0x08000166   0x00000000   Code   RO         2372    .ARM.Collect$$libshutdown$$00000004  c_w.l(libshutdown2.o)
    0x08000166   0x08000166   0x00000000   Code   RO         2375    .ARM.Collect$$libshutdown$$00000007  c_w.l(libshutdown2.o)
    0x08000166   0x08000166   0x00000000   Code   RO         2378    .ARM.Collect$$libshutdown$$0000000A  c_w.l(libshutdown2.o)
    0x08000166   0x08000166   0x00000000   Code   RO         2380    .ARM.Collect$$libshutdown$$0000000C  c_w.l(libshutdown2.o)
    0x08000166   0x08000166   0x00000000   Code   RO         2383    .ARM.Collect$$libshutdown$$0000000F  c_w.l(libshutdown2.o)
    0x08000166   0x08000166   0x00000002   Code   RO         2384    .ARM.Collect$$libshutdown$$00000010  c_w.l(libshutdown2.o)
    0x08000168   0x08000168   0x00000000   Code   RO         2211    .ARM.Collect$$rtentry$$00000000  c_w.l(__rtentry.o)
    0x08000168   0x08000168   0x00000000   Code   RO         2251    .ARM.Collect$$rtentry$$00000002  c_w.l(__rtentry2.o)
    0x08000168   0x08000168   0x00000006   Code   RO         2263    .ARM.Collect$$rtentry$$00000004  c_w.l(__rtentry4.o)
    0x0800016e   0x0800016e   0x00000000   Code   RO         2253    .ARM.Collect$$rtentry$$00000009  c_w.l(__rtentry2.o)
    0x0800016e   0x0800016e   0x00000004   Code   RO         2254    .ARM.Collect$$rtentry$$0000000A  c_w.l(__rtentry2.o)
    0x08000172   0x08000172   0x00000000   Code   RO         2256    .ARM.Collect$$rtentry$$0000000C  c_w.l(__rtentry2.o)
    0x08000172   0x08000172   0x00000008   Code   RO         2257    .ARM.Collect$$rtentry$$0000000D  c_w.l(__rtentry2.o)
    0x0800017a   0x0800017a   0x00000002   Code   RO         2289    .ARM.Collect$$rtexit$$00000000  c_w.l(rtexit.o)
    0x0800017c   0x0800017c   0x00000000   Code   RO         2339    .ARM.Collect$$rtexit$$00000002  c_w.l(rtexit2.o)
    0x0800017c   0x0800017c   0x00000004   Code   RO         2340    .ARM.Collect$$rtexit$$00000003  c_w.l(rtexit2.o)
    0x08000180   0x08000180   0x00000006   Code   RO         2341    .ARM.Collect$$rtexit$$00000004  c_w.l(rtexit2.o)
    0x08000186   0x08000186   0x00000002   PAD
    0x08000188   0x08000188   0x00000040   Code   RO         2089  * .text               startup_stm32f10x_md.o
    0x080001c8   0x080001c8   0x00000006   Code   RO         2141    .text               c_w.l(heapauxi.o)
    0x080001ce   0x080001ce   0x00000016   Code   RO         2212    .text               c_w.l(_rserrno.o)
    0x080001e4   0x080001e4   0x00000008   Code   RO         2268    .text               c_w.l(rt_errno_addr_intlibspace.o)
    0x080001ec   0x080001ec   0x00000008   Code   RO         2274    .text               c_w.l(libspace.o)
    0x080001f4   0x080001f4   0x0000004a   Code   RO         2277    .text               c_w.l(sys_stackheap_outer.o)
    0x0800023e   0x0800023e   0x00000012   Code   RO         2279    .text               c_w.l(exit.o)
    0x08000250   0x08000250   0x0000000c   Code   RO         2349    .text               c_w.l(sys_exit.o)
    0x0800025c   0x0800025c   0x00000002   Code   RO         2360    .text               c_w.l(use_no_semi.o)
    0x0800025e   0x0800025e   0x00000000   Code   RO         2362    .text               c_w.l(indicate_semi.o)
    0x0800025e   0x0800025e   0x00000002   PAD
    0x08000260   0x08000260   0x00000058   Code   RO          150    i.Button_init       init.o
    0x080002b8   0x080002b8   0x00000020   Code   RO            4    i.EXTI1_IRQHandler  main.o
    0x080002d8   0x080002d8   0x00000084   Code   RO            5    i.EXTI9_5_IRQHandler  main.o
    0x0800035c   0x0800035c   0x0000000c   Code   RO          778    i.EXTI_ClearITPendingBit  stm32f10x_exti.o
    0x08000368   0x08000368   0x00000028   Code   RO          782    i.EXTI_GetITStatus  stm32f10x_exti.o
    0x08000390   0x08000390   0x00000094   Code   RO          783    i.EXTI_Init         stm32f10x_exti.o
    0x08000424   0x08000424   0x00000040   Code   RO          846    i.GPIO_EXTILineConfig  stm32f10x_gpio.o
    0x08000464   0x08000464   0x00000116   Code   RO          849    i.GPIO_Init         stm32f10x_gpio.o
    0x0800057a   0x0800057a   0x00000012   Code   RO          855    i.GPIO_ReadOutputDataBit  stm32f10x_gpio.o
    0x0800058c   0x0800058c   0x0000000a   Code   RO          860    i.GPIO_WriteBit     stm32f10x_gpio.o
    0x08000596   0x08000596   0x0000001e   Code   RO          231    i.Hex2Dec           functions.o
    0x080005b4   0x080005b4   0x00000068   Code   RO          151    i.Left_Wheel_Cnt_init  init.o
    0x0800061c   0x0800061c   0x00000070   Code   RO          321    i.NVIC_Init         misc.o
    0x0800068c   0x0800068c   0x0000002c   Code   RO          152    i.OnBoard_lED_Init  init.o
    0x080006b8   0x080006b8   0x00000020   Code   RO          971    i.RCC_APB1PeriphClockCmd  stm32f10x_rcc.o
    0x080006d8   0x080006d8   0x00000020   Code   RO          973    i.RCC_APB2PeriphClockCmd  stm32f10x_rcc.o
    0x080006f8   0x080006f8   0x000000d4   Code   RO          981    i.RCC_GetClocksFreq  stm32f10x_rcc.o
    0x080007cc   0x080007cc   0x00000068   Code   RO          153    i.Right_Wheel_Cnt_init  init.o
    0x08000834   0x08000834   0x000000a8   Code   RO          154    i.SPI2_init         init.o
    0x080008dc   0x080008dc   0x00000018   Code   RO         1186    i.SPI_Cmd           stm32f10x_spi.o
    0x080008f4   0x080008f4   0x0000003c   Code   RO         1199    i.SPI_Init          stm32f10x_spi.o
    0x08000930   0x08000930   0x00000008   Code   RO         2096    i.SetSysClock       system_stm32f10x.o
    0x08000938   0x08000938   0x000000e0   Code   RO         2097    i.SetSysClockTo72   system_stm32f10x.o
    0x08000a18   0x08000a18   0x00000060   Code   RO         2099    i.SystemInit        system_stm32f10x.o
    0x08000a78   0x08000a78   0x00000118   Code   RO            6    i.TIM2_IRQHandler   main.o
    0x08000b90   0x08000b90   0x0000004e   Code   RO          155    i.TIM2_Init         init.o
    0x08000bde   0x08000bde   0x00000002   PAD
    0x08000be0   0x08000be0   0x000000d4   Code   RO          156    i.TIM3_CH12_PWM_init  init.o
    0x08000cb4   0x08000cb4   0x00000006   Code   RO         1348    i.TIM_ClearITPendingBit  stm32f10x_tim.o
    0x08000cba   0x08000cba   0x00000018   Code   RO         1353    i.TIM_Cmd           stm32f10x_tim.o
    0x08000cd2   0x08000cd2   0x00000022   Code   RO         1374    i.TIM_GetITStatus   stm32f10x_tim.o
    0x08000cf4   0x08000cf4   0x00000012   Code   RO         1378    i.TIM_ITConfig      stm32f10x_tim.o
    0x08000d06   0x08000d06   0x00000002   PAD
    0x08000d08   0x08000d08   0x00000098   Code   RO         1382    i.TIM_OC1Init       stm32f10x_tim.o
    0x08000da0   0x08000da0   0x00000012   Code   RO         1385    i.TIM_OC1PreloadConfig  stm32f10x_tim.o
    0x08000db2   0x08000db2   0x00000002   PAD
    0x08000db4   0x08000db4   0x000000a4   Code   RO         1387    i.TIM_OC2Init       stm32f10x_tim.o
    0x08000e58   0x08000e58   0x0000001a   Code   RO         1390    i.TIM_OC2PreloadConfig  stm32f10x_tim.o
    0x08000e72   0x08000e72   0x00000002   PAD
    0x08000e74   0x08000e74   0x000000a4   Code   RO         1424    i.TIM_TimeBaseInit  stm32f10x_tim.o
    0x08000f18   0x08000f18   0x00000038   Code   RO            7    i.USART2_IRQHandler  main.o
    0x08000f50   0x08000f50   0x000000a4   Code   RO          157    i.USART2_init       init.o
    0x08000ff4   0x08000ff4   0x00000018   Code   RO         1901    i.USART_Cmd         stm32f10x_usart.o
    0x0800100c   0x0800100c   0x0000001a   Code   RO         1904    i.USART_GetFlagStatus  stm32f10x_usart.o
    0x08001026   0x08001026   0x00000054   Code   RO         1905    i.USART_GetITStatus  stm32f10x_usart.o
    0x0800107a   0x0800107a   0x0000004a   Code   RO         1907    i.USART_ITConfig    stm32f10x_usart.o
    0x080010c4   0x080010c4   0x000000d8   Code   RO         1908    i.USART_Init        stm32f10x_usart.o
    0x0800119c   0x0800119c   0x0000000a   Code   RO         1915    i.USART_ReceiveData  stm32f10x_usart.o
    0x080011a6   0x080011a6   0x00000008   Code   RO         1918    i.USART_SendData    stm32f10x_usart.o
    0x080011ae   0x080011ae   0x00000002   PAD
    0x080011b0   0x080011b0   0x00000030   Code   RO          232    i.USARTsend         functions.o
    0x080011e0   0x080011e0   0x0000004c   Code   RO          158    i.Wheel_Dir_Init    init.o
    0x0800122c   0x0800122c   0x00000028   Code   RO         2245    i.__ARM_fpclassify  m_ws.l(fpclassify.o)
    0x08001254   0x08001254   0x0000001a   Code   RO          159    i.__NVIC_EnableIRQ  init.o
    0x0800126e   0x0800126e   0x000000aa   Code   RO         2247    i.__kernel_poly     m_ws.l(poly.o)
    0x08001318   0x08001318   0x00000010   Code   RO         2231    i.__mathlib_dbl_divzero  m_ws.l(dunder.o)
    0x08001328   0x08001328   0x00000006   Code   RO         2232    i.__mathlib_dbl_infnan  m_ws.l(dunder.o)
    0x0800132e   0x0800132e   0x00000004   Code   RO         2233    i.__mathlib_dbl_infnan2  m_ws.l(dunder.o)
    0x08001332   0x08001332   0x0000000c   Code   RO         2234    i.__mathlib_dbl_invalid  m_ws.l(dunder.o)
    0x0800133e   0x0800133e   0x0000000e   Code   RO         2235    i.__mathlib_dbl_overflow  m_ws.l(dunder.o)
    0x0800134c   0x0800134c   0x00000010   Code   RO         2237    i.__mathlib_dbl_underflow  m_ws.l(dunder.o)
    0x0800135c   0x0800135c   0x00000270   Code   RO         2184    i.asin              m_ws.l(asin.o)
    0x080015cc   0x080015cc   0x00000028   Code   RO          233    i.blinkLight        functions.o
    0x080015f4   0x080015f4   0x00000458   Code   RO            8    i.check_wifiData    main.o
    0x08001a4c   0x08001a4c   0x00000044   Code   RO            9    i.clear_variables   main.o
    0x08001a90   0x08001a90   0x00000044   Code   RO           10    i.main              main.o
    0x08001ad4   0x08001ad4   0x00000d60   Code   RO           11    i.move              main.o
    0x08002834   0x08002834   0x00000014   Code   RO          234    i.offLight          functions.o
    0x08002848   0x08002848   0x00000014   Code   RO          235    i.onLight           functions.o
    0x0800285c   0x0800285c   0x000009d8   Code   RO         2194    i.pow               m_ws.l(pow.o)
    0x08003234   0x08003234   0x00000024   Code   RO          236    i.powerLeft         functions.o
    0x08003258   0x08003258   0x00000024   Code   RO          237    i.powerRight        functions.o
    0x0800327c   0x0800327c   0x00000014   Code   RO          238    i.setBackwardLeft   functions.o
    0x08003290   0x08003290   0x00000014   Code   RO          239    i.setBackwardRight  functions.o
    0x080032a4   0x080032a4   0x00000014   Code   RO          240    i.setForwardLeft    functions.o
    0x080032b8   0x080032b8   0x00000014   Code   RO          241    i.setForwardRight   functions.o
    0x080032cc   0x080032cc   0x0000004c   Code   RO         2204    i.sqrt              m_ws.l(sqrt.o)
    0x08003318   0x08003318   0x00000010   Code   RO          242    i.stopMotor         functions.o
    0x08003328   0x08003328   0x00000062   Code   RO         2145    x$fpl$d2f           fz_ws.l(d2f.o)
    0x0800338a   0x0800338a   0x00000002   PAD
    0x0800338c   0x0800338c   0x00000150   Code   RO         2147    x$fpl$dadd          fz_ws.l(daddsub_clz.o)
    0x080034dc   0x080034dc   0x00000010   Code   RO         2270    x$fpl$dcheck1       fz_ws.l(dcheck1.o)
    0x080034ec   0x080034ec   0x00000018   Code   RO         2272    x$fpl$dcmpinf       fz_ws.l(dcmpi.o)
    0x08003504   0x08003504   0x000002b0   Code   RO         2154    x$fpl$ddiv          fz_ws.l(ddiv.o)
    0x080037b4   0x080037b4   0x0000002e   Code   RO         2158    x$fpl$dflt          fz_ws.l(dflt_clz.o)
    0x080037e2   0x080037e2   0x00000002   PAD
    0x080037e4   0x080037e4   0x00000078   Code   RO         2214    x$fpl$dleqf         fz_ws.l(dleqf.o)
    0x0800385c   0x0800385c   0x00000154   Code   RO         2163    x$fpl$dmul          fz_ws.l(dmul.o)
    0x080039b0   0x080039b0   0x0000009c   Code   RO         2216    x$fpl$dnaninf       fz_ws.l(dnaninf.o)
    0x08003a4c   0x08003a4c   0x0000000c   Code   RO         2218    x$fpl$dretinf       fz_ws.l(dretinf.o)
    0x08003a58   0x08003a58   0x0000006c   Code   RO         2220    x$fpl$drleqf        fz_ws.l(drleqf.o)
    0x08003ac4   0x08003ac4   0x00000016   Code   RO         2148    x$fpl$drsb          fz_ws.l(daddsub_clz.o)
    0x08003ada   0x08003ada   0x00000002   PAD
    0x08003adc   0x08003adc   0x000001cc   Code   RO         2222    x$fpl$dsqrt         fz_ws.l(dsqrt_noumaal.o)
    0x08003ca8   0x08003ca8   0x000001d4   Code   RO         2149    x$fpl$dsub          fz_ws.l(daddsub_clz.o)
    0x08003e7c   0x08003e7c   0x000000c4   Code   RO         2165    x$fpl$fadd          fz_ws.l(faddsub_clz.o)
    0x08003f40   0x08003f40   0x00000036   Code   RO         2171    x$fpl$ffix          fz_ws.l(ffix.o)
    0x08003f76   0x08003f76   0x00000002   PAD
    0x08003f78   0x08003f78   0x00000030   Code   RO         2176    x$fpl$fflt          fz_ws.l(fflt_clz.o)
    0x08003fa8   0x08003fa8   0x00000102   Code   RO         2181    x$fpl$fmul          fz_ws.l(fmul.o)
    0x080040aa   0x080040aa   0x0000008c   Code   RO         2224    x$fpl$fnaninf       fz_ws.l(fnaninf.o)
    0x08004136   0x08004136   0x0000000a   Code   RO         2226    x$fpl$fretinf       fz_ws.l(fretinf.o)
    0x08004140   0x08004140   0x000000ea   Code   RO         2167    x$fpl$fsub          fz_ws.l(faddsub_clz.o)
    0x0800422a   0x0800422a   0x00000064   Code   RO         2287    x$fpl$retnan        fz_ws.l(retnan.o)
    0x0800428e   0x0800428e   0x0000005c   Code   RO         2228    x$fpl$scalbn        fz_ws.l(scalbn.o)
    0x080042ea   0x080042ea   0x00000030   Code   RO         2336    x$fpl$trapveneer    fz_ws.l(trapv.o)
    0x0800431a   0x0800431a   0x00000000   Code   RO         2230    x$fpl$usenofp       fz_ws.l(usenofp.o)
    0x0800431a   0x0800431a   0x00000006   PAD
    0x08004320   0x08004320   0x00000050   Data   RO         2185    .constdata          m_ws.l(asin.o)
    0x08004370   0x08004370   0x00000088   Data   RO         2195    .constdata          m_ws.l(pow.o)
    0x080043f8   0x080043f8   0x00000008   Data   RO         2249    .constdata          m_ws.l(qnan.o)
    0x08004400   0x08004400   0x00000020   Data   RO         2415    Region$$Table       anon$$obj.o


    Execution Region ER_RW (Exec base: 0x20000000, Load base: 0x08004420, Size: 0x00000110, Max: 0xffffffff, ABSOLUTE)

    Exec Addr    Load Addr    Size         Type   Attr      Idx    E Section Name        Object

    0x20000000   0x08004420   0x000000fc   Data   RW           13    .data               main.o
    0x200000fc   0x0800451c   0x00000014   Data   RW         1001    .data               stm32f10x_rcc.o


    Execution Region ER_ZI (Exec base: 0x20000110, Load base: 0x08004530, Size: 0x00002dd8, Max: 0xffffffff, ABSOLUTE)

    Exec Addr    Load Addr    Size         Type   Attr      Idx    E Section Name        Object

    0x20000110        -       0x00002774   Zero   RW           12    .bss                main.o
    0x20002884        -       0x00000060   Zero   RW         2275    .bss                c_w.l(libspace.o)
    0x200028e4   0x08004530   0x00000004   PAD
    0x200028e8        -       0x00000200   Zero   RW         2087    HEAP                startup_stm32f10x_md.o
    0x20002ae8        -       0x00000400   Zero   RW         2086    STACK               startup_stm32f10x_md.o


==============================================================================

Image component sizes


      Code (inc. data)   RO Data    RW Data    ZI Data      Debug   Object Name

       326         60          0          0          0       5289   functions.o
      1064         58          0          0          0      30417   init.o
      5172        522          0        252      10100     268207   main.o
       112         12          0          0          0       1248   misc.o
        64         26        236          0       1536        816   startup_stm32f10x_md.o
       200         18          0          0          0       2392   stm32f10x_exti.o
       370          4          0          0          0       4091   stm32f10x_gpio.o
       276         32          0         20          0       4702   stm32f10x_rcc.o
        84          0          0          0          0       2385   stm32f10x_spi.o
       606         72          0          0          0       6632   stm32f10x_tim.o
       442          6          0          0          0       6561   stm32f10x_usart.o
       328         28          0          0          0       2093   system_stm32f10x.o

    ----------------------------------------------------------------------
      9054        838        268        272      11636     334833   Object Totals
         0          0         32          0          0          0   (incl. Generated)
        10          0          0          0          0          0   (incl. Padding)

    ----------------------------------------------------------------------

      Code (inc. data)   RO Data    RW Data    ZI Data      Debug   Library Member Name

         8          0          0          0          0         68   __main.o
         0          0          0          0          0          0   __rtentry.o
        12          0          0          0          0          0   __rtentry2.o
         6          0          0          0          0          0   __rtentry4.o
        52          8          0          0          0          0   __scatter.o
        26          0          0          0          0          0   __scatter_copy.o
        28          0          0          0          0          0   __scatter_zi.o
        22          0          0          0          0        100   _rserrno.o
        18          0          0          0          0         80   exit.o
         6          0          0          0          0        152   heapauxi.o
         0          0          0          0          0          0   indicate_semi.o
         2          0          0          0          0          0   libinit.o
         2          0          0          0          0          0   libinit2.o
         2          0          0          0          0          0   libshutdown.o
         2          0          0          0          0          0   libshutdown2.o
         8          4          0          0         96         68   libspace.o
         8          4          0          0          0         68   rt_errno_addr_intlibspace.o
         2          0          0          0          0          0   rtexit.o
        10          0          0          0          0          0   rtexit2.o
        12          4          0          0          0         68   sys_exit.o
        74          0          0          0          0         80   sys_stackheap_outer.o
         2          0          0          0          0         68   use_no_semi.o
        98          4          0          0          0         92   d2f.o
       826         16          0          0          0        348   daddsub_clz.o
        16          4          0          0          0         68   dcheck1.o
        24          0          0          0          0         68   dcmpi.o
       688        140          0          0          0        208   ddiv.o
        46          0          0          0          0         68   dflt_clz.o
       120          4          0          0          0         92   dleqf.o
       340         12          0          0          0        104   dmul.o
       156          4          0          0          0         92   dnaninf.o
        12          0          0          0          0         68   dretinf.o
       108          0          0          0          0         80   drleqf.o
       460         56          0          0          0        120   dsqrt_noumaal.o
       430          8          0          0          0        168   faddsub_clz.o
        54          4          0          0          0         84   ffix.o
        48          0          0          0          0         68   fflt_clz.o
       258          4          0          0          0         84   fmul.o
       140          4          0          0          0         84   fnaninf.o
        10          0          0          0          0         68   fretinf.o
       100          0          0          0          0         68   retnan.o
        92          0          0          0          0         68   scalbn.o
        48          0          0          0          0         68   trapv.o
         0          0          0          0          0          0   usenofp.o
       624         52         80          0          0        168   asin.o
        68         10          0          0          0        408   dunder.o
        40          0          0          0          0         68   fpclassify.o
       170          0          0          0          0         96   poly.o
      2520        190        136          0          0        324   pow.o
         0          0          8          0          0          0   qnan.o
        76          0          0          0          0         84   sqrt.o

    ----------------------------------------------------------------------
      7894        532        224          0        100       4068   Library Totals
        20          0          0          0          4          0   (incl. Padding)

    ----------------------------------------------------------------------

      Code (inc. data)   RO Data    RW Data    ZI Data      Debug   Library Name

       302         20          0          0         96        752   c_w.l
      4074        260          0          0          0       2168   fz_ws.l
      3498        252        224          0          0       1148   m_ws.l

    ----------------------------------------------------------------------
      7894        532        224          0        100       4068   Library Totals

    ----------------------------------------------------------------------

==============================================================================


      Code (inc. data)   RO Data    RW Data    ZI Data      Debug   

     16948       1370        492        272      11736     333749   Grand Totals
     16948       1370        492        272      11736     333749   ELF Image Totals
     16948       1370        492        272          0          0   ROM Totals

==============================================================================

    Total RO  Size (Code + RO Data)                17440 (  17.03kB)
    Total RW  Size (RW Data + ZI Data)             12008 (  11.73kB)
    Total ROM Size (Code + RO Data + RW Data)      17712 (  17.30kB)

==============================================================================

