Component: ARM Compiler 5.06 update 6 (build 750) Tool: armlink [4d35ed]

==============================================================================

Section Cross References

    main.o(i.EXTI1_IRQHandler) refers to stm32f10x_exti.o(i.EXTI_GetITStatus) for EXTI_GetITStatus
    main.o(i.EXTI1_IRQHandler) refers to stm32f10x_exti.o(i.EXTI_ClearITPendingBit) for EXTI_ClearITPendingBit
    main.o(i.EXTI1_IRQHandler) refers to main.o(.data) for wheel_count_R
    main.o(i.EXTI9_5_IRQHandler) refers to stm32f10x_exti.o(i.EXTI_GetITStatus) for EXTI_GetITStatus
    main.o(i.EXTI9_5_IRQHandler) refers to stm32f10x_exti.o(i.EXTI_ClearITPendingBit) for EXTI_ClearITPendingBit
    main.o(i.EXTI9_5_IRQHandler) refers to main.o(i.clear_variables) for clear_variables
    main.o(i.EXTI9_5_IRQHandler) refers to functions.o(i.offLight) for offLight
    main.o(i.EXTI9_5_IRQHandler) refers to functions.o(i.stopMotor) for stopMotor
    main.o(i.EXTI9_5_IRQHandler) refers to main.o(.data) for wheel_count_L
    main.o(i.TIM2_IRQHandler) refers to stm32f10x_tim.o(i.TIM_GetITStatus) for TIM_GetITStatus
    main.o(i.TIM2_IRQHandler) refers to functions.o(i.USARTsend) for USARTsend
    main.o(i.TIM2_IRQHandler) refers to main.o(i.move) for move
    main.o(i.TIM2_IRQHandler) refers to stm32f10x_tim.o(i.TIM_ClearITPendingBit) for TIM_ClearITPendingBit
    main.o(i.TIM2_IRQHandler) refers to main.o(.data) for dataReceived
    main.o(i.USART2_IRQHandler) refers to stm32f10x_usart.o(i.USART_GetITStatus) for USART_GetITStatus
    main.o(i.USART2_IRQHandler) refers to stm32f10x_usart.o(i.USART_ReceiveData) for USART_ReceiveData
    main.o(i.USART2_IRQHandler) refers to main.o(i.check_wifiData) for check_wifiData
    main.o(i.USART2_IRQHandler) refers to main.o(.data) for charPos
    main.o(i.USART2_IRQHandler) refers to main.o(.bss) for wifi_data
    main.o(i.checkBallPos) refers to main.o(.data) for BYL_X
    main.o(i.checkInGreen) refers to main.o(.data) for BYL_X
    main.o(i.check_wifiData) refers to functions.o(i.offLight) for offLight
    main.o(i.check_wifiData) refers to functions.o(i.Hex2Dec) for Hex2Dec
    main.o(i.check_wifiData) refers to functions.o(i.blinkLight) for blinkLight
    main.o(i.check_wifiData) refers to main.o(.bss) for wifi_data
    main.o(i.check_wifiData) refers to main.o(.data) for charPos
    main.o(i.clear_variables) refers to main.o(.data) for carAngle
    main.o(i.main) refers to init.o(i.TIM3_CH12_PWM_init) for TIM3_CH12_PWM_init
    main.o(i.main) refers to init.o(i.TIM2_Init) for TIM2_Init
    main.o(i.main) refers to init.o(i.Left_Wheel_Cnt_init) for Left_Wheel_Cnt_init
    main.o(i.main) refers to init.o(i.Right_Wheel_Cnt_init) for Right_Wheel_Cnt_init
    main.o(i.main) refers to init.o(i.Wheel_Dir_Init) for Wheel_Dir_Init
    main.o(i.main) refers to init.o(i.Button_init) for Button_init
    main.o(i.main) refers to init.o(i.OnBoard_lED_Init) for OnBoard_lED_Init
    main.o(i.main) refers to init.o(i.SPI2_init) for SPI2_init
    main.o(i.main) refers to init.o(i.USART2_init) for USART2_init
    main.o(i.main) refers to functions.o(i.onLight) for onLight
    main.o(i.main) refers to functions.o(i.USARTsend) for USARTsend
    main.o(i.main) refers to main.o(.data) for start
    main.o(i.move) refers to main.o(i.checkBallPos) for checkBallPos
    main.o(i.move) refers to dflt_clz.o(x$fpl$dflt) for __aeabi_i2d
    main.o(i.move) refers to pow.o(i.pow) for pow
    main.o(i.move) refers to daddsub_clz.o(x$fpl$dadd) for __aeabi_dadd
    main.o(i.move) refers to sqrt.o(i.sqrt) for sqrt
    main.o(i.move) refers to ddiv.o(x$fpl$ddiv) for __aeabi_ddiv
    main.o(i.move) refers to asin.o(i.asin) for asin
    main.o(i.move) refers to dmul.o(x$fpl$dmul) for __aeabi_dmul
    main.o(i.move) refers to d2f.o(x$fpl$d2f) for __aeabi_d2f
    main.o(i.move) refers to faddsub_clz.o(x$fpl$fsub) for __aeabi_fsub
    main.o(i.move) refers to faddsub_clz.o(x$fpl$fadd) for __aeabi_fadd
    main.o(i.move) refers to fmul.o(x$fpl$fmul) for __aeabi_fmul
    main.o(i.move) refers to fflt_clz.o(x$fpl$fflt) for __aeabi_i2f
    main.o(i.move) refers to ffix.o(x$fpl$ffix) for __aeabi_f2iz
    main.o(i.move) refers to functions.o(i.powerRight) for powerRight
    main.o(i.move) refers to functions.o(i.powerLeft) for powerLeft
    main.o(i.move) refers to functions.o(i.stopMotor) for stopMotor
    main.o(i.move) refers to main.o(i.clear_variables) for clear_variables
    main.o(i.move) refers to main.o(.data) for checked
    main.o(i.move) refers to main.o(i.checkInGreen) for checkInGreen
    init.o(i.Button_init) refers to stm32f10x_rcc.o(i.RCC_APB2PeriphClockCmd) for RCC_APB2PeriphClockCmd
    init.o(i.Button_init) refers to stm32f10x_gpio.o(i.GPIO_Init) for GPIO_Init
    init.o(i.Button_init) refers to stm32f10x_gpio.o(i.GPIO_EXTILineConfig) for GPIO_EXTILineConfig
    init.o(i.Button_init) refers to stm32f10x_exti.o(i.EXTI_Init) for EXTI_Init
[...]
    Removing stm32f10x_usart.o(i.USART_ClockStructInit), (12 bytes).
    Removing stm32f10x_usart.o(i.USART_DMACmd), (18 bytes).
    Removing stm32f10x_usart.o(i.USART_DeInit), (156 bytes).
    Removing stm32f10x_usart.o(i.USART_HalfDuplexCmd), (24 bytes).
    Removing stm32f10x_usart.o(i.USART_IrDACmd), (24 bytes).
    Removing stm32f10x_usart.o(i.USART_IrDAConfig), (18 bytes).
    Removing stm32f10x_usart.o(i.USART_LINBreakDetectLengthConfig), (18 bytes).
    Removing stm32f10x_usart.o(i.USART_LINCmd), (24 bytes).
    Removing stm32f10x_usart.o(i.USART_OneBitMethodCmd), (24 bytes).
    Removing stm32f10x_usart.o(i.USART_OverSampling8Cmd), (22 bytes).
    Removing stm32f10x_usart.o(i.USART_ReceiverWakeUpCmd), (24 bytes).
    Removing stm32f10x_usart.o(i.USART_SendBreak), (10 bytes).
    Removing stm32f10x_usart.o(i.USART_SetAddress), (18 bytes).
    Removing stm32f10x_usart.o(i.USART_SetGuardTime), (16 bytes).
    Removing stm32f10x_usart.o(i.USART_SetPrescaler), (16 bytes).
    Removing stm32f10x_usart.o(i.USART_SmartCardCmd), (24 bytes).
    Removing stm32f10x_usart.o(i.USART_SmartCardNACKCmd), (24 bytes).
    Removing stm32f10x_usart.o(i.USART_StructInit), (24 bytes).
    Removing stm32f10x_usart.o(i.USART_WakeUpConfig), (18 bytes).
    Removing system_stm32f10x.o(.rev16_text), (4 bytes).
    Removing system_stm32f10x.o(.revsh_text), (4 bytes).
    Removing system_stm32f10x.o(.rrx_text), (6 bytes).
    Removing system_stm32f10x.o(i.SystemCoreClockUpdate), (164 bytes).
    Removing system_stm32f10x.o(.data), (20 bytes).

297 unused section(s) (total 8888 bytes) removed from the image.

==============================================================================

Image Symbol Table

    Local Symbols

    Symbol Name                              Value     Ov Type        Size  Object(Section)

    ../clib/angel/boardlib.s                 0x00000000   Number         0  boardinit1.o ABSOLUTE
    ../clib/angel/boardlib.s                 0x00000000   Number         0  boardshut.o ABSOLUTE
    ../clib/angel/boardlib.s                 0x00000000   Number         0  boardinit3.o ABSOLUTE
    ../clib/angel/boardlib.s                 0x00000000   Number         0  boardinit2.o ABSOLUTE
    ../clib/angel/dczerorl2.s                0x00000000   Number         0  __dczerorl2.o ABSOLUTE
    ../clib/angel/handlers.s                 0x00000000   Number         0  __scatter_zi.o ABSOLUTE
    ../clib/angel/kernel.s                   0x00000000   Number         0  rtexit2.o ABSOLUTE
    ../clib/angel/kernel.s                   0x00000000   Number         0  rtexit.o ABSOLUTE
    ../clib/angel/kernel.s                   0x00000000   Number         0  __rtentry4.o ABSOLUTE
    ../clib/angel/kernel.s                   0x00000000   Number         0  __rtentry.o ABSOLUTE
    ../clib/angel/kernel.s                   0x00000000   Number         0  __rtentry2.o ABSOLUTE
    ../clib/angel/rt.s                       0x00000000   Number         0  rt_errno_addr_intlibspace.o ABSOLUTE
    ../clib/angel/rt.s                       0x00000000   Number         0  rt_errno_addr.o ABSOLUTE
    ../clib/angel/rt.s                       0x00000000   Number         0  rt_raise.o ABSOLUTE
    ../clib/angel/scatter.s                  0x00000000   Number         0  __scatter.o ABSOLUTE
    ../clib/angel/startup.s                  0x00000000   Number         0  __main.o ABSOLUTE
    ../clib/angel/sys.s                      0x00000000   Number         0  libspace.o ABSOLUTE
    ../clib/angel/sys.s                      0x00000000   Number         0  sys_stackheap_outer.o ABSOLUTE
    ../clib/angel/sys.s                      0x00000000   Number         0  indicate_semi.o ABSOLUTE
    ../clib/angel/sys.s                      0x00000000   Number         0  use_no_semi.o ABSOLUTE
    ../clib/angel/sysapp.c                   0x00000000   Number         0  sys_command.o ABSOLUTE
    ../clib/angel/sysapp.c                   0x00000000   Number         0  sys_exit.o ABSOLUTE
    ../clib/angel/sysapp.c                   0x00000000   Number         0  sys_wrch.o ABSOLUTE
    ../clib/armsys.c                         0x00000000   Number         0  argv_veneer.o ABSOLUTE
    ../clib/armsys.c                         0x00000000   Number         0  argv_veneer.o ABSOLUTE
    ../clib/armsys.c                         0x00000000   Number         0  no_argv.o ABSOLUTE
    ../clib/armsys.c                         0x00000000   Number         0  _get_argv_nomalloc.o ABSOLUTE
    ../clib/fenv.c                           0x00000000   Number         0  _rserrno.o ABSOLUTE
    ../clib/heapalloc.c                      0x00000000   Number         0  hrguard.o ABSOLUTE
    ../clib/heapaux.c                        0x00000000   Number         0  heapauxi.o ABSOLUTE
    ../clib/libinit.s                        0x00000000   Number         0  libshutdown.o ABSOLUTE
    ../clib/libinit.s                        0x00000000   Number         0  libinit2.o ABSOLUTE
    ../clib/libinit.s                        0x00000000   Number         0  libinit.o ABSOLUTE
    ../clib/libinit.s                        0x00000000   Number         0  libshutdown2.o ABSOLUTE
    ../clib/signal.c                         0x00000000   Number         0  defsig_rtmem_formal.o ABSOLUTE
    ../clib/signal.c                         0x00000000   Number         0  defsig_rtmem_outer.o ABSOLUTE
    ../clib/signal.c                         0x00000000   Number         0  defsig_abrt_inner.o ABSOLUTE
    ../clib/signal.c                         0x00000000   Number         0  defsig_fpe_inner.o ABSOLUTE
    ../clib/signal.c                         0x00000000   Number         0  defsig_rtred_inner.o ABSOLUTE
    ../clib/signal.c                         0x00000000   Number         0  defsig_stak_inner.o ABSOLUTE
    ../clib/signal.c                         0x00000000   Number         0  defsig_pvfn_inner.o ABSOLUTE
    ../clib/signal.c                         0x00000000   Number         0  defsig_cppl_inner.o ABSOLUTE
    ../clib/signal.c                         0x00000000   Number         0  defsig_segv_inner.o ABSOLUTE
    ../clib/signal.c                         0x00000000   Number         0  defsig_other.o ABSOLUTE
    ../clib/signal.c                         0x00000000   Number         0  __raise.o ABSOLUTE
    ../clib/signal.c                         0x00000000   Number         0  defsig_exit.o ABSOLUTE
    ../clib/signal.c                         0x00000000   Number         0  defsig_rtmem_inner.o ABSOLUTE
    ../clib/signal.c                         0x00000000   Number         0  defsig_general.o ABSOLUTE
    ../clib/signal.s                         0x00000000   Number         0  defsig.o ABSOLUTE
    ../clib/stdlib.c                         0x00000000   Number         0  exit.o ABSOLUTE
    ../fplib/d2f.s                           0x00000000   Number         0  d2f.o ABSOLUTE
    ../fplib/daddsub.s                       0x00000000   Number         0  daddsub_clz.o ABSOLUTE
    ../fplib/dcheck1.s                       0x00000000   Number         0  dcheck1.o ABSOLUTE
    ../fplib/dcmpi.s                         0x00000000   Number         0  dcmpi.o ABSOLUTE
    ../fplib/ddiv.s                          0x00000000   Number         0  ddiv.o ABSOLUTE
    ../fplib/dflt.s                          0x00000000   Number         0  dflt_clz.o ABSOLUTE
    ../fplib/dleqf.s                         0x00000000   Number         0  dleqf.o ABSOLUTE
    ../fplib/dmul.s                          0x00000000   Number         0  dmul.o ABSOLUTE
    ../fplib/dnaninf.s                       0x00000000   Number         0  dnaninf.o ABSOLUTE
    ../fplib/dretinf.s                       0x00000000   Number         0  dretinf.o ABSOLUTE
    ../fplib/drleqf.s                        0x00000000   Number         0  drleqf.o ABSOLUTE
    ../fplib/dsqrt.s                         0x00000000   Number         0  dsqrt_noumaal.o ABSOLUTE
    ../fplib/faddsub.s                       0x00000000   Number         0  faddsub_clz.o ABSOLUTE
    ../fplib/ffix.s                          0x00000000   Number         0  ffix.o ABSOLUTE
    ../fplib/fflt.s                          0x00000000   Number         0  fflt_clz.o ABSOLUTE
    ../fplib/fmul.s                          0x00000000   Number         0  fmul.o ABSOLUTE
    ../fplib/fnaninf.s                       0x00000000   Number         0  fnaninf.o ABSOLUTE
    ../fplib/fpinit.s                        0x00000000   Number         0  fpinit.o ABSOLUTE
    ../fplib/fretinf.s                       0x00000000   Number         0  fretinf.o ABSOLUTE
    ../fplib/retnan.s                        0x00000000   Number         0  retnan.o ABSOLUTE
    ../fplib/scalbn.s                        0x00000000   Number         0  scalbn.o ABSOLUTE
    ../fplib/trapv.s                         0x00000000   Number         0  trapv.o ABSOLUTE
    ../fplib/usenofp.s                       0x00000000   Number         0  usenofp.o ABSOLUTE
    ../mathlib/asin.c                        0x00000000   Number         0  asin_x.o ABSOLUTE
    ../mathlib/asin.c                        0x00000000   Number         0  asin.o ABSOLUTE
    ../mathlib/dunder.c                      0x00000000   Number         0  dunder.o ABSOLUTE
    ../mathlib/fpclassify.c                  0x00000000   Number         0  fpclassify.o ABSOLUTE
    ../mathlib/poly.c                        0x00000000   Number         0  poly.o ABSOLUTE
    ../mathlib/pow.c                         0x00000000   Number         0  pow_x.o ABSOLUTE
    ../mathlib/pow.c                         0x00000000   Number         0  pow.o ABSOLUTE
    ../mathlib/qnan.c                        0x00000000   Number         0  qnan.o ABSOLUTE
    ../mathlib/sqrt.c                        0x00000000   Number         0  sqrt.o ABSOLUTE
    ../mathlib/sqrt.c                        0x00000000   Number         0  sqrt_x.o ABSOLUTE
    D:\Keil\ARM\PACK\Keil\STM32F1xx_DFP\2.3.0\Device\StdPeriph_Driver\src\misc.c 0x00000000   Number         0  misc.o ABSOLUTE
    D:\Keil\ARM\PACK\Keil\STM32F1xx_DFP\2.3.0\Device\StdPeriph_Driver\src\stm32f10x_adc.c 0x00000000   Number         0  stm32f10x_adc.o ABSOLUTE
    D:\Keil\ARM\PACK\Keil\STM32F1xx_DFP\2.3.0\Device\StdPeriph_Driver\src\stm32f10x_dac.c 0x00000000   Number         0  stm32f10x_dac.o ABSOLUTE
    D:\Keil\ARM\PACK\Keil\STM32F1xx_DFP\2.3.0\Device\StdPeriph_Driver\src\stm32f10x_dma.c 0x00000000   Number         0  stm32f10x_dma.o ABSOLUTE
    D:\Keil\ARM\PACK\Keil\STM32F1xx_DFP\2.3.0\Device\StdPeriph_Driver\src\stm32f10x_exti.c 0x00000000   Number         0  stm32f10x_exti.o ABSOLUTE
    D:\Keil\ARM\PACK\Keil\STM32F1xx_DFP\2.3.0\Device\StdPeriph_Driver\src\stm32f10x_gpio.c 0x00000000   Number         0  stm32f10x_gpio.o ABSOLUTE
    D:\Keil\ARM\PACK\Keil\STM32F1xx_DFP\2.3.0\Device\StdPeriph_Driver\src\stm32f10x_rcc.c 0x00000000   Number         0  stm32f10x_rcc.o ABSOLUTE
    D:\Keil\ARM\PACK\Keil\STM32F1xx_DFP\2.3.0\Device\StdPeriph_Driver\src\stm32f10x_rtc.c 0x00000000   Number         0  stm32f10x_rtc.o ABSOLUTE
    D:\Keil\ARM\PACK\Keil\STM32F1xx_DFP\2.3.0\Device\StdPeriph_Driver\src\stm32f10x_spi.c 0x00000000   Number         0  stm32f10x_spi.o ABSOLUTE
    D:\Keil\ARM\PACK\Keil\STM32F1xx_DFP\2.3.0\Device\StdPeriph_Driver\src\stm32f10x_tim.c 0x00000000   Number         0  stm32f10x_tim.o ABSOLUTE
    D:\Keil\ARM\PACK\Keil\STM32F1xx_DFP\2.3.0\Device\StdPeriph_Driver\src\stm32f10x_usart.c 0x00000000   Number         0  stm32f10x_usart.o ABSOLUTE
    D:\\Keil\\ARM\\PACK\\Keil\\STM32F1xx_DFP\\2.3.0\\Device\\StdPeriph_Driver\\src\\misc.c 0x00000000   Number         0  misc.o ABSOLUTE
    D:\\Keil\\ARM\\PACK\\Keil\\STM32F1xx_DFP\\2.3.0\\Device\\StdPeriph_Driver\\src\\stm32f10x_adc.c 0x00000000   Number         0  stm32f10x_adc.o ABSOLUTE
    D:\\Keil\\ARM\\PACK\\Keil\\STM32F1xx_DFP\\2.3.0\\Device\\StdPeriph_Driver\\src\\stm32f10x_dac.c 0x00000000   Number         0  stm32f10x_dac.o ABSOLUTE
    D:\\Keil\\ARM\\PACK\\Keil\\STM32F1xx_DFP\\2.3.0\\Device\\StdPeriph_Driver\\src\\stm32f10x_dma.c 0x00000000   Number         0  stm32f10x_dma.o ABSOLUTE
    D:\\Keil\\ARM\\PACK\\Keil\\STM32F1xx_DFP\\2.3.0\\Device\\StdPeriph_Driver\\src\\stm32f10x_exti.c 0x00000000   Number         0  stm32f10x_exti.o ABSOLUTE
    D:\\Keil\\ARM\\PACK\\Keil\\STM32F1xx_DFP\\2.3.0\\Device\\StdPeriph_Driver\\src\\stm32f10x_gpio.c 0x00000000   Number         0  stm32f10x_gpio.o ABSOLUTE
    D:\\Keil\\ARM\\PACK\\Keil\\STM32F1xx_DFP\\2.3.0\\Device\\StdPeriph_Driver\\src\\stm32f10x_rcc.c 0x00000000   Number         0  stm32f10x_rcc.o ABSOLUTE
    D:\\Keil\\ARM\\PACK\\Keil\\STM32F1xx_DFP\\2.3.0\\Device\\StdPeriph_Driver\\src\\stm32f10x_rtc.c 0x00000000   Number         0  stm32f10x_rtc.o ABSOLUTE
    D:\\Keil\\ARM\\PACK\\Keil\\STM32F1xx_DFP\\2.3.0\\Device\\StdPeriph_Driver\\src\\stm32f10x_spi.c 0x00000000   Number         0  stm32f10x_spi.o ABSOLUTE
    D:\\Keil\\ARM\\PACK\\Keil\\STM32F1xx_DFP\\2.3.0\\Device\\StdPeriph_Driver\\src\\stm32f10x_tim.c 0x00000000   Number         0  stm32f10x_tim.o ABSOLUTE
    D:\\Keil\\ARM\\PACK\\Keil\\STM32F1xx_DFP\\2.3.0\\Device\\StdPeriph_Driver\\src\\stm32f10x_usart.c 0x00000000   Number         0  stm32f10x_usart.o ABSOLUTE
    RTE\Device\STM32F103RB\startup_stm32f10x_md.s 0x00000000   Number         0  startup_stm32f10x_md.o ABSOLUTE
    RTE\Device\STM32F103RB\system_stm32f10x.c 0x00000000   Number         0  system_stm32f10x.o ABSOLUTE
    RTE\\Device\\STM32F103RB\\system_stm32f10x.c 0x00000000   Number         0  system_stm32f10x.o ABSOLUTE
    dc.s                                     0x00000000   Number         0  dc.o ABSOLUTE
    functions.c                              0x00000000   Number         0  functions.o ABSOLUTE
    functions.c                              0x00000000   Number         0  functions.o ABSOLUTE
    init.c                                   0x00000000   Number         0  init.o ABSOLUTE
    init.c                                   0x00000000   Number         0  init.o ABSOLUTE
    main.c                                   0x00000000   Number         0  main.o ABSOLUTE
    main.c                                   0x00000000   Number         0  main.o ABSOLUTE
    RESET                                    0x08000000   Section      236  startup_stm32f10x_md.o(RESET)
    !!!main                                  0x080000ec   Section        8  __main.o(!!!main)
    !!!scatter                               0x080000f4   Section       52  __scatter.o(!!!scatter)
    !!dczerorl2                              0x08000128   Section       90  __dczerorl2.o(!!dczerorl2)
    !!handler_zi                             0x08000184   Section       28  __scatter_zi.o(!!handler_zi)
    .ARM.Collect$$libinit$$00000000          0x080001a0   Section        2  libinit.o(.ARM.Collect$$libinit$$00000000)
    .ARM.Collect$$libinit$$00000002          0x080001a2   Section        0  libinit2.o(.ARM.Collect$$libinit$$00000002)
    .ARM.Collect$$libinit$$00000004          0x080001a2   Section        0  libinit2.o(.ARM.Collect$$libinit$$00000004)
    .ARM.Collect$$libinit$$0000000A          0x080001a2   Section        0  libinit2.o(.ARM.Collect$$libinit$$0000000A)
    .ARM.Collect$$libinit$$0000000C          0x080001a2   Section        0  libinit2.o(.ARM.Collect$$libinit$$0000000C)
    .ARM.Collect$$libinit$$0000000E          0x080001a2   Section        0  libinit2.o(.ARM.Collect$$libinit$$0000000E)
    .ARM.Collect$$libinit$$00000011          0x080001a2   Section        0  libinit2.o(.ARM.Collect$$libinit$$00000011)
    .ARM.Collect$$libinit$$00000013          0x080001a2   Section        0  libinit2.o(.ARM.Collect$$libinit$$00000013)
    .ARM.Collect$$libinit$$00000015          0x080001a2   Section        0  libinit2.o(.ARM.Collect$$libinit$$00000015)
    .ARM.Collect$$libinit$$00000017          0x080001a2   Section        0  libinit2.o(.ARM.Collect$$libinit$$00000017)
    .ARM.Collect$$libinit$$00000019          0x080001a2   Section        0  libinit2.o(.ARM.Collect$$libinit$$00000019)
    .ARM.Collect$$libinit$$0000001B          0x080001a2   Section        0  libinit2.o(.ARM.Collect$$libinit$$0000001B)
    .ARM.Collect$$libinit$$0000001D          0x080001a2   Section        0  libinit2.o(.ARM.Collect$$libinit$$0000001D)
    .ARM.Collect$$libinit$$0000001F          0x080001a2   Section        0  libinit2.o(.ARM.Collect$$libinit$$0000001F)
    .ARM.Collect$$libinit$$00000021          0x080001a2   Section        0  libinit2.o(.ARM.Collect$$libinit$$00000021)
    .ARM.Collect$$libinit$$00000023          0x080001a2   Section        0  libinit2.o(.ARM.Collect$$libinit$$00000023)
    .ARM.Collect$$libinit$$00000025          0x080001a2   Section        0  libinit2.o(.ARM.Collect$$libinit$$00000025)
    .ARM.Collect$$libinit$$0000002C          0x080001a2   Section        0  libinit2.o(.ARM.Collect$$libinit$$0000002C)
    .ARM.Collect$$libinit$$0000002E          0x080001a2   Section        0  libinit2.o(.ARM.Collect$$libinit$$0000002E)
    .ARM.Collect$$libinit$$00000030          0x080001a2   Section        0  libinit2.o(.ARM.Collect$$libinit$$00000030)
    .ARM.Collect$$libinit$$00000032          0x080001a2   Section        0  libinit2.o(.ARM.Collect$$libinit$$00000032)
    .ARM.Collect$$libinit$$00000033          0x080001a2   Section        2  libinit2.o(.ARM.Collect$$libinit$$00000033)
    .ARM.Collect$$libshutdown$$00000000      0x080001a4   Section        2  libshutdown.o(.ARM.Collect$$libshutdown$$00000000)
    .ARM.Collect$$libshutdown$$00000002      0x080001a6   Section        0  libshutdown2.o(.ARM.Collect$$libshutdown$$00000002)
    .ARM.Collect$$libshutdown$$00000004      0x080001a6   Section        0  libshutdown2.o(.ARM.Collect$$libshutdown$$00000004)
    .ARM.Collect$$libshutdown$$00000007      0x080001a6   Section        0  libshutdown2.o(.ARM.Collect$$libshutdown$$00000007)
    .ARM.Collect$$libshutdown$$0000000A      0x080001a6   Section        0  libshutdown2.o(.ARM.Collect$$libshutdown$$0000000A)
    .ARM.Collect$$libshutdown$$0000000C      0x080001a6   Section        0  libshutdown2.o(.ARM.Collect$$libshutdown$$0000000C)
    .ARM.Collect$$libshutdown$$0000000F      0x080001a6   Section        0  libshutdown2.o(.ARM.Collect$$libshutdown$$0000000F)
    .ARM.Collect$$libshutdown$$00000010      0x080001a6   Section        2  libshutdown2.o(.ARM.Collect$$libshutdown$$00000010)
    .ARM.Collect$$rtentry$$00000000          0x080001a8   Section        0  __rtentry.o(.ARM.Collect$$rtentry$$00000000)
    .ARM.Collect$$rtentry$$00000002          0x080001a8   Section        0  __rtentry2.o(.ARM.Collect$$rtentry$$00000002)
    .ARM.Collect$$rtentry$$00000004          0x080001a8   Section        6  __rtentry4.o(.ARM.Collect$$rtentry$$00000004)
    .ARM.Collect$$rtentry$$00000009          0x080001ae   Section        0  __rtentry2.o(.ARM.Collect$$rtentry$$00000009)
    .ARM.Collect$$rtentry$$0000000A          0x080001ae   Section        4  __rtentry2.o(.ARM.Collect$$rtentry$$0000000A)
    .ARM.Collect$$rtentry$$0000000C          0x080001b2   Section        0  __rtentry2.o(.ARM.Collect$$rtentry$$0000000C)
    .ARM.Collect$$rtentry$$0000000D          0x080001b2   Section        8  __rtentry2.o(.ARM.Collect$$rtentry$$0000000D)
    .ARM.Collect$$rtexit$$00000000           0x080001ba   Section        2  rtexit.o(.ARM.Collect$$rtexit$$00000000)
    .ARM.Collect$$rtexit$$00000002           0x080001bc   Section        0  rtexit2.o(.ARM.Collect$$rtexit$$00000002)
    .ARM.Collect$$rtexit$$00000003           0x080001bc   Section        4  rtexit2.o(.ARM.Collect$$rtexit$$00000003)
    .ARM.Collect$$rtexit$$00000004           0x080001c0   Section        6  rtexit2.o(.ARM.Collect$$rtexit$$00000004)
    .text                                    0x080001c8   Section       64  startup_stm32f10x_md.o(.text)
    .text                                    0x08000208   Section        0  heapauxi.o(.text)
    .text                                    0x0800020e   Section        0  _rserrno.o(.text)
    .text                                    0x08000224   Section        8  rt_errno_addr_intlibspace.o(.text)
    .text                                    0x0800022c   Section        8  libspace.o(.text)
    .text                                    0x08000234   Section       74  sys_stackheap_outer.o(.text)
    .text                                    0x0800027e   Section        0  exit.o(.text)
    .text                                    0x08000290   Section        0  sys_exit.o(.text)
    .text                                    0x0800029c   Section        2  use_no_semi.o(.text)
    .text                                    0x0800029e   Section        0  indicate_semi.o(.text)
    i.Button_init                            0x080002a0   Section        0  init.o(i.Button_init)
    i.EXTI1_IRQHandler                       0x080002f8   Section        0  main.o(i.EXTI1_IRQHandler)
    i.EXTI9_5_IRQHandler                     0x08000318   Section        0  main.o(i.EXTI9_5_IRQHandler)
    i.EXTI_ClearITPendingBit                 0x0800039c   Section        0  stm32f10x_exti.o(i.EXTI_ClearITPendingBit)
    i.EXTI_GetITStatus                       0x080003a8   Section        0  stm32f10x_exti.o(i.EXTI_GetITStatus)
    i.EXTI_Init                              0x080003d0   Section        0  stm32f10x_exti.o(i.EXTI_Init)
    i.GPIO_EXTILineConfig                    0x08000464   Section        0  stm32f10x_gpio.o(i.GPIO_EXTILineConfig)
    i.GPIO_Init                              0x080004a4   Section        0  stm32f10x_gpio.o(i.GPIO_Init)
    i.GPIO_ReadOutputDataBit                 0x080005ba   Section        0  stm32f10x_gpio.o(i.GPIO_ReadOutputDataBit)
    i.GPIO_WriteBit                          0x080005cc   Section        0  stm32f10x_gpio.o(i.GPIO_WriteBit)
    i.Hex2Dec                                0x080005d6   Section        0  functions.o(i.Hex2Dec)
    i.Left_Wheel_Cnt_init                    0x080005f4   Section        0  init.o(i.Left_Wheel_Cnt_init)
    i.NVIC_Init                              0x0800065c   Section        0  misc.o(i.NVIC_Init)
    i.OnBoard_lED_Init                       0x080006cc   Section        0  init.o(i.OnBoard_lED_Init)
    i.RCC_APB1PeriphClockCmd                 0x080006f8   Section        0  stm32f10x_rcc.o(i.RCC_APB1PeriphClockCmd)
    i.RCC_APB2PeriphClockCmd                 0x08000718   Section        0  stm32f10x_rcc.o(i.RCC_APB2PeriphClockCmd)
    i.RCC_GetClocksFreq                      0x08000738   Section        0  stm32f10x_rcc.o(i.RCC_GetClocksFreq)
    i.Right_Wheel_Cnt_init                   0x0800080c   Section        0  init.o(i.Right_Wheel_Cnt_init)
    i.SPI2_init                              0x08000874   Section        0  init.o(i.SPI2_init)
    i.SPI_Cmd                                0x0800091c   Section        0  stm32f10x_spi.o(i.SPI_Cmd)
    i.SPI_Init                               0x08000934   Section        0  stm32f10x_spi.o(i.SPI_Init)
    i.SetSysClock                            0x08000970   Section        0  system_stm32f10x.o(i.SetSysClock)
    SetSysClock                              0x08000971   Thumb Code     8  system_stm32f10x.o(i.SetSysClock)
    i.SetSysClockTo72                        0x08000978   Section        0  system_stm32f10x.o(i.SetSysClockTo72)
    SetSysClockTo72                          0x08000979   Thumb Code   214  system_stm32f10x.o(i.SetSysClockTo72)
    i.SystemInit                             0x08000a58   Section        0  system_stm32f10x.o(i.SystemInit)
    i.TIM2_IRQHandler                        0x08000ab8   Section        0  main.o(i.TIM2_IRQHandler)
    i.TIM2_Init                              0x08000bf8   Section        0  init.o(i.TIM2_Init)
    i.TIM3_CH12_PWM_init                     0x08000c48   Section        0  init.o(i.TIM3_CH12_PWM_init)
    i.TIM_ClearITPendingBit                  0x08000d1c   Section        0  stm32f10x_tim.o(i.TIM_ClearITPendingBit)
    i.TIM_Cmd                                0x08000d22   Section        0  stm32f10x_tim.o(i.TIM_Cmd)
    i.TIM_GetITStatus                        0x08000d3a   Section        0  stm32f10x_tim.o(i.TIM_GetITStatus)
    i.TIM_ITConfig                           0x08000d5c   Section        0  stm32f10x_tim.o(i.TIM_ITConfig)
    i.TIM_OC1Init                            0x08000d70   Section        0  stm32f10x_tim.o(i.TIM_OC1Init)
    i.TIM_OC1PreloadConfig                   0x08000e08   Section        0  stm32f10x_tim.o(i.TIM_OC1PreloadConfig)
    i.TIM_OC2Init                            0x08000e1c   Section        0  stm32f10x_tim.o(i.TIM_OC2Init)
    i.TIM_OC2PreloadConfig                   0x08000ec0   Section        0  stm32f10x_tim.o(i.TIM_OC2PreloadConfig)
    i.TIM_TimeBaseInit                       0x08000edc   Section        0  stm32f10x_tim.o(i.TIM_TimeBaseInit)
    i.USART2_IRQHandler                      0x08000f80   Section        0  main.o(i.USART2_IRQHandler)
    i.USART2_init                            0x08000fb8   Section        0  init.o(i.USART2_init)
    i.USART_Cmd                              0x0800105c   Section        0  stm32f10x_usart.o(i.USART_Cmd)
    i.USART_GetFlagStatus                    0x08001074   Section        0  stm32f10x_usart.o(i.USART_GetFlagStatus)
    i.USART_GetITStatus                      0x0800108e   Section        0  stm32f10x_usart.o(i.USART_GetITStatus)
    i.USART_ITConfig                         0x080010e2   Section        0  stm32f10x_usart.o(i.USART_ITConfig)
    i.USART_Init                             0x0800112c   Section        0  stm32f10x_usart.o(i.USART_Init)
    i.USART_ReceiveData                      0x08001204   Section        0  stm32f10x_usart.o(i.USART_ReceiveData)
    i.USART_SendData                         0x0800120e   Section        0  stm32f10x_usart.o(i.USART_SendData)
    i.USARTsend                              0x08001218   Section        0  functions.o(i.USARTsend)
    i.Wheel_Dir_Init                         0x08001248   Section        0  init.o(i.Wheel_Dir_Init)
    i.__ARM_fpclassify                       0x08001294   Section        0  fpclassify.o(i.__ARM_fpclassify)
    i.__NVIC_EnableIRQ                       0x080012bc   Section        0  init.o(i.__NVIC_EnableIRQ)
    __NVIC_EnableIRQ                         0x080012bd   Thumb Code    26  init.o(i.__NVIC_EnableIRQ)
    i.__kernel_poly                          0x080012d6   Section        0  poly.o(i.__kernel_poly)
    i.__mathlib_dbl_divzero                  0x08001380   Section        0  dunder.o(i.__mathlib_dbl_divzero)
    i.__mathlib_dbl_infnan                   0x08001390   Section        0  dunder.o(i.__mathlib_dbl_infnan)
    i.__mathlib_dbl_infnan2                  0x08001396   Section        0  dunder.o(i.__mathlib_dbl_infnan2)
    i.__mathlib_dbl_invalid                  0x0800139a   Section        0  dunder.o(i.__mathlib_dbl_invalid)
    i.__mathlib_dbl_overflow                 0x080013a6   Section        0  dunder.o(i.__mathlib_dbl_overflow)
    i.__mathlib_dbl_underflow                0x080013b4   Section        0  dunder.o(i.__mathlib_dbl_underflow)
    i.asin                                   0x080013c4   Section        0  asin.o(i.asin)
    i.blinkLight                             0x08001634   Section        0  functions.o(i.blinkLight)
    i.checkBallPos                           0x0800165c   Section        0  main.o(i.checkBallPos)
    i.checkInGreen                           0x0800168c   Section        0  main.o(i.checkInGreen)
    i.check_wifiData                         0x080016b0   Section        0  main.o(i.check_wifiData)
    i.clear_variables                        0x08001b08   Section        0  main.o(i.clear_variables)
    i.main                                   0x08001b4c   Section        0  main.o(i.main)
    i.move                                   0x08001b90   Section        0  main.o(i.move)
    i.offLight                               0x080021c8   Section        0  functions.o(i.offLight)
    i.onLight                                0x080021dc   Section        0  functions.o(i.onLight)
    i.pow                                    0x080021f0   Section        0  pow.o(i.pow)
    i.powerLeft                              0x08002bc8   Section        0  functions.o(i.powerLeft)
    i.powerRight                             0x08002bec   Section        0  functions.o(i.powerRight)
    i.setBackwardLeft                        0x08002c10   Section        0  functions.o(i.setBackwardLeft)
    i.setBackwardRight                       0x08002c24   Section        0  functions.o(i.setBackwardRight)
    i.setForwardLeft                         0x08002c38   Section        0  functions.o(i.setForwardLeft)
    i.setForwardRight                        0x08002c4c   Section        0  functions.o(i.setForwardRight)
    i.sqrt                                   0x08002c60   Section        0  sqrt.o(i.sqrt)
    i.stopMotor                              0x08002cac   Section        0  functions.o(i.stopMotor)
    x$fpl$d2f                                0x08002cbc   Section       98  d2f.o(x$fpl$d2f)
    x$fpl$dadd                               0x08002d20   Section      336  daddsub_clz.o(x$fpl$dadd)
    _dadd1                                   0x08002d31   Thumb Code     0  daddsub_clz.o(x$fpl$dadd)
    x$fpl$dcheck1                            0x08002e70   Section       16  dcheck1.o(x$fpl$dcheck1)
    x$fpl$dcmpinf                            0x08002e80   Section       24  dcmpi.o(x$fpl$dcmpinf)
    x$fpl$ddiv                               0x08002e98   Section      688  ddiv.o(x$fpl$ddiv)
    ddiv_entry                               0x08002e9f   Thumb Code     0  ddiv.o(x$fpl$ddiv)
    x$fpl$dflt                               0x08003148   Section       46  dflt_clz.o(x$fpl$dflt)
    x$fpl$dleqf                              0x08003178   Section      120  dleqf.o(x$fpl$dleqf)
    x$fpl$dmul                               0x080031f0   Section      340  dmul.o(x$fpl$dmul)
    x$fpl$dnaninf                            0x08003344   Section      156  dnaninf.o(x$fpl$dnaninf)
    x$fpl$dretinf                            0x080033e0   Section       12  dretinf.o(x$fpl$dretinf)
    x$fpl$drleqf                             0x080033ec   Section      108  drleqf.o(x$fpl$drleqf)
    x$fpl$drsb                               0x08003458   Section       22  daddsub_clz.o(x$fpl$drsb)
    x$fpl$dsqrt                              0x08003470   Section      460  dsqrt_noumaal.o(x$fpl$dsqrt)
    x$fpl$dsub                               0x0800363c   Section      468  daddsub_clz.o(x$fpl$dsub)
    _dsub1                                   0x0800364d   Thumb Code     0  daddsub_clz.o(x$fpl$dsub)
    x$fpl$fadd                               0x08003810   Section      196  faddsub_clz.o(x$fpl$fadd)
    _fadd1                                   0x0800381f   Thumb Code     0  faddsub_clz.o(x$fpl$fadd)
    x$fpl$ffix                               0x080038d4   Section       54  ffix.o(x$fpl$ffix)
    x$fpl$fflt                               0x0800390c   Section       48  fflt_clz.o(x$fpl$fflt)
    x$fpl$fmul                               0x0800393c   Section      258  fmul.o(x$fpl$fmul)
    x$fpl$fnaninf                            0x08003a3e   Section      140  fnaninf.o(x$fpl$fnaninf)
    x$fpl$fretinf                            0x08003aca   Section       10  fretinf.o(x$fpl$fretinf)
    x$fpl$fsub                               0x08003ad4   Section      234  faddsub_clz.o(x$fpl$fsub)
    _fsub1                                   0x08003ae3   Thumb Code     0  faddsub_clz.o(x$fpl$fsub)
    x$fpl$retnan                             0x08003bbe   Section      100  retnan.o(x$fpl$retnan)
    x$fpl$scalbn                             0x08003c22   Section       92  scalbn.o(x$fpl$scalbn)
    x$fpl$trapveneer                         0x08003c7e   Section       48  trapv.o(x$fpl$trapveneer)
    x$fpl$usenofp                            0x08003cae   Section        0  usenofp.o(x$fpl$usenofp)
    .constdata                               0x08003cb0   Section       80  asin.o(.constdata)
    pS                                       0x08003cb0   Data          48  asin.o(.constdata)
    qS                                       0x08003ce0   Data          32  asin.o(.constdata)
    .constdata                               0x08003d00   Section      136  pow.o(.constdata)
    bp                                       0x08003d00   Data          16  pow.o(.constdata)
    dp_h                                     0x08003d10   Data          16  pow.o(.constdata)
    dp_l                                     0x08003d20   Data          16  pow.o(.constdata)
    L                                        0x08003d30   Data          48  pow.o(.constdata)
    P                                        0x08003d60   Data          40  pow.o(.constdata)
    .constdata                               0x08003d88   Section        8  qnan.o(.constdata)
    .data                                    0x20000000   Section      284  main.o(.data)
    .data                                    0x2000011c   Section       20  stm32f10x_rcc.o(.data)
    APBAHBPrescTable                         0x2000011c   Data          16  stm32f10x_rcc.o(.data)
    ADCPrescTable                            0x2000012c   Data           4  stm32f10x_rcc.o(.data)
    .bss                                     0x20000130   Section    10100  main.o(.bss)
    .bss                                     0x200028a4   Section       96  libspace.o(.bss)
    HEAP                                     0x20002908   Section      512  startup_stm32f10x_md.o(HEAP)
    Heap_Mem                                 0x20002908   Data         512  startup_stm32f10x_md.o(HEAP)
    STACK                                    0x20002b08   Section     1024  startup_stm32f10x_md.o(STACK)
    Stack_Mem                                0x20002b08   Data        1024  startup_stm32f10x_md.o(STACK)
    __initial_sp                             0x20002f08   Data           0  startup_stm32f10x_md.o(STACK)

    Global Symbols

    Symbol Name                              Value     Ov Type        Size  Object(Section)

    BuildAttributes$$THM_ISAv4$P$D$K$B$S$PE$A:L22UL41UL21$X:L11$S22US41US21$IEEE1$IW$USESV6$~STKCKD$USESV7$~SHL$OTIME$ROPI$IEEEX$EBA8$UX$STANDARDLIB$REQ8$PRES8$EABIv2 0x00000000   Number         0  anon$$obj.o ABSOLUTE
    __ARM_use_no_argv                        0x00000000   Number         0  main.o ABSOLUTE
    __ARM_exceptions_init                     - Undefined Weak Reference
    __alloca_initialize                       - Undefined Weak Reference
    __arm_preinit_                            - Undefined Weak Reference
    __cpp_initialize__aeabi_                  - Undefined Weak Reference
    __cxa_finalize                            - Undefined Weak Reference
    __rt_locale                               - Undefined Weak Reference
    __sigvec_lookup                           - Undefined Weak Reference
    _atexit_init                              - Undefined Weak Reference
    _call_atexit_fns                          - Undefined Weak Reference
    _clock_init                               - Undefined Weak Reference
    _fp_trap_init                             - Undefined Weak Reference
    _fp_trap_shutdown                         - Undefined Weak Reference
    _get_lc_collate                           - Undefined Weak Reference
    _get_lc_ctype                             - Undefined Weak Reference
    _get_lc_monetary                          - Undefined Weak Reference
    _get_lc_numeric                           - Undefined Weak Reference
    _get_lc_time                              - Undefined Weak Reference
    _getenv_init                              - Undefined Weak Reference
    _handle_redirection                       - Undefined Weak Reference
    _init_alloc                               - Undefined Weak Reference
    _init_user_alloc                          - Undefined Weak Reference
    _initio                                   - Undefined Weak Reference
    _rand_init                                - Undefined Weak Reference
    _signal_finish                            - Undefined Weak Reference
    _signal_init                              - Undefined Weak Reference
    _terminate_alloc                          - Undefined Weak Reference
    _terminate_user_alloc                     - Undefined Weak Reference
    _terminateio                              - Undefined Weak Reference
    __Vectors_Size                           0x000000ec   Number         0  startup_stm32f10x_md.o ABSOLUTE
    __Vectors                                0x08000000   Data           4  startup_stm32f10x_md.o(RESET)
    __Vectors_End                            0x080000ec   Data           0  startup_stm32f10x_md.o(RESET)
    __main                                   0x080000ed   Thumb Code     8  __main.o(!!!main)
    __scatterload                            0x080000f5   Thumb Code     0  __scatter.o(!!!scatter)
    __scatterload_rt2                        0x080000f5   Thumb Code    44  __scatter.o(!!!scatter)
    __scatterload_rt2_thumb_only             0x080000f5   Thumb Code     0  __scatter.o(!!!scatter)
    __scatterload_null                       0x08000103   Thumb Code     0  __scatter.o(!!!scatter)
    __decompress                             0x08000129   Thumb Code    90  __dczerorl2.o(!!dczerorl2)
    __decompress1                            0x08000129   Thumb Code     0  __dczerorl2.o(!!dczerorl2)
    __scatterload_zeroinit                   0x08000185   Thumb Code    28  __scatter_zi.o(!!handler_zi)
    __rt_lib_init                            0x080001a1   Thumb Code     0  libinit.o(.ARM.Collect$$libinit$$00000000)
    __rt_lib_init_alloca_1                   0x080001a3   Thumb Code     0  libinit2.o(.ARM.Collect$$libinit$$0000002E)
    __rt_lib_init_argv_1                     0x080001a3   Thumb Code     0  libinit2.o(.ARM.Collect$$libinit$$0000002C)
    __rt_lib_init_atexit_1                   0x080001a3   Thumb Code     0  libinit2.o(.ARM.Collect$$libinit$$0000001B)
    __rt_lib_init_clock_1                    0x080001a3   Thumb Code     0  libinit2.o(.ARM.Collect$$libinit$$00000021)
    __rt_lib_init_cpp_1                      0x080001a3   Thumb Code     0  libinit2.o(.ARM.Collect$$libinit$$00000032)
    __rt_lib_init_exceptions_1               0x080001a3   Thumb Code     0  libinit2.o(.ARM.Collect$$libinit$$00000030)
    __rt_lib_init_fp_1                       0x080001a3   Thumb Code     0  libinit2.o(.ARM.Collect$$libinit$$00000002)
    __rt_lib_init_fp_trap_1                  0x080001a3   Thumb Code     0  libinit2.o(.ARM.Collect$$libinit$$0000001F)
    __rt_lib_init_getenv_1                   0x080001a3   Thumb Code     0  libinit2.o(.ARM.Collect$$libinit$$00000023)
    __rt_lib_init_heap_1                     0x080001a3   Thumb Code     0  libinit2.o(.ARM.Collect$$libinit$$0000000A)
    __rt_lib_init_lc_collate_1               0x080001a3   Thumb Code     0  libinit2.o(.ARM.Collect$$libinit$$00000011)
    __rt_lib_init_lc_ctype_1                 0x080001a3   Thumb Code     0  libinit2.o(.ARM.Collect$$libinit$$00000013)
    __rt_lib_init_lc_monetary_1              0x080001a3   Thumb Code     0  libinit2.o(.ARM.Collect$$libinit$$00000015)
    __rt_lib_init_lc_numeric_1               0x080001a3   Thumb Code     0  libinit2.o(.ARM.Collect$$libinit$$00000017)
    __rt_lib_init_lc_time_1                  0x080001a3   Thumb Code     0  libinit2.o(.ARM.Collect$$libinit$$00000019)
    __rt_lib_init_preinit_1                  0x080001a3   Thumb Code     0  libinit2.o(.ARM.Collect$$libinit$$00000004)
    __rt_lib_init_rand_1                     0x080001a3   Thumb Code     0  libinit2.o(.ARM.Collect$$libinit$$0000000E)
    __rt_lib_init_return                     0x080001a3   Thumb Code     0  libinit2.o(.ARM.Collect$$libinit$$00000033)
    __rt_lib_init_signal_1                   0x080001a3   Thumb Code     0  libinit2.o(.ARM.Collect$$libinit$$0000001D)
    __rt_lib_init_stdio_1                    0x080001a3   Thumb Code     0  libinit2.o(.ARM.Collect$$libinit$$00000025)
    __rt_lib_init_user_alloc_1               0x080001a3   Thumb Code     0  libinit2.o(.ARM.Collect$$libinit$$0000000C)
    __rt_lib_shutdown                        0x080001a5   Thumb Code     0  libshutdown.o(.ARM.Collect$$libshutdown$$00000000)
    __rt_lib_shutdown_cpp_1                  0x080001a7   Thumb Code     0  libshutdown2.o(.ARM.Collect$$libshutdown$$00000002)
    __rt_lib_shutdown_fp_trap_1              0x080001a7   Thumb Code     0  libshutdown2.o(.ARM.Collect$$libshutdown$$00000007)
    __rt_lib_shutdown_heap_1                 0x080001a7   Thumb Code     0  libshutdown2.o(.ARM.Collect$$libshutdown$$0000000F)
    __rt_lib_shutdown_return                 0x080001a7   Thumb Code     0  libshutdown2.o(.ARM.Collect$$libshutdown$$00000010)
    __rt_lib_shutdown_signal_1               0x080001a7   Thumb Code     0  libshutdown2.o(.ARM.Collect$$libshutdown$$0000000A)
    __rt_lib_shutdown_stdio_1                0x080001a7   Thumb Code     0  libshutdown2.o(.ARM.Collect$$libshutdown$$00000004)
    __rt_lib_shutdown_user_alloc_1           0x080001a7   Thumb Code     0  libshutdown2.o(.ARM.Collect$$libshutdown$$0000000C)
    __rt_entry                               0x080001a9   Thumb Code     0  __rtentry.o(.ARM.Collect$$rtentry$$00000000)
    __rt_entry_presh_1                       0x080001a9   Thumb Code     0  __rtentry2.o(.ARM.Collect$$rtentry$$00000002)
    __rt_entry_sh                            0x080001a9   Thumb Code     0  __rtentry4.o(.ARM.Collect$$rtentry$$00000004)
    __rt_entry_li                            0x080001af   Thumb Code     0  __rtentry2.o(.ARM.Collect$$rtentry$$0000000A)
    __rt_entry_postsh_1                      0x080001af   Thumb Code     0  __rtentry2.o(.ARM.Collect$$rtentry$$00000009)
    __rt_entry_main                          0x080001b3   Thumb Code     0  __rtentry2.o(.ARM.Collect$$rtentry$$0000000D)
    __rt_entry_postli_1                      0x080001b3   Thumb Code     0  __rtentry2.o(.ARM.Collect$$rtentry$$0000000C)
    __rt_exit                                0x080001bb   Thumb Code     0  rtexit.o(.ARM.Collect$$rtexit$$00000000)
    __rt_exit_ls                             0x080001bd   Thumb Code     0  rtexit2.o(.ARM.Collect$$rtexit$$00000003)
    __rt_exit_prels_1                        0x080001bd   Thumb Code     0  rtexit2.o(.ARM.Collect$$rtexit$$00000002)
    __rt_exit_exit                           0x080001c1   Thumb Code     0  rtexit2.o(.ARM.Collect$$rtexit$$00000004)
    Reset_Handler                            0x080001c9   Thumb Code     8  startup_stm32f10x_md.o(.text)
    NMI_Handler                              0x080001d1   Thumb Code     2  startup_stm32f10x_md.o(.text)
    HardFault_Handler                        0x080001d3   Thumb Code     2  startup_stm32f10x_md.o(.text)
    MemManage_Handler                        0x080001d5   Thumb Code     2  startup_stm32f10x_md.o(.text)
    BusFault_Handler                         0x080001d7   Thumb Code     2  startup_stm32f10x_md.o(.text)
    UsageFault_Handler                       0x080001d9   Thumb Code     2  startup_stm32f10x_md.o(.text)
    SVC_Handler                              0x080001db   Thumb Code     2  startup_stm32f10x_md.o(.text)
    DebugMon_Handler                         0x080001dd   Thumb Code     2  startup_stm32f10x_md.o(.text)
    PendSV_Handler                           0x080001df   Thumb Code     2  startup_stm32f10x_md.o(.text)
    SysTick_Handler                          0x080001e1   Thumb Code     2  startup_stm32f10x_md.o(.text)
    ADC1_2_IRQHandler                        0x080001e3   Thumb Code     0  startup_stm32f10x_md.o(.text)
    CAN1_RX1_IRQHandler                      0x080001e3   Thumb Code     0  startup_stm32f10x_md.o(.text)
    CAN1_SCE_IRQHandler                      0x080001e3   Thumb Code     0  startup_stm32f10x_md.o(.text)
    DMA1_Channel1_IRQHandler                 0x080001e3   Thumb Code     0  startup_stm32f10x_md.o(.text)
    DMA1_Channel2_IRQHandler                 0x080001e3   Thumb Code     0  startup_stm32f10x_md.o(.text)
    DMA1_Channel3_IRQHandler                 0x080001e3   Thumb Code     0  startup_stm32f10x_md.o(.text)
    DMA1_Channel4_IRQHandler                 0x080001e3   Thumb Code     0  startup_stm32f10x_md.o(.text)
    DMA1_Channel5_IRQHandler                 0x080001e3   Thumb Code     0  startup_stm32f10x_md.o(.text)
    DMA1_Channel6_IRQHandler                 0x080001e3   Thumb Code     0  startup_stm32f10x_md.o(.text)
    DMA1_Channel7_IRQHandler                 0x080001e3   Thumb Code     0  startup_stm32f10x_md.o(.text)
    EXTI0_IRQHandler                         0x080001e3   Thumb Code     0  startup_stm32f10x_md.o(.text)
    EXTI15_10_IRQHandler                     0x080001e3   Thumb Code     0  startup_stm32f10x_md.o(.text)
    EXTI2_IRQHandler                         0x080001e3   Thumb Code     0  startup_stm32f10x_md.o(.text)
    EXTI3_IRQHandler                         0x080001e3   Thumb Code     0  startup_stm32f10x_md.o(.text)
    EXTI4_IRQHandler                         0x080001e3   Thumb Code     0  startup_stm32f10x_md.o(.text)
    FLASH_IRQHandler                         0x080001e3   Thumb Code     0  startup_stm32f10x_md.o(.text)
    I2C1_ER_IRQHandler                       0x080001e3   Thumb Code     0  startup_stm32f10x_md.o(.text)
    I2C1_EV_IRQHandler                       0x080001e3   Thumb Code     0  startup_stm32f10x_md.o(.text)
    I2C2_ER_IRQHandler                       0x080001e3   Thumb Code     0  startup_stm32f10x_md.o(.text)
    I2C2_EV_IRQHandler                       0x080001e3   Thumb Code     0  startup_stm32f10x_md.o(.text)
    PVD_IRQHandler                           0x080001e3   Thumb Code     0  startup_stm32f10x_md.o(.text)
    RCC_IRQHandler                           0x080001e3   Thumb Code     0  startup_stm32f10x_md.o(.text)
    RTCAlarm_IRQHandler                      0x080001e3   Thumb Code     0  startup_stm32f10x_md.o(.text)
    RTC_IRQHandler                           0x080001e3   Thumb Code     0  startup_stm32f10x_md.o(.text)
    SPI1_IRQHandler                          0x080001e3   Thumb Code     0  startup_stm32f10x_md.o(.text)
    SPI2_IRQHandler                          0x080001e3   Thumb Code     0  startup_stm32f10x_md.o(.text)
    TAMPER_IRQHandler                        0x080001e3   Thumb Code     0  startup_stm32f10x_md.o(.text)
    TIM1_BRK_IRQHandler                      0x080001e3   Thumb Code     0  startup_stm32f10x_md.o(.text)
    TIM1_CC_IRQHandler                       0x080001e3   Thumb Code     0  startup_stm32f10x_md.o(.text)
    TIM1_TRG_COM_IRQHandler                  0x080001e3   Thumb Code     0  startup_stm32f10x_md.o(.text)
    TIM1_UP_IRQHandler                       0x080001e3   Thumb Code     0  startup_stm32f10x_md.o(.text)
    TIM3_IRQHandler                          0x080001e3   Thumb Code     0  startup_stm32f10x_md.o(.text)
    TIM4_IRQHandler                          0x080001e3   Thumb Code     0  startup_stm32f10x_md.o(.text)
    USART1_IRQHandler                        0x080001e3   Thumb Code     0  startup_stm32f10x_md.o(.text)
    USART3_IRQHandler                        0x080001e3   Thumb Code     0  startup_stm32f10x_md.o(.text)
    USBWakeUp_IRQHandler                     0x080001e3   Thumb Code     0  startup_stm32f10x_md.o(.text)
    USB_HP_CAN1_TX_IRQHandler                0x080001e3   Thumb Code     0  startup_stm32f10x_md.o(.text)
    USB_LP_CAN1_RX0_IRQHandler               0x080001e3   Thumb Code     0  startup_stm32f10x_md.o(.text)
    WWDG_IRQHandler                          0x080001e3   Thumb Code     0  startup_stm32f10x_md.o(.text)
    __user_initial_stackheap                 0x080001e5   Thumb Code     0  startup_stm32f10x_md.o(.text)
    __use_two_region_memory                  0x08000209   Thumb Code     2  heapauxi.o(.text)
    __rt_heap_escrow$2region                 0x0800020b   Thumb Code     2  heapauxi.o(.text)
    __rt_heap_expand$2region                 0x0800020d   Thumb Code     2  heapauxi.o(.text)
    __read_errno                             0x0800020f   Thumb Code    10  _rserrno.o(.text)
    __set_errno                              0x08000219   Thumb Code    12  _rserrno.o(.text)
    __aeabi_errno_addr                       0x08000225   Thumb Code     8  rt_errno_addr_intlibspace.o(.text)
    __errno$intlibspace                      0x08000225   Thumb Code     0  rt_errno_addr_intlibspace.o(.text)
    __rt_errno_addr$intlibspace              0x08000225   Thumb Code     0  rt_errno_addr_intlibspace.o(.text)
    __user_libspace                          0x0800022d   Thumb Code     8  libspace.o(.text)
    __user_perproc_libspace                  0x0800022d   Thumb Code     0  libspace.o(.text)
    __user_perthread_libspace                0x0800022d   Thumb Code     0  libspace.o(.text)
    __user_setup_stackheap                   0x08000235   Thumb Code    74  sys_stackheap_outer.o(.text)
    exit                                     0x0800027f   Thumb Code    18  exit.o(.text)
    _sys_exit                                0x08000291   Thumb Code     8  sys_exit.o(.text)
    __I$use$semihosting                      0x0800029d   Thumb Code     0  use_no_semi.o(.text)
    __use_no_semihosting_swi                 0x0800029d   Thumb Code     2  use_no_semi.o(.text)
    __semihosting_library_function           0x0800029f   Thumb Code     0  indicate_semi.o(.text)
    Button_init                              0x080002a1   Thumb Code    84  init.o(i.Button_init)
    EXTI1_IRQHandler                         0x080002f9   Thumb Code    28  main.o(i.EXTI1_IRQHandler)
    EXTI9_5_IRQHandler                       0x08000319   Thumb Code   114  main.o(i.EXTI9_5_IRQHandler)
    EXTI_ClearITPendingBit                   0x0800039d   Thumb Code     6  stm32f10x_exti.o(i.EXTI_ClearITPendingBit)
    EXTI_GetITStatus                         0x080003a9   Thumb Code    34  stm32f10x_exti.o(i.EXTI_GetITStatus)
    EXTI_Init                                0x080003d1   Thumb Code   142  stm32f10x_exti.o(i.EXTI_Init)
    GPIO_EXTILineConfig                      0x08000465   Thumb Code    60  stm32f10x_gpio.o(i.GPIO_EXTILineConfig)
    GPIO_Init                                0x080004a5   Thumb Code   278  stm32f10x_gpio.o(i.GPIO_Init)
    GPIO_ReadOutputDataBit                   0x080005bb   Thumb Code    18  stm32f10x_gpio.o(i.GPIO_ReadOutputDataBit)
    GPIO_WriteBit                            0x080005cd   Thumb Code    10  stm32f10x_gpio.o(i.GPIO_WriteBit)
    Hex2Dec                                  0x080005d7   Thumb Code    30  functions.o(i.Hex2Dec)
    Left_Wheel_Cnt_init                      0x080005f5   Thumb Code    98  init.o(i.Left_Wheel_Cnt_init)
    NVIC_Init                                0x0800065d   Thumb Code   100  misc.o(i.NVIC_Init)
    OnBoard_lED_Init                         0x080006cd   Thumb Code    38  init.o(i.OnBoard_lED_Init)
    RCC_APB1PeriphClockCmd                   0x080006f9   Thumb Code    26  stm32f10x_rcc.o(i.RCC_APB1PeriphClockCmd)
    RCC_APB2PeriphClockCmd                   0x08000719   Thumb Code    26  stm32f10x_rcc.o(i.RCC_APB2PeriphClockCmd)
    RCC_GetClocksFreq                        0x08000739   Thumb Code   192  stm32f10x_rcc.o(i.RCC_GetClocksFreq)
    Right_Wheel_Cnt_init                     0x0800080d   Thumb Code    98  init.o(i.Right_Wheel_Cnt_init)
    SPI2_init                                0x08000875   Thumb Code   160  init.o(i.SPI2_init)
    SPI_Cmd                                  0x0800091d   Thumb Code    24  stm32f10x_spi.o(i.SPI_Cmd)
    SPI_Init                                 0x08000935   Thumb Code    60  stm32f10x_spi.o(i.SPI_Init)
    SystemInit                               0x08000a59   Thumb Code    78  system_stm32f10x.o(i.SystemInit)
    TIM2_IRQHandler                          0x08000ab9   Thumb Code   252  main.o(i.TIM2_IRQHandler)
    TIM2_Init                                0x08000bf9   Thumb Code    78  init.o(i.TIM2_Init)
    TIM3_CH12_PWM_init                       0x08000c49   Thumb Code   202  init.o(i.TIM3_CH12_PWM_init)
    TIM_ClearITPendingBit                    0x08000d1d   Thumb Code     6  stm32f10x_tim.o(i.TIM_ClearITPendingBit)
    TIM_Cmd                                  0x08000d23   Thumb Code    24  stm32f10x_tim.o(i.TIM_Cmd)
    TIM_GetITStatus                          0x08000d3b   Thumb Code    34  stm32f10x_tim.o(i.TIM_GetITStatus)
    TIM_ITConfig                             0x08000d5d   Thumb Code    18  stm32f10x_tim.o(i.TIM_ITConfig)
    TIM_OC1Init                              0x08000d71   Thumb Code   132  stm32f10x_tim.o(i.TIM_OC1Init)
    TIM_OC1PreloadConfig                     0x08000e09   Thumb Code    18  stm32f10x_tim.o(i.TIM_OC1PreloadConfig)
    TIM_OC2Init                              0x08000e1d   Thumb Code   154  stm32f10x_tim.o(i.TIM_OC2Init)
    TIM_OC2PreloadConfig                     0x08000ec1   Thumb Code    26  stm32f10x_tim.o(i.TIM_OC2PreloadConfig)
    TIM_TimeBaseInit                         0x08000edd   Thumb Code   122  stm32f10x_tim.o(i.TIM_TimeBaseInit)
    USART2_IRQHandler                        0x08000f81   Thumb Code    44  main.o(i.USART2_IRQHandler)
    USART2_init                              0x08000fb9   Thumb Code   156  init.o(i.USART2_init)
    USART_Cmd                                0x0800105d   Thumb Code    24  stm32f10x_usart.o(i.USART_Cmd)
    USART_GetFlagStatus                      0x08001075   Thumb Code    26  stm32f10x_usart.o(i.USART_GetFlagStatus)
    USART_GetITStatus                        0x0800108f   Thumb Code    84  stm32f10x_usart.o(i.USART_GetITStatus)
    USART_ITConfig                           0x080010e3   Thumb Code    74  stm32f10x_usart.o(i.USART_ITConfig)
    USART_Init                               0x0800112d   Thumb Code   210  stm32f10x_usart.o(i.USART_Init)
    USART_ReceiveData                        0x08001205   Thumb Code    10  stm32f10x_usart.o(i.USART_ReceiveData)
    USART_SendData                           0x0800120f   Thumb Code     8  stm32f10x_usart.o(i.USART_SendData)
    USARTsend                                0x08001219   Thumb Code    42  functions.o(i.USARTsend)
    Wheel_Dir_Init                           0x08001249   Thumb Code    66  init.o(i.Wheel_Dir_Init)
    __ARM_fpclassify                         0x08001295   Thumb Code    40  fpclassify.o(i.__ARM_fpclassify)
    __kernel_poly                            0x080012d7   Thumb Code   170  poly.o(i.__kernel_poly)
    __mathlib_dbl_divzero                    0x08001381   Thumb Code    12  dunder.o(i.__mathlib_dbl_divzero)
    __mathlib_dbl_infnan                     0x08001391   Thumb Code     6  dunder.o(i.__mathlib_dbl_infnan)
    __mathlib_dbl_infnan2                    0x08001397   Thumb Code     4  dunder.o(i.__mathlib_dbl_infnan2)
    __mathlib_dbl_invalid                    0x0800139b   Thumb Code    12  dunder.o(i.__mathlib_dbl_invalid)
    __mathlib_dbl_overflow                   0x080013a7   Thumb Code    14  dunder.o(i.__mathlib_dbl_overflow)
    __mathlib_dbl_underflow                  0x080013b5   Thumb Code    10  dunder.o(i.__mathlib_dbl_underflow)
    asin                                     0x080013c5   Thumb Code   572  asin.o(i.asin)
    blinkLight                               0x08001635   Thumb Code    36  functions.o(i.blinkLight)
    checkBallPos                             0x0800165d   Thumb Code    26  main.o(i.checkBallPos)
    checkInGreen                             0x0800168d   Thumb Code    26  main.o(i.checkInGreen)
    check_wifiData                           0x080016b1   Thumb Code  1100  main.o(i.check_wifiData)
    clear_variables                          0x08001b09   Thumb Code    36  main.o(i.clear_variables)
    main                                     0x08001b4d   Thumb Code    60  main.o(i.main)
    move                                     0x08001b91   Thumb Code  1520  main.o(i.move)
    offLight                                 0x080021c9   Thumb Code    14  functions.o(i.offLight)
    onLight                                  0x080021dd   Thumb Code    14  functions.o(i.onLight)
    pow                                      0x080021f1   Thumb Code  2512  pow.o(i.pow)
    powerLeft                                0x08002bc9   Thumb Code    30  functions.o(i.powerLeft)
    powerRight                               0x08002bed   Thumb Code    30  functions.o(i.powerRight)
    setBackwardLeft                          0x08002c11   Thumb Code    14  functions.o(i.setBackwardLeft)
    setBackwardRight                         0x08002c25   Thumb Code    16  functions.o(i.setBackwardRight)
    setForwardLeft                           0x08002c39   Thumb Code    14  functions.o(i.setForwardLeft)
    setForwardRight                          0x08002c4d   Thumb Code    14  functions.o(i.setForwardRight)
    sqrt                                     0x08002c61   Thumb Code    76  sqrt.o(i.sqrt)
    stopMotor                                0x08002cad   Thumb Code    12  functions.o(i.stopMotor)
    __aeabi_d2f                              0x08002cbd   Thumb Code     0  d2f.o(x$fpl$d2f)
    _d2f                                     0x08002cbd   Thumb Code    98  d2f.o(x$fpl$d2f)
    __aeabi_dadd                             0x08002d21   Thumb Code     0  daddsub_clz.o(x$fpl$dadd)
    _dadd                                    0x08002d21   Thumb Code   332  daddsub_clz.o(x$fpl$dadd)
    __fpl_dcheck_NaN1                        0x08002e71   Thumb Code    10  dcheck1.o(x$fpl$dcheck1)
    __fpl_dcmp_Inf                           0x08002e81   Thumb Code    24  dcmpi.o(x$fpl$dcmpinf)
    __aeabi_ddiv                             0x08002e99   Thumb Code     0  ddiv.o(x$fpl$ddiv)
    _ddiv                                    0x08002e99   Thumb Code   552  ddiv.o(x$fpl$ddiv)
    __aeabi_i2d                              0x08003149   Thumb Code     0  dflt_clz.o(x$fpl$dflt)
    _dflt                                    0x08003149   Thumb Code    46  dflt_clz.o(x$fpl$dflt)
    __aeabi_cdcmple                          0x08003179   Thumb Code     0  dleqf.o(x$fpl$dleqf)
    _dcmple                                  0x08003179   Thumb Code   120  dleqf.o(x$fpl$dleqf)
    __fpl_dcmple_InfNaN                      0x080031db   Thumb Code     0  dleqf.o(x$fpl$dleqf)
    __aeabi_dmul                             0x080031f1   Thumb Code     0  dmul.o(x$fpl$dmul)
    _dmul                                    0x080031f1   Thumb Code   332  dmul.o(x$fpl$dmul)
    __fpl_dnaninf                            0x08003345   Thumb Code   156  dnaninf.o(x$fpl$dnaninf)
    __fpl_dretinf                            0x080033e1   Thumb Code    12  dretinf.o(x$fpl$dretinf)
    __aeabi_cdrcmple                         0x080033ed   Thumb Code     0  drleqf.o(x$fpl$drleqf)
    _drcmple                                 0x080033ed   Thumb Code   108  drleqf.o(x$fpl$drleqf)
    __aeabi_drsub                            0x08003459   Thumb Code     0  daddsub_clz.o(x$fpl$drsb)
    _drsb                                    0x08003459   Thumb Code    22  daddsub_clz.o(x$fpl$drsb)
    _dsqrt                                   0x08003471   Thumb Code   456  dsqrt_noumaal.o(x$fpl$dsqrt)
    __aeabi_dsub                             0x0800363d   Thumb Code     0  daddsub_clz.o(x$fpl$dsub)
    _dsub                                    0x0800363d   Thumb Code   464  daddsub_clz.o(x$fpl$dsub)
    __aeabi_fadd                             0x08003811   Thumb Code     0  faddsub_clz.o(x$fpl$fadd)
    _fadd                                    0x08003811   Thumb Code   196  faddsub_clz.o(x$fpl$fadd)
    __aeabi_f2iz                             0x080038d5   Thumb Code     0  ffix.o(x$fpl$ffix)
    _ffix                                    0x080038d5   Thumb Code    54  ffix.o(x$fpl$ffix)
    __aeabi_i2f                              0x0800390d   Thumb Code     0  fflt_clz.o(x$fpl$fflt)
    _fflt                                    0x0800390d   Thumb Code    48  fflt_clz.o(x$fpl$fflt)
    __aeabi_fmul                             0x0800393d   Thumb Code     0  fmul.o(x$fpl$fmul)
    _fmul                                    0x0800393d   Thumb Code   258  fmul.o(x$fpl$fmul)
    __fpl_fnaninf                            0x08003a3f   Thumb Code   140  fnaninf.o(x$fpl$fnaninf)
    __fpl_fretinf                            0x08003acb   Thumb Code    10  fretinf.o(x$fpl$fretinf)
    __aeabi_fsub                             0x08003ad5   Thumb Code     0  faddsub_clz.o(x$fpl$fsub)
    _fsub                                    0x08003ad5   Thumb Code   234  faddsub_clz.o(x$fpl$fsub)
    __fpl_return_NaN                         0x08003bbf   Thumb Code   100  retnan.o(x$fpl$retnan)
    __ARM_scalbn                             0x08003c23   Thumb Code    92  scalbn.o(x$fpl$scalbn)
    __fpl_cmpreturn                          0x08003c7f   Thumb Code    48  trapv.o(x$fpl$trapveneer)
    __I$use$fp                               0x08003cae   Number         0  usenofp.o(x$fpl$usenofp)
    __mathlib_zero                           0x08003d88   Data           8  qnan.o(.constdata)
    Region$$Table$$Base                      0x08003d90   Number         0  anon$$obj.o(Region$$Table)
    Region$$Table$$Limit                     0x08003db0   Number         0  anon$$obj.o(Region$$Table)
    start                                    0x20000000   Data          14  main.o(.data)
    connectWIFI                              0x2000000e   Data          42  main.o(.data)
    getIP                                    0x20000038   Data          11  main.o(.data)
    retrieveData                             0x20000043   Data          33  main.o(.data)
    charPos                                  0x20000064   Data           4  main.o(.data)
    WIFIConnected                            0x20000068   Data           1  main.o(.data)
    dataReceived                             0x20000069   Data           1  main.o(.data)
    state                                    0x2000006c   Data           4  main.o(.data)
    button_pressed                           0x20000070   Data           4  main.o(.data)
    isOn                                     0x20000074   Data           1  main.o(.data)
    shutDown                                 0x20000075   Data           1  main.o(.data)
    startTurn_1                              0x20000076   Data           1  main.o(.data)
    startTurn_2                              0x20000077   Data           1  main.o(.data)
    check_1_pos                              0x20000078   Data           1  main.o(.data)
    check_2_pos                              0x20000079   Data           1  main.o(.data)
    ball_stop                                0x2000007a   Data           1  main.o(.data)
    checkCnt                                 0x2000007c   Data           4  main.o(.data)
    checkPeriod                              0x20000080   Data           4  main.o(.data)
    pos_beforeDelay                          0x20000084   Data           4  main.o(.data)
    pos_afterDelay                           0x20000088   Data           4  main.o(.data)
    turningCnt                               0x2000008c   Data           4  main.o(.data)
    turningPeriod                            0x20000090   Data           4  main.o(.data)
    Kp_forward                               0x20000094   Data           4  main.o(.data)
    Ki_forward                               0x20000098   Data           4  main.o(.data)
    Kd_forward                               0x2000009c   Data           4  main.o(.data)
    Kp_back                                  0x200000a0   Data           4  main.o(.data)
    Ki_back                                  0x200000a4   Data           4  main.o(.data)
    Kd_back                                  0x200000a8   Data           4  main.o(.data)
    PWM_forward                              0x200000ac   Data           4  main.o(.data)
    PWM_back                                 0x200000b0   Data           4  main.o(.data)
    PWM_turn                                 0x200000b4   Data           4  main.o(.data)
    posX                                     0x200000b8   Data           4  main.o(.data)
    posY                                     0x200000bc   Data           4  main.o(.data)
    checked                                  0x200000c0   Data           1  main.o(.data)
    inGreen                                  0x200000c1   Data           1  main.o(.data)
    BBE_X                                    0x200000c4   Data           4  main.o(.data)
    BBE_Y                                    0x200000c8   Data           4  main.o(.data)
    BOE_X                                    0x200000cc   Data           4  main.o(.data)
    BOE_Y                                    0x200000d0   Data           4  main.o(.data)
    BYL_X                                    0x200000d4   Data           4  main.o(.data)
    BYL_Y                                    0x200000d8   Data           4  main.o(.data)
    init_posX                                0x200000dc   Data           4  main.o(.data)
    init_posY                                0x200000e0   Data           4  main.o(.data)
    car_HeadX                                0x200000e4   Data           4  main.o(.data)
    car_HeadY                                0x200000e8   Data           4  main.o(.data)
    car_EndX                                 0x200000ec   Data           4  main.o(.data)
    car_EndY                                 0x200000f0   Data           4  main.o(.data)
    carAngle                                 0x200000f4   Data           4  main.o(.data)
    targetAngle                              0x200000f8   Data           4  main.o(.data)
    error                                    0x200000fc   Data           4  main.o(.data)
    last_error                               0x20000100   Data           4  main.o(.data)
    integral                                 0x20000104   Data           4  main.o(.data)
    derivative                               0x20000108   Data           4  main.o(.data)
    PWM_R                                    0x2000010c   Data           4  main.o(.data)
    PWM_L                                    0x20000110   Data           4  main.o(.data)
    wheel_count_R                            0x20000114   Data           4  main.o(.data)
    wheel_count_L                            0x20000118   Data           4  main.o(.data)
    wifi_data                                0x20000130   Data       10000  main.o(.bss)
    receiveBuffer                            0x20002840   Data         100  main.o(.bss)
    __libspace_start                         0x200028a4   Data          96  libspace.o(.bss)
    __temporary_stack_top$libspace           0x20002904   Data           0  libspace.o(.bss)



==============================================================================

Memory Map of the image

  Image Entry point : 0x080001c9

  Load Region LR_1 (Base: 0x08000000, Size: 0x00003ee0, Max: 0xffffffff, ABSOLUTE, COMPRESSED[0x00003e4c])

    Execution Region ER_RO (Exec base: 0x08000000, Load base: 0x08000000, Size: 0x00003db0, Max: 0xffffffff, ABSOLUTE)

    Exec Addr    Load Addr    Size         Type   Attr      Idx    E Section Name        Object

    0x08000000   0x08000000   0x000000ec   Data   RO         2205    RESET               startup_stm32f10x_md.o
    0x080000ec   0x080000ec   0x00000008   Code   RO         2260  * !!!main             c_w.l(__main.o)
    0x080000f4   0x080000f4   0x00000034   Code   RO         2536    !!!scatter          c_w.l(__scatter.o)
    0x08000128   0x08000128   0x0000005a   Code   RO         2534    !!dczerorl2         c_w.l(__dczerorl2.o)
    0x08000182   0x08000182   0x00000002   PAD
    0x08000184   0x08000184   0x0000001c   Code   RO         2538    !!handler_zi        c_w.l(__scatter_zi.o)
    0x080001a0   0x080001a0   0x00000002   Code   RO         2403    .ARM.Collect$$libinit$$00000000  c_w.l(libinit.o)
    0x080001a2   0x080001a2   0x00000000   Code   RO         2409    .ARM.Collect$$libinit$$00000002  c_w.l(libinit2.o)
    0x080001a2   0x080001a2   0x00000000   Code   RO         2411    .ARM.Collect$$libinit$$00000004  c_w.l(libinit2.o)
    0x080001a2   0x080001a2   0x00000000   Code   RO         2414    .ARM.Collect$$libinit$$0000000A  c_w.l(libinit2.o)
    0x080001a2   0x080001a2   0x00000000   Code   RO         2416    .ARM.Collect$$libinit$$0000000C  c_w.l(libinit2.o)
    0x080001a2   0x080001a2   0x00000000   Code   RO         2418    .ARM.Collect$$libinit$$0000000E  c_w.l(libinit2.o)
    0x080001a2   0x080001a2   0x00000000   Code   RO         2421    .ARM.Collect$$libinit$$00000011  c_w.l(libinit2.o)
    0x080001a2   0x080001a2   0x00000000   Code   RO         2423    .ARM.Collect$$libinit$$00000013  c_w.l(libinit2.o)
    0x080001a2   0x080001a2   0x00000000   Code   RO         2425    .ARM.Collect$$libinit$$00000015  c_w.l(libinit2.o)
    0x080001a2   0x080001a2   0x00000000   Code   RO         2427    .ARM.Collect$$libinit$$00000017  c_w.l(libinit2.o)
    0x080001a2   0x080001a2   0x00000000   Code   RO         2429    .ARM.Collect$$libinit$$00000019  c_w.l(libinit2.o)
    0x080001a2   0x080001a2   0x00000000   Code   RO         2431    .ARM.Collect$$libinit$$0000001B  c_w.l(libinit2.o)
    0x080001a2   0x080001a2   0x00000000   Code   RO         2433    .ARM.Collect$$libinit$$0000001D  c_w.l(libinit2.o)
    0x080001a2   0x080001a2   0x00000000   Code   RO         2435    .ARM.Collect$$libinit$$0000001F  c_w.l(libinit2.o)
    0x080001a2   0x080001a2   0x00000000   Code   RO         2437    .ARM.Collect$$libinit$$00000021  c_w.l(libinit2.o)
    0x080001a2   0x080001a2   0x00000000   Code   RO         2439    .ARM.Collect$$libinit$$00000023  c_w.l(libinit2.o)
    0x080001a2   0x080001a2   0x00000000   Code   RO         2441    .ARM.Collect$$libinit$$00000025  c_w.l(libinit2.o)
    0x080001a2   0x080001a2   0x00000000   Code   RO         2445    .ARM.Collect$$libinit$$0000002C  c_w.l(libinit2.o)
    0x080001a2   0x080001a2   0x00000000   Code   RO         2447    .ARM.Collect$$libinit$$0000002E  c_w.l(libinit2.o)
    0x080001a2   0x080001a2   0x00000000   Code   RO         2449    .ARM.Collect$$libinit$$00000030  c_w.l(libinit2.o)
    0x080001a2   0x080001a2   0x00000000   Code   RO         2451    .ARM.Collect$$libinit$$00000032  c_w.l(libinit2.o)
    0x080001a2   0x080001a2   0x00000002   Code   RO         2452    .ARM.Collect$$libinit$$00000033  c_w.l(libinit2.o)
    0x080001a4   0x080001a4   0x00000002   Code   RO         2474    .ARM.Collect$$libshutdown$$00000000  c_w.l(libshutdown.o)
    0x080001a6   0x080001a6   0x00000000   Code   RO         2487    .ARM.Collect$$libshutdown$$00000002  c_w.l(libshutdown2.o)
    0x080001a6   0x080001a6   0x00000000   Code   RO         2489    .ARM.Collect$$libshutdown$$00000004  c_w.l(libshutdown2.o)
    0x080001a6   0x080001a6   0x00000000   Code   RO         2492    .ARM.Collect$$libshutdown$$00000007  c_w.l(libshutdown2.o)
    0x080001a6   0x080001a6   0x00000000   Code   RO         2495    .ARM.Collect$$libshutdown$$0000000A  c_w.l(libshutdown2.o)
    0x080001a6   0x080001a6   0x00000000   Code   RO         2497    .ARM.Collect$$libshutdown$$0000000C  c_w.l(libshutdown2.o)
    0x080001a6   0x080001a6   0x00000000   Code   RO         2500    .ARM.Collect$$libshutdown$$0000000F  c_w.l(libshutdown2.o)
    0x080001a6   0x080001a6   0x00000002   Code   RO         2501    .ARM.Collect$$libshutdown$$00000010  c_w.l(libshutdown2.o)
    0x080001a8   0x080001a8   0x00000000   Code   RO         2328    .ARM.Collect$$rtentry$$00000000  c_w.l(__rtentry.o)
    0x080001a8   0x080001a8   0x00000000   Code   RO         2368    .ARM.Collect$$rtentry$$00000002  c_w.l(__rtentry2.o)
    0x080001a8   0x080001a8   0x00000006   Code   RO         2380    .ARM.Collect$$rtentry$$00000004  c_w.l(__rtentry4.o)
    0x080001ae   0x080001ae   0x00000000   Code   RO         2370    .ARM.Collect$$rtentry$$00000009  c_w.l(__rtentry2.o)
    0x080001ae   0x080001ae   0x00000004   Code   RO         2371    .ARM.Collect$$rtentry$$0000000A  c_w.l(__rtentry2.o)
    0x080001b2   0x080001b2   0x00000000   Code   RO         2373    .ARM.Collect$$rtentry$$0000000C  c_w.l(__rtentry2.o)
    0x080001b2   0x080001b2   0x00000008   Code   RO         2374    .ARM.Collect$$rtentry$$0000000D  c_w.l(__rtentry2.o)
    0x080001ba   0x080001ba   0x00000002   Code   RO         2406    .ARM.Collect$$rtexit$$00000000  c_w.l(rtexit.o)
    0x080001bc   0x080001bc   0x00000000   Code   RO         2456    .ARM.Collect$$rtexit$$00000002  c_w.l(rtexit2.o)
    0x080001bc   0x080001bc   0x00000004   Code   RO         2457    .ARM.Collect$$rtexit$$00000003  c_w.l(rtexit2.o)
    0x080001c0   0x080001c0   0x00000006   Code   RO         2458    .ARM.Collect$$rtexit$$00000004  c_w.l(rtexit2.o)
    0x080001c6   0x080001c6   0x00000002   PAD
    0x080001c8   0x080001c8   0x00000040   Code   RO         2206  * .text               startup_stm32f10x_md.o
    0x08000208   0x08000208   0x00000006   Code   RO         2258    .text               c_w.l(heapauxi.o)
    0x0800020e   0x0800020e   0x00000016   Code   RO         2329    .text               c_w.l(_rserrno.o)
    0x08000224   0x08000224   0x00000008   Code   RO         2385    .text               c_w.l(rt_errno_addr_intlibspace.o)
    0x0800022c   0x0800022c   0x00000008   Code   RO         2391    .text               c_w.l(libspace.o)
    0x08000234   0x08000234   0x0000004a   Code   RO         2394    .text               c_w.l(sys_stackheap_outer.o)
    0x0800027e   0x0800027e   0x00000012   Code   RO         2396    .text               c_w.l(exit.o)
    0x08000290   0x08000290   0x0000000c   Code   RO         2466    .text               c_w.l(sys_exit.o)
    0x0800029c   0x0800029c   0x00000002   Code   RO         2477    .text               c_w.l(use_no_semi.o)
    0x0800029e   0x0800029e   0x00000000   Code   RO         2479    .text               c_w.l(indicate_semi.o)
    0x0800029e   0x0800029e   0x00000002   PAD
    0x080002a0   0x080002a0   0x00000058   Code   RO          165    i.Button_init       init.o
    0x080002f8   0x080002f8   0x00000020   Code   RO            4    i.EXTI1_IRQHandler  main.o
    0x08000318   0x08000318   0x00000084   Code   RO            5    i.EXTI9_5_IRQHandler  main.o
    0x0800039c   0x0800039c   0x0000000c   Code   RO          793    i.EXTI_ClearITPendingBit  stm32f10x_exti.o
    0x080003a8   0x080003a8   0x00000028   Code   RO          797    i.EXTI_GetITStatus  stm32f10x_exti.o
    0x080003d0   0x080003d0   0x00000094   Code   RO          798    i.EXTI_Init         stm32f10x_exti.o
    0x08000464   0x08000464   0x00000040   Code   RO          861    i.GPIO_EXTILineConfig  stm32f10x_gpio.o
    0x080004a4   0x080004a4   0x00000116   Code   RO          864    i.GPIO_Init         stm32f10x_gpio.o
    0x080005ba   0x080005ba   0x00000012   Code   RO          870    i.GPIO_ReadOutputDataBit  stm32f10x_gpio.o
    0x080005cc   0x080005cc   0x0000000a   Code   RO          875    i.GPIO_WriteBit     stm32f10x_gpio.o
    0x080005d6   0x080005d6   0x0000001e   Code   RO          246    i.Hex2Dec           functions.o
    0x080005f4   0x080005f4   0x00000068   Code   RO          166    i.Left_Wheel_Cnt_init  init.o
    0x0800065c   0x0800065c   0x00000070   Code   RO          336    i.NVIC_Init         misc.o
    0x080006cc   0x080006cc   0x0000002c   Code   RO          167    i.OnBoard_lED_Init  init.o
    0x080006f8   0x080006f8   0x00000020   Code   RO          986    i.RCC_APB1PeriphClockCmd  stm32f10x_rcc.o
    0x08000718   0x08000718   0x00000020   Code   RO          988    i.RCC_APB2PeriphClockCmd  stm32f10x_rcc.o
    0x08000738   0x08000738   0x000000d4   Code   RO          996    i.RCC_GetClocksFreq  stm32f10x_rcc.o
    0x0800080c   0x0800080c   0x00000068   Code   RO          168    i.Right_Wheel_Cnt_init  init.o
    0x08000874   0x08000874   0x000000a8   Code   RO          169    i.SPI2_init         init.o
    0x0800091c   0x0800091c   0x00000018   Code   RO         1303    i.SPI_Cmd           stm32f10x_spi.o
    0x08000934   0x08000934   0x0000003c   Code   RO         1316    i.SPI_Init          stm32f10x_spi.o
    0x08000970   0x08000970   0x00000008   Code   RO         2213    i.SetSysClock       system_stm32f10x.o
    0x08000978   0x08000978   0x000000e0   Code   RO         2214    i.SetSysClockTo72   system_stm32f10x.o
    0x08000a58   0x08000a58   0x00000060   Code   RO         2216    i.SystemInit        system_stm32f10x.o
    0x08000ab8   0x08000ab8   0x00000140   Code   RO            6    i.TIM2_IRQHandler   main.o
    0x08000bf8   0x08000bf8   0x0000004e   Code   RO          170    i.TIM2_Init         init.o
    0x08000c46   0x08000c46   0x00000002   PAD
    0x08000c48   0x08000c48   0x000000d4   Code   RO          171    i.TIM3_CH12_PWM_init  init.o
    0x08000d1c   0x08000d1c   0x00000006   Code   RO         1465    i.TIM_ClearITPendingBit  stm32f10x_tim.o
    0x08000d22   0x08000d22   0x00000018   Code   RO         1470    i.TIM_Cmd           stm32f10x_tim.o
    0x08000d3a   0x08000d3a   0x00000022   Code   RO         1491    i.TIM_GetITStatus   stm32f10x_tim.o
    0x08000d5c   0x08000d5c   0x00000012   Code   RO         1495    i.TIM_ITConfig      stm32f10x_tim.o
    0x08000d6e   0x08000d6e   0x00000002   PAD
    0x08000d70   0x08000d70   0x00000098   Code   RO         1499    i.TIM_OC1Init       stm32f10x_tim.o
    0x08000e08   0x08000e08   0x00000012   Code   RO         1502    i.TIM_OC1PreloadConfig  stm32f10x_tim.o
    0x08000e1a   0x08000e1a   0x00000002   PAD
    0x08000e1c   0x08000e1c   0x000000a4   Code   RO         1504    i.TIM_OC2Init       stm32f10x_tim.o
    0x08000ec0   0x08000ec0   0x0000001a   Code   RO         1507    i.TIM_OC2PreloadConfig  stm32f10x_tim.o
    0x08000eda   0x08000eda   0x00000002   PAD
    0x08000edc   0x08000edc   0x000000a4   Code   RO         1541    i.TIM_TimeBaseInit  stm32f10x_tim.o
    0x08000f80   0x08000f80   0x00000038   Code   RO            7    i.USART2_IRQHandler  main.o
    0x08000fb8   0x08000fb8   0x000000a4   Code   RO          172    i.USART2_init       init.o
    0x0800105c   0x0800105c   0x00000018   Code   RO         2018    i.USART_Cmd         stm32f10x_usart.o
    0x08001074   0x08001074   0x0000001a   Code   RO         2021    i.USART_GetFlagStatus  stm32f10x_usart.o
    0x0800108e   0x0800108e   0x00000054   Code   RO         2022    i.USART_GetITStatus  stm32f10x_usart.o
    0x080010e2   0x080010e2   0x0000004a   Code   RO         2024    i.USART_ITConfig    stm32f10x_usart.o
    0x0800112c   0x0800112c   0x000000d8   Code   RO         2025    i.USART_Init        stm32f10x_usart.o
    0x08001204   0x08001204   0x0000000a   Code   RO         2032    i.USART_ReceiveData  stm32f10x_usart.o
    0x0800120e   0x0800120e   0x00000008   Code   RO         2035    i.USART_SendData    stm32f10x_usart.o
    0x08001216   0x08001216   0x00000002   PAD
    0x08001218   0x08001218   0x00000030   Code   RO          247    i.USARTsend         functions.o
    0x08001248   0x08001248   0x0000004c   Code   RO          173    i.Wheel_Dir_Init    init.o
    0x08001294   0x08001294   0x00000028   Code   RO         2362    i.__ARM_fpclassify  m_ws.l(fpclassify.o)
    0x080012bc   0x080012bc   0x0000001a   Code   RO          174    i.__NVIC_EnableIRQ  init.o
    0x080012d6   0x080012d6   0x000000aa   Code   RO         2364    i.__kernel_poly     m_ws.l(poly.o)
    0x08001380   0x08001380   0x00000010   Code   RO         2348    i.__mathlib_dbl_divzero  m_ws.l(dunder.o)
    0x08001390   0x08001390   0x00000006   Code   RO         2349    i.__mathlib_dbl_infnan  m_ws.l(dunder.o)
    0x08001396   0x08001396   0x00000004   Code   RO         2350    i.__mathlib_dbl_infnan2  m_ws.l(dunder.o)
    0x0800139a   0x0800139a   0x0000000c   Code   RO         2351    i.__mathlib_dbl_invalid  m_ws.l(dunder.o)
    0x080013a6   0x080013a6   0x0000000e   Code   RO         2352    i.__mathlib_dbl_overflow  m_ws.l(dunder.o)
    0x080013b4   0x080013b4   0x00000010   Code   RO         2354    i.__mathlib_dbl_underflow  m_ws.l(dunder.o)
    0x080013c4   0x080013c4   0x00000270   Code   RO         2301    i.asin              m_ws.l(asin.o)
    0x08001634   0x08001634   0x00000028   Code   RO          248    i.blinkLight        functions.o
    0x0800165c   0x0800165c   0x00000030   Code   RO            8    i.checkBallPos      main.o
    0x0800168c   0x0800168c   0x00000024   Code   RO            9    i.checkInGreen      main.o
    0x080016b0   0x080016b0   0x00000458   Code   RO           10    i.check_wifiData    main.o
    0x08001b08   0x08001b08   0x00000044   Code   RO           11    i.clear_variables   main.o
    0x08001b4c   0x08001b4c   0x00000044   Code   RO           12    i.main              main.o
    0x08001b90   0x08001b90   0x00000638   Code   RO           13    i.move              main.o
    0x080021c8   0x080021c8   0x00000014   Code   RO          249    i.offLight          functions.o
    0x080021dc   0x080021dc   0x00000014   Code   RO          250    i.onLight           functions.o
    0x080021f0   0x080021f0   0x000009d8   Code   RO         2311    i.pow               m_ws.l(pow.o)
    0x08002bc8   0x08002bc8   0x00000024   Code   RO          251    i.powerLeft         functions.o
    0x08002bec   0x08002bec   0x00000024   Code   RO          252    i.powerRight        functions.o
    0x08002c10   0x08002c10   0x00000014   Code   RO          253    i.setBackwardLeft   functions.o
    0x08002c24   0x08002c24   0x00000014   Code   RO          254    i.setBackwardRight  functions.o
    0x08002c38   0x08002c38   0x00000014   Code   RO          255    i.setForwardLeft    functions.o
    0x08002c4c   0x08002c4c   0x00000014   Code   RO          256    i.setForwardRight   functions.o
    0x08002c60   0x08002c60   0x0000004c   Code   RO         2321    i.sqrt              m_ws.l(sqrt.o)
    0x08002cac   0x08002cac   0x00000010   Code   RO          257    i.stopMotor         functions.o
    0x08002cbc   0x08002cbc   0x00000062   Code   RO         2262    x$fpl$d2f           fz_ws.l(d2f.o)
    0x08002d1e   0x08002d1e   0x00000002   PAD
    0x08002d20   0x08002d20   0x00000150   Code   RO         2264    x$fpl$dadd          fz_ws.l(daddsub_clz.o)
    0x08002e70   0x08002e70   0x00000010   Code   RO         2387    x$fpl$dcheck1       fz_ws.l(dcheck1.o)
    0x08002e80   0x08002e80   0x00000018   Code   RO         2389    x$fpl$dcmpinf       fz_ws.l(dcmpi.o)
    0x08002e98   0x08002e98   0x000002b0   Code   RO         2271    x$fpl$ddiv          fz_ws.l(ddiv.o)
    0x08003148   0x08003148   0x0000002e   Code   RO         2275    x$fpl$dflt          fz_ws.l(dflt_clz.o)
    0x08003176   0x08003176   0x00000002   PAD
    0x08003178   0x08003178   0x00000078   Code   RO         2331    x$fpl$dleqf         fz_ws.l(dleqf.o)
    0x080031f0   0x080031f0   0x00000154   Code   RO         2280    x$fpl$dmul          fz_ws.l(dmul.o)
    0x08003344   0x08003344   0x0000009c   Code   RO         2333    x$fpl$dnaninf       fz_ws.l(dnaninf.o)
    0x080033e0   0x080033e0   0x0000000c   Code   RO         2335    x$fpl$dretinf       fz_ws.l(dretinf.o)
    0x080033ec   0x080033ec   0x0000006c   Code   RO         2337    x$fpl$drleqf        fz_ws.l(drleqf.o)
    0x08003458   0x08003458   0x00000016   Code   RO         2265    x$fpl$drsb          fz_ws.l(daddsub_clz.o)
    0x0800346e   0x0800346e   0x00000002   PAD
    0x08003470   0x08003470   0x000001cc   Code   RO         2339    x$fpl$dsqrt         fz_ws.l(dsqrt_noumaal.o)
    0x0800363c   0x0800363c   0x000001d4   Code   RO         2266    x$fpl$dsub          fz_ws.l(daddsub_clz.o)
    0x08003810   0x08003810   0x000000c4   Code   RO         2282    x$fpl$fadd          fz_ws.l(faddsub_clz.o)
    0x080038d4   0x080038d4   0x00000036   Code   RO         2288    x$fpl$ffix          fz_ws.l(ffix.o)
    0x0800390a   0x0800390a   0x00000002   PAD
    0x0800390c   0x0800390c   0x00000030   Code   RO         2293    x$fpl$fflt          fz_ws.l(fflt_clz.o)
    0x0800393c   0x0800393c   0x00000102   Code   RO         2298    x$fpl$fmul          fz_ws.l(fmul.o)
    0x08003a3e   0x08003a3e   0x0000008c   Code   RO         2341    x$fpl$fnaninf       fz_ws.l(fnaninf.o)
    0x08003aca   0x08003aca   0x0000000a   Code   RO         2343    x$fpl$fretinf       fz_ws.l(fretinf.o)
    0x08003ad4   0x08003ad4   0x000000ea   Code   RO         2284    x$fpl$fsub          fz_ws.l(faddsub_clz.o)
    0x08003bbe   0x08003bbe   0x00000064   Code   RO         2404    x$fpl$retnan        fz_ws.l(retnan.o)
    0x08003c22   0x08003c22   0x0000005c   Code   RO         2345    x$fpl$scalbn        fz_ws.l(scalbn.o)
    0x08003c7e   0x08003c7e   0x00000030   Code   RO         2453    x$fpl$trapveneer    fz_ws.l(trapv.o)
    0x08003cae   0x08003cae   0x00000000   Code   RO         2347    x$fpl$usenofp       fz_ws.l(usenofp.o)
    0x08003cae   0x08003cae   0x00000002   PAD
    0x08003cb0   0x08003cb0   0x00000050   Data   RO         2302    .constdata          m_ws.l(asin.o)
    0x08003d00   0x08003d00   0x00000088   Data   RO         2312    .constdata          m_ws.l(pow.o)
    0x08003d88   0x08003d88   0x00000008   Data   RO         2366    .constdata          m_ws.l(qnan.o)
    0x08003d90   0x08003d90   0x00000020   Data   RO         2532    Region$$Table       anon$$obj.o


    Execution Region ER_RW (Exec base: 0x20000000, Load base: 0x08003db0, Size: 0x00000130, Max: 0xffffffff, ABSOLUTE, COMPRESSED[0x0000009c])

    Exec Addr    Load Addr    Size         Type   Attr      Idx    E Section Name        Object

    0x20000000   COMPRESSED   0x0000011c   Data   RW           15    .data               main.o
    0x2000011c   COMPRESSED   0x00000014   Data   RW         1016    .data               stm32f10x_rcc.o


    Execution Region ER_ZI (Exec base: 0x20000130, Load base: 0x08003e4c, Size: 0x00002dd8, Max: 0xffffffff, ABSOLUTE)

    Exec Addr    Load Addr    Size         Type   Attr      Idx    E Section Name        Object

    0x20000130        -       0x00002774   Zero   RW           14    .bss                main.o
    0x200028a4        -       0x00000060   Zero   RW         2392    .bss                c_w.l(libspace.o)
    0x20002904   0x08003e4c   0x00000004   PAD
    0x20002908        -       0x00000200   Zero   RW         2204    HEAP                startup_stm32f10x_md.o
    0x20002b08        -       0x00000400   Zero   RW         2203    STACK               startup_stm32f10x_md.o


==============================================================================

Image component sizes


      Code (inc. data)   RO Data    RW Data    ZI Data      Debug   Object Name

       326         60          0          0          0       5357   functions.o
      1064         58          0          0          0      30469   init.o
      3464        434          0        284      10100     269278   main.o
       112         12          0          0          0       1248   misc.o
        64         26        236          0       1536        824   startup_stm32f10x_md.o
       200         18          0          0          0       2392   stm32f10x_exti.o
       370          4          0          0          0       4091   stm32f10x_gpio.o
       276         32          0         20          0       4702   stm32f10x_rcc.o
        84          0          0          0          0       2385   stm32f10x_spi.o
       606         72          0          0          0       6632   stm32f10x_tim.o
       442          6          0          0          0       6561   stm32f10x_usart.o
       328         28          0          0          0       2125   system_stm32f10x.o

    ----------------------------------------------------------------------
      7346        750        268        304      11636     336064   Object Totals
         0          0         32          0          0          0   (incl. Generated)
        10          0          0          0          0          0   (incl. Padding)

    ----------------------------------------------------------------------

      Code (inc. data)   RO Data    RW Data    ZI Data      Debug   Library Member Name

        90          0          0          0          0          0   __dczerorl2.o
         8          0          0          0          0         68   __main.o
         0          0          0          0          0          0   __rtentry.o
        12          0          0          0          0          0   __rtentry2.o
         6          0          0          0          0          0   __rtentry4.o
        52          8          0          0          0          0   __scatter.o
        28          0          0          0          0          0   __scatter_zi.o
        22          0          0          0          0        100   _rserrno.o
        18          0          0          0          0         80   exit.o
         6          0          0          0          0        152   heapauxi.o
         0          0          0          0          0          0   indicate_semi.o
         2          0          0          0          0          0   libinit.o
         2          0          0          0          0          0   libinit2.o
         2          0          0          0          0          0   libshutdown.o
         2          0          0          0          0          0   libshutdown2.o
         8          4          0          0         96         68   libspace.o
         8          4          0          0          0         68   rt_errno_addr_intlibspace.o
         2          0          0          0          0          0   rtexit.o
        10          0          0          0          0          0   rtexit2.o
        12          4          0          0          0         68   sys_exit.o
        74          0          0          0          0         80   sys_stackheap_outer.o
         2          0          0          0          0         68   use_no_semi.o
        98          4          0          0          0         92   d2f.o
       826         16          0          0          0        348   daddsub_clz.o
        16          4          0          0          0         68   dcheck1.o
        24          0          0          0          0         68   dcmpi.o
       688        140          0          0          0        208   ddiv.o
        46          0          0          0          0         68   dflt_clz.o
       120          4          0          0          0         92   dleqf.o
       340         12          0          0          0        104   dmul.o
       156          4          0          0          0         92   dnaninf.o
        12          0          0          0          0         68   dretinf.o
       108          0          0          0          0         80   drleqf.o
       460         56          0          0          0        120   dsqrt_noumaal.o
       430          8          0          0          0        168   faddsub_clz.o
        54          4          0          0          0         84   ffix.o
        48          0          0          0          0         68   fflt_clz.o
       258          4          0          0          0         84   fmul.o
       140          4          0          0          0         84   fnaninf.o
        10          0          0          0          0         68   fretinf.o
       100          0          0          0          0         68   retnan.o
        92          0          0          0          0         68   scalbn.o
        48          0          0          0          0         68   trapv.o
         0          0          0          0          0          0   usenofp.o
       624         52         80          0          0        168   asin.o
        68         10          0          0          0        408   dunder.o
        40          0          0          0          0         68   fpclassify.o
       170          0          0          0          0         96   poly.o
      2520        190        136          0          0        324   pow.o
         0          0          8          0          0          0   qnan.o
        76          0          0          0          0         84   sqrt.o

    ----------------------------------------------------------------------
      7954        532        224          0        100       4068   Library Totals
        16          0          0          0          4          0   (incl. Padding)

    ----------------------------------------------------------------------

      Code (inc. data)   RO Data    RW Data    ZI Data      Debug   Library Name

       366         20          0          0         96        752   c_w.l
      4074        260          0          0          0       2168   fz_ws.l
      3498        252        224          0          0       1148   m_ws.l

    ----------------------------------------------------------------------
      7954        532        224          0        100       4068   Library Totals

    ----------------------------------------------------------------------

==============================================================================


      Code (inc. data)   RO Data    RW Data    ZI Data      Debug   

     15300       1282        492        304      11736     334876   Grand Totals
     15300       1282        492        156      11736     334876   ELF Image Totals (compressed)
     15300       1282        492        156          0          0   ROM Totals

==============================================================================

    Total RO  Size (Code + RO Data)                15792 (  15.42kB)
    Total RW  Size (RW Data + ZI Data)             12040 (  11.76kB)
    Total ROM Size (Code + RO Data + RW Data)      15948 (  15.57kB)

==============================================================================

